[16:40:56] device=cuda (GPU used by deep model: True)
[16:40:56] [WESAD] subjects=15  window=60s stride=30s @ 700Hz
X:\dev\Empathic\src\empathic\data\wesad.py:444: VisibleDeprecationWarning: dtype(): align should be passed as Python or NumPy boolean but got `align=0`. Did you mean to pass a tuple to create a subarray type? (Deprecated NumPy 2.4)
  data = pickle.load(fh, encoding="latin1")
[16:41:08] [WESAD] S10: windows=103  intervals=8
[16:41:18] [WESAD] S11: windows=102  intervals=8
[16:41:30] [WESAD] S13: windows=102  intervals=7
[16:41:41] [WESAD] S14: windows=102  intervals=8
[16:41:51] [WESAD] S15: windows=101  intervals=6
[16:42:02] [WESAD] S16: windows=99  intervals=8
[16:42:13] [WESAD] S17: windows=100  intervals=8
[16:42:24] [WESAD] S2: windows=96  intervals=7
[16:42:36] [WESAD] S3: windows=99  intervals=7
[16:42:47] [WESAD] S4: windows=99  intervals=7
[16:42:57] [WESAD] S5: windows=99  intervals=8
Traceback (most recent call last):
  File "X:\dev\Empathic\train.py", line 114, in <module>
    raise SystemExit(main())
                     ~~~~^^
  File "X:\dev\Empathic\train.py", line 75, in main
    bundles = build_bundles(
        args.datasets,
    ...<5 lines>...
        emosurv_stride=args.emosurv_stride,
    )
  File "X:\dev\Empathic\src\empathic\data\unified.py", line 191, in build_bundles
    data = load_wesad(quick=quick, normalization=wesad_normalization, verbose=verbose)
  File "X:\dev\Empathic\src\empathic\data\wesad.py", line 444, in load_wesad
    data = pickle.load(fh, encoding="latin1")
MemoryError
