[14:27:11] device=cuda (GPU used by deep model: True)
[14:27:11] [WESAD] subjects=6  window=60s stride=30s @ 700Hz
X:\dev\Empathic\src\empathic\data\wesad.py:444: VisibleDeprecationWarning: dtype(): align should be passed as Python or NumPy boolean but got `align=0`. Did you mean to pass a tuple to create a subarray type? (Deprecated NumPy 2.4)
  data = pickle.load(fh, encoding="latin1")
[14:27:16] [WESAD] S10: windows=103  intervals=8
[14:27:21] [WESAD] S11: windows=102  intervals=8
[14:27:25] [WESAD] S13: windows=102  intervals=7
[14:27:30] [WESAD] S14: windows=102  intervals=8
[14:27:35] [WESAD] S15: windows=101  intervals=6
[14:27:40] [WESAD] S16: windows=99  intervals=8
[14:27:40] [WESAD] samples=609  features=89  subjects=6  dim_with_va=586  seq_norm=zscore  baseline_corrected=609
[14:27:40] === WESAD / target=valence ===
[14:27:40]   samples=609  subjects=6  labels=['LV', 'HV']
[14:27:40]   feature_cols=89  seq_shape=(609, 240, 8)
[14:27:40] --- LOSO [Baseline] ---
[14:27:40]   [Baseline] subject=S10  acc=0.233  f1=0.189
[14:27:40]   [Baseline] subject=S11  acc=0.225  f1=0.184
[14:27:40]   [Baseline] subject=S13  acc=0.216  f1=0.177
[14:27:40]   [Baseline] subject=S14  acc=0.216  f1=0.177
[14:27:40]   [Baseline] subject=S15  acc=0.228  f1=0.185
[14:27:40]   [Baseline] subject=S16  acc=0.222  f1=0.182
[14:27:40] --- LOSO [RandomForest] ---
[14:27:41]   [RandomForest] subject=S10  acc=0.990  f1=0.987
[14:27:41]   [RandomForest] subject=S11  acc=1.000  f1=1.000
[14:27:42]   [RandomForest] subject=S13  acc=0.971  f1=0.954
[14:27:43]   [RandomForest] subject=S14  acc=0.873  f1=0.838
[14:27:43]   [RandomForest] subject=S15  acc=0.990  f1=0.986
[14:27:44]   [RandomForest] subject=S16  acc=1.000  f1=1.000
[14:27:44] --- LOSO [LogisticRegression] ---
[14:27:44]   [LogisticRegression] subject=S10  acc=0.990  f1=0.987
[14:27:44]   [LogisticRegression] subject=S11  acc=0.980  f1=0.972
[14:27:44]   [LogisticRegression] subject=S13  acc=1.000  f1=1.000
[14:27:44]   [LogisticRegression] subject=S14  acc=0.892  f1=0.863
[14:27:44]   [LogisticRegression] subject=S15  acc=0.941  f1=0.913
[14:27:44]   [LogisticRegression] subject=S16  acc=1.000  f1=1.000
[14:27:44] --- LOSO [XGBoost] ---
X:\dev\Empathic\.venv\Lib\site-packages\xgboost\core.py:751: UserWarning: [14:27:45] WARNING: C:\actions-runner\_work\xgboost\xgboost\src\common\error_msg.cc:62: Falling back to prediction using DMatrix due to mismatched devices. This might lead to higher memory usage and slower performance. XGBoost is running on: cuda:0, while the input data is on: cpu.
Potential solutions:
- Use a data structure that matches the device ordinal in the booster.
- Set the device for booster before call to inplace_predict.

This warning will only be shown once.

  return func(**kwargs)
[14:27:45]   [XGBoost] subject=S10  acc=0.990  f1=0.987
[14:27:46]   [XGBoost] subject=S11  acc=1.000  f1=1.000
[14:27:46]   [XGBoost] subject=S13  acc=0.971  f1=0.954
[14:27:46]   [XGBoost] subject=S14  acc=0.971  f1=0.959
[14:27:47]   [XGBoost] subject=S15  acc=0.970  f1=0.957
[14:27:47]   [XGBoost] subject=S16  acc=1.000  f1=1.000
[14:27:47] [ensemble] built 'Ensemble_RandomForest+XGBoost+LogisticRegression' over 3 members  acc=0.975  f1=0.965
[14:27:49] Saved results to results\emotion\wesad_smoke\wesad\valence
