[19:01:44] device=cuda (GPU used by deep model: True)
[19:01:44] [WESAD] subjects=6  window=60s stride=30s @ 700Hz
X:\dev\Empathic\src\empathic\data\wesad.py:444: VisibleDeprecationWarning: dtype(): align should be passed as Python or NumPy boolean but got `align=0`. Did you mean to pass a tuple to create a subarray type? (Deprecated NumPy 2.4)
  data = pickle.load(fh, encoding="latin1")
[19:01:54] [WESAD] S10: windows=103  intervals=8
[19:02:04] [WESAD] S11: windows=102  intervals=8
[19:02:14] [WESAD] S13: windows=102  intervals=7
[19:02:24] [WESAD] S14: windows=102  intervals=8
[19:02:33] [WESAD] S15: windows=101  intervals=6
[19:02:43] [WESAD] S16: windows=99  intervals=8
[19:02:43] [WESAD] samples=609  features=89  subjects=6  dim_with_va=586  seq_norm=zscore  baseline_corrected=609
[19:02:43] === WESAD / target=valence ===
[19:02:43]   samples=609  subjects=6  labels=['LV', 'HV']
[19:02:43]   feature_cols=89  seq_shape=(609, 240, 8)
[19:02:43] --- LOSO [tiny_tcn] ---
[19:02:46]   [tiny_tcn_fusion] subject=S10  acc=0.990  f1=0.987
[19:02:46]   [tiny_tcn_fusion] subject=S11  acc=0.990  f1=0.986
[19:02:46]   [tiny_tcn_fusion] subject=S13  acc=1.000  f1=1.000
[19:02:47]   [tiny_tcn_fusion] subject=S14  acc=0.706  f1=0.682
[19:02:47]   [tiny_tcn_fusion] subject=S15  acc=0.891  f1=0.866
[19:02:47]   [tiny_tcn_fusion] subject=S16  acc=0.879  f1=0.851
[19:02:48] Saved results to results\emotion\smoke_v5\wesad\valence
