[emowork/train_all] loading bundle ...
[20:54:43] [EmoWork] cache hit: C:\dev\datasets\.cache\emowork\emowork_696b6c1bfd8d.pkl  samples=625
[emowork/train_all] bundle ready in 0.1s (samples=625, subjects=31)

######################################################################
# TARGET = valence
######################################################################
[20:54:43] === EMOWORK / target=valence ===
[20:54:43]   samples=625  subjects=31  labels=['LV', 'HV']
[20:54:43]   feature_cols=149  seq_shape=(625, 240, 12)
[20:54:43]   [label-variance] target=valence labels=['LV', 'HV']
[20:54:43]   [label-variance] multi-class subjects: 20/31 -> usable for LOSO evaluation
[20:54:43]   [label-variance] single-class subjects (11): ['P02', 'P03', 'P04', 'P07', 'P09', 'P10', 'P11', 'P14', 'P28', 'P29', 'P30'] -> excluded from per-fold metrics
[20:54:43] --- LOSO [Baseline] ---
[20:54:43]   [Baseline] subject=P01  acc=0.095  f1=0.087
[20:54:43]   [Baseline] subject=P02  SKIP (single-class test)
[20:54:43]   [Baseline] subject=P03  SKIP (single-class test)
[20:54:43]   [Baseline] subject=P04  SKIP (single-class test)
[20:54:43]   [Baseline] subject=P05  acc=0.944  f1=0.486
[20:54:43]   [Baseline] subject=P06  acc=0.900  f1=0.474
[20:54:43]   [Baseline] subject=P07  SKIP (single-class test)
[20:54:43]   [Baseline] subject=P08  acc=0.950  f1=0.487
[20:54:43]   [Baseline] subject=P09  SKIP (single-class test)
[20:54:43]   [Baseline] subject=P10  SKIP (single-class test)
[20:54:43]   [Baseline] subject=P11  SKIP (single-class test)
[20:54:43]   [Baseline] subject=P12  acc=0.737  f1=0.424
[20:54:43]   [Baseline] subject=P13  acc=0.429  f1=0.300
[20:54:43]   [Baseline] subject=P14  SKIP (single-class test)
[20:54:43]   [Baseline] subject=P15  acc=0.800  f1=0.444
[20:54:43]   [Baseline] subject=P16  acc=0.650  f1=0.394
[20:54:43]   [Baseline] subject=P17  acc=0.952  f1=0.488
[20:54:43]   [Baseline] subject=P18  acc=0.900  f1=0.474
[20:54:43]   [Baseline] subject=P19  acc=0.800  f1=0.444
[20:54:43]   [Baseline] subject=P20  acc=0.762  f1=0.432
[20:54:43]   [Baseline] subject=P21  acc=0.950  f1=0.487
[20:54:43]   [Baseline] subject=P22  acc=0.952  f1=0.488
[20:54:43]   [Baseline] subject=P23  acc=0.619  f1=0.382
[20:54:43]   [Baseline] subject=P24  acc=0.762  f1=0.432
[20:54:43]   [Baseline] subject=P25  acc=0.952  f1=0.488
[20:54:43]   [Baseline] subject=P26  acc=0.762  f1=0.432
[20:54:43]   [Baseline] subject=P27  acc=0.955  f1=0.488
[20:54:43]   [Baseline] subject=P28  SKIP (single-class test)
[20:54:43]   [Baseline] subject=P29  SKIP (single-class test)
[20:54:43]   [Baseline] subject=P30  SKIP (single-class test)
[20:54:43]   [Baseline] subject=P31  acc=0.913  f1=0.477
[20:54:43] --- LOSO [RandomForest] ---
[20:54:44]   [RandomForest] subject=P01  acc=0.143  f1=0.141
[20:54:44]   [RandomForest] subject=P02  SKIP (single-class test)
[20:54:44]   [RandomForest] subject=P03  SKIP (single-class test)
[20:54:44]   [RandomForest] subject=P04  SKIP (single-class test)
[20:54:44]   [RandomForest] subject=P05  acc=1.000  f1=1.000
[20:54:45]   [RandomForest] subject=P06  acc=0.900  f1=0.474
[20:54:45]   [RandomForest] subject=P07  SKIP (single-class test)
[20:54:45]   [RandomForest] subject=P08  acc=1.000  f1=1.000
[20:54:45]   [RandomForest] subject=P09  SKIP (single-class test)
[20:54:45]   [RandomForest] subject=P10  SKIP (single-class test)
[20:54:45]   [RandomForest] subject=P11  SKIP (single-class test)
[20:54:46]   [RandomForest] subject=P12  acc=0.737  f1=0.424
[20:54:47]   [RandomForest] subject=P13  acc=0.429  f1=0.300
[20:54:47]   [RandomForest] subject=P14  SKIP (single-class test)
[20:54:47]   [RandomForest] subject=P15  acc=0.800  f1=0.444
[20:54:48]   [RandomForest] subject=P16  acc=0.700  f1=0.531
[20:54:48]   [RandomForest] subject=P17  acc=0.952  f1=0.488
[20:54:49]   [RandomForest] subject=P18  acc=0.900  f1=0.474
[20:54:49]   [RandomForest] subject=P19  acc=0.800  f1=0.444
[20:54:50]   [RandomForest] subject=P20  acc=0.762  f1=0.432
[20:54:50]   [RandomForest] subject=P21  acc=0.950  f1=0.487
[20:54:51]   [RandomForest] subject=P22  acc=0.952  f1=0.488
[20:54:51]   [RandomForest] subject=P23  acc=0.619  f1=0.382
[20:54:52]   [RandomForest] subject=P24  acc=0.762  f1=0.432
[20:54:52]   [RandomForest] subject=P25  acc=0.952  f1=0.488
[20:54:53]   [RandomForest] subject=P26  acc=0.762  f1=0.432
[20:54:53]   [RandomForest] subject=P27  acc=0.955  f1=0.488
[20:54:53]   [RandomForest] subject=P28  SKIP (single-class test)
[20:54:53]   [RandomForest] subject=P29  SKIP (single-class test)
[20:54:53]   [RandomForest] subject=P30  SKIP (single-class test)
[20:54:54]   [RandomForest] subject=P31  acc=0.913  f1=0.477
[20:54:54] --- LOSO [LogisticRegression] ---
[20:54:54]   [LogisticRegression] subject=P01  acc=0.333  f1=0.319
[20:54:54]   [LogisticRegression] subject=P02  SKIP (single-class test)
[20:54:54]   [LogisticRegression] subject=P03  SKIP (single-class test)
[20:54:54]   [LogisticRegression] subject=P04  SKIP (single-class test)
[20:54:54]   [LogisticRegression] subject=P05  acc=0.667  f1=0.518
[20:54:54]   [LogisticRegression] subject=P06  acc=0.600  f1=0.375
[20:54:54]   [LogisticRegression] subject=P07  SKIP (single-class test)
[20:54:54]   [LogisticRegression] subject=P08  acc=0.800  f1=0.608
[20:54:54]   [LogisticRegression] subject=P09  SKIP (single-class test)
[20:54:54]   [LogisticRegression] subject=P10  SKIP (single-class test)
[20:54:54]   [LogisticRegression] subject=P11  SKIP (single-class test)
[20:54:54]   [LogisticRegression] subject=P12  acc=0.421  f1=0.296
[20:54:54]   [LogisticRegression] subject=P13  acc=0.429  f1=0.417
[20:54:54]   [LogisticRegression] subject=P14  SKIP (single-class test)
[20:54:54]   [LogisticRegression] subject=P15  acc=0.700  f1=0.531
[20:54:54]   [LogisticRegression] subject=P16  acc=0.400  f1=0.286
[20:54:54]   [LogisticRegression] subject=P17  acc=0.619  f1=0.475
[20:54:54]   [LogisticRegression] subject=P18  acc=0.700  f1=0.412
[20:54:54]   [LogisticRegression] subject=P19  acc=0.700  f1=0.531
[20:54:54]   [LogisticRegression] subject=P20  acc=0.714  f1=0.650
[20:54:54]   [LogisticRegression] subject=P21  acc=0.700  f1=0.531
[20:54:54]   [LogisticRegression] subject=P22  acc=0.857  f1=0.659
[20:54:54]   [LogisticRegression] subject=P23  acc=0.381  f1=0.276
[20:54:54]   [LogisticRegression] subject=P24  acc=0.524  f1=0.417
[20:54:54]   [LogisticRegression] subject=P25  acc=0.667  f1=0.400
[20:54:54]   [LogisticRegression] subject=P26  acc=0.714  f1=0.606
[20:54:54]   [LogisticRegression] subject=P27  acc=0.727  f1=0.421
[20:54:54]   [LogisticRegression] subject=P28  SKIP (single-class test)
[20:54:54]   [LogisticRegression] subject=P29  SKIP (single-class test)
[20:54:54]   [LogisticRegression] subject=P30  SKIP (single-class test)
[20:54:55]   [LogisticRegression] subject=P31  acc=0.652  f1=0.489
[20:54:55] --- LOSO [XGBoost] ---
x:\dev\Empathic\.venv\Lib\site-packages\xgboost\core.py:751: UserWarning: [20:54:57] WARNING: C:\actions-runner\_work\xgboost\xgboost\src\common\error_msg.cc:62: Falling back to prediction using DMatrix due to mismatched devices. This might lead to higher memory usage and slower performance. XGBoost is running on: cuda:0, while the input data is on: cpu.
Potential solutions:
- Use a data structure that matches the device ordinal in the booster.
- Set the device for booster before call to inplace_predict.

This warning will only be shown once.

  return func(**kwargs)
[20:54:58]   [XGBoost] subject=P01  acc=0.143  f1=0.141
[20:54:58]   [XGBoost] subject=P02  SKIP (single-class test)
[20:54:58]   [XGBoost] subject=P03  SKIP (single-class test)
[20:54:58]   [XGBoost] subject=P04  SKIP (single-class test)
[20:54:58]   [XGBoost] subject=P05  acc=0.944  f1=0.818
[20:54:59]   [XGBoost] subject=P06  acc=0.900  f1=0.474
[20:54:59]   [XGBoost] subject=P07  SKIP (single-class test)
[20:55:00]   [XGBoost] subject=P08  acc=0.900  f1=0.722
[20:55:00]   [XGBoost] subject=P09  SKIP (single-class test)
[20:55:00]   [XGBoost] subject=P10  SKIP (single-class test)
[20:55:00]   [XGBoost] subject=P11  SKIP (single-class test)
[20:55:00]   [XGBoost] subject=P12  acc=0.737  f1=0.424
[20:55:01]   [XGBoost] subject=P13  acc=0.500  f1=0.427
[20:55:01]   [XGBoost] subject=P14  SKIP (single-class test)
[20:55:02]   [XGBoost] subject=P15  acc=0.900  f1=0.804
[20:55:02]   [XGBoost] subject=P16  acc=0.750  f1=0.642
[20:55:03]   [XGBoost] subject=P17  acc=0.905  f1=0.475
[20:55:04]   [XGBoost] subject=P18  acc=0.900  f1=0.474
[20:55:05]   [XGBoost] subject=P19  acc=0.800  f1=0.444
[20:55:06]   [XGBoost] subject=P20  acc=0.762  f1=0.432
[20:55:07]   [XGBoost] subject=P21  acc=0.950  f1=0.487
[20:55:08]   [XGBoost] subject=P22  acc=0.952  f1=0.488
[20:55:09]   [XGBoost] subject=P23  acc=0.571  f1=0.364
[20:55:10]   [XGBoost] subject=P24  acc=0.762  f1=0.432
[20:55:11]   [XGBoost] subject=P25  acc=0.952  f1=0.488
[20:55:12]   [XGBoost] subject=P26  acc=0.714  f1=0.417
[20:55:13]   [XGBoost] subject=P27  acc=0.955  f1=0.488
[20:55:13]   [XGBoost] subject=P28  SKIP (single-class test)
[20:55:13]   [XGBoost] subject=P29  SKIP (single-class test)
[20:55:13]   [XGBoost] subject=P30  SKIP (single-class test)
[20:55:14]   [XGBoost] subject=P31  acc=0.913  f1=0.477
[20:55:14] --- LOSO [conformer] ---
[20:55:27]   [conformer_fusion] subject=P01  acc=0.333  f1=0.319
[20:55:27]   [conformer] subject=P02  SKIP (single-class test)
[20:55:27]   [conformer] subject=P03  SKIP (single-class test)
[20:55:27]   [conformer] subject=P04  SKIP (single-class test)
[20:55:38]   [conformer_fusion] subject=P05  acc=0.778  f1=0.438
[20:55:49]   [conformer_fusion] subject=P06  acc=0.850  f1=0.459
[20:55:49]   [conformer] subject=P07  SKIP (single-class test)
[20:55:59]   [conformer_fusion] subject=P08  acc=0.950  f1=0.487
[20:55:59]   [conformer] subject=P09  SKIP (single-class test)
[20:55:59]   [conformer] subject=P10  SKIP (single-class test)
[20:55:59]   [conformer] subject=P11  SKIP (single-class test)
[20:56:10]   [conformer_fusion] subject=P12  acc=0.421  f1=0.296
[20:56:22]   [conformer_fusion] subject=P13  acc=0.429  f1=0.300
[20:56:22]   [conformer] subject=P14  SKIP (single-class test)
[20:56:33]   [conformer_fusion] subject=P15  acc=0.500  f1=0.333
[20:56:44]   [conformer_fusion] subject=P16  acc=0.600  f1=0.375
[20:56:53]   [conformer_fusion] subject=P17  acc=0.905  f1=0.475
[20:57:04]   [conformer_fusion] subject=P18  acc=0.950  f1=0.886
[20:57:13]   [conformer_fusion] subject=P19  acc=0.850  f1=0.657
[20:57:23]   [conformer_fusion] subject=P20  acc=0.667  f1=0.400
[20:57:30]   [conformer_fusion] subject=P21  acc=0.850  f1=0.459
[20:57:38]   [conformer_fusion] subject=P22  acc=0.810  f1=0.447
[20:57:49]   [conformer_fusion] subject=P23  acc=0.619  f1=0.382
[20:57:56]   [conformer_fusion] subject=P24  acc=0.714  f1=0.417
[20:58:05]   [conformer_fusion] subject=P25  acc=1.000  f1=1.000
[20:58:15]   [conformer_fusion] subject=P26  acc=0.714  f1=0.417
[20:58:25]   [conformer_fusion] subject=P27  acc=0.909  f1=0.476
[20:58:25]   [conformer] subject=P28  SKIP (single-class test)
[20:58:25]   [conformer] subject=P29  SKIP (single-class test)
[20:58:25]   [conformer] subject=P30  SKIP (single-class test)
[20:58:35]   [conformer_fusion] subject=P31  acc=0.913  f1=0.477
[20:58:35] --- LOSO [tiny_tcn] ---
[20:58:38]   [tiny_tcn_fusion] subject=P01  acc=0.143  f1=0.141
[20:58:38]   [tiny_tcn] subject=P02  SKIP (single-class test)
[20:58:38]   [tiny_tcn] subject=P03  SKIP (single-class test)
[20:58:38]   [tiny_tcn] subject=P04  SKIP (single-class test)
[20:58:42]   [tiny_tcn_fusion] subject=P05  acc=0.833  f1=0.455
[20:58:44]   [tiny_tcn_fusion] subject=P06  acc=0.900  f1=0.474
[20:58:44]   [tiny_tcn] subject=P07  SKIP (single-class test)
[20:58:48]   [tiny_tcn_fusion] subject=P08  acc=0.750  f1=0.429
[20:58:48]   [tiny_tcn] subject=P09  SKIP (single-class test)
[20:58:48]   [tiny_tcn] subject=P10  SKIP (single-class test)
[20:58:48]   [tiny_tcn] subject=P11  SKIP (single-class test)
[20:58:53]   [tiny_tcn_fusion] subject=P12  acc=0.526  f1=0.345
[20:58:57]   [tiny_tcn_fusion] subject=P13  acc=0.429  f1=0.300
[20:58:57]   [tiny_tcn] subject=P14  SKIP (single-class test)
[20:58:59]   [tiny_tcn_fusion] subject=P15  acc=0.700  f1=0.600
[20:59:03]   [tiny_tcn_fusion] subject=P16  acc=0.600  f1=0.467
[20:59:07]   [tiny_tcn_fusion] subject=P17  acc=0.952  f1=0.488
[20:59:10]   [tiny_tcn_fusion] subject=P18  acc=0.900  f1=0.474
[20:59:13]   [tiny_tcn_fusion] subject=P19  acc=0.800  f1=0.444
[20:59:17]   [tiny_tcn_fusion] subject=P20  acc=0.810  f1=0.611
[20:59:20]   [tiny_tcn_fusion] subject=P21  acc=0.800  f1=0.444
[20:59:23]   [tiny_tcn_fusion] subject=P22  acc=0.905  f1=0.475
[20:59:26]   [tiny_tcn_fusion] subject=P23  acc=0.619  f1=0.382
[20:59:29]   [tiny_tcn_fusion] subject=P24  acc=0.667  f1=0.400
[20:59:33]   [tiny_tcn_fusion] subject=P25  acc=0.905  f1=0.475
[20:59:36]   [tiny_tcn_fusion] subject=P26  acc=0.667  f1=0.400
[20:59:39]   [tiny_tcn_fusion] subject=P27  acc=0.864  f1=0.463
[20:59:39]   [tiny_tcn] subject=P28  SKIP (single-class test)
[20:59:39]   [tiny_tcn] subject=P29  SKIP (single-class test)
[20:59:39]   [tiny_tcn] subject=P30  SKIP (single-class test)
[20:59:43]   [tiny_tcn_fusion] subject=P31  acc=0.957  f1=0.822
[20:59:43] --- LOSO [bilstm] ---
[20:59:45]   [bilstm_fusion] subject=P01  acc=0.286  f1=0.279
[20:59:45]   [bilstm] subject=P02  SKIP (single-class test)
[20:59:45]   [bilstm] subject=P03  SKIP (single-class test)
[20:59:45]   [bilstm] subject=P04  SKIP (single-class test)
[20:59:49]   [bilstm_fusion] subject=P05  acc=0.611  f1=0.481
[20:59:53]   [bilstm_fusion] subject=P06  acc=0.800  f1=0.444
[20:59:53]   [bilstm] subject=P07  SKIP (single-class test)
[20:59:57]   [bilstm_fusion] subject=P08  acc=0.850  f1=0.657
[20:59:57]   [bilstm] subject=P09  SKIP (single-class test)
[20:59:57]   [bilstm] subject=P10  SKIP (single-class test)
[20:59:57]   [bilstm] subject=P11  SKIP (single-class test)
[21:00:01]   [bilstm_fusion] subject=P12  acc=0.421  f1=0.357
[21:00:05]   [bilstm_fusion] subject=P13  acc=0.571  f1=0.533
[21:00:05]   [bilstm] subject=P14  SKIP (single-class test)
[21:00:09]   [bilstm_fusion] subject=P15  acc=0.750  f1=0.642
[21:00:12]   [bilstm_fusion] subject=P16  acc=0.550  f1=0.355
[21:00:16]   [bilstm_fusion] subject=P17  acc=0.619  f1=0.382
[21:00:20]   [bilstm_fusion] subject=P18  acc=0.900  f1=0.474
[21:00:24]   [bilstm_fusion] subject=P19  acc=0.850  f1=0.657
[21:00:28]   [bilstm_fusion] subject=P20  acc=0.810  f1=0.611
[21:00:32]   [bilstm_fusion] subject=P21  acc=0.800  f1=0.444
[21:00:37]   [bilstm_fusion] subject=P22  acc=0.810  f1=0.447
[21:00:40]   [bilstm_fusion] subject=P23  acc=0.667  f1=0.505
[21:00:44]   [bilstm_fusion] subject=P24  acc=0.667  f1=0.400
[21:00:48]   [bilstm_fusion] subject=P25  acc=0.952  f1=0.821
[21:00:53]   [bilstm_fusion] subject=P26  acc=0.810  f1=0.738
[21:00:57]   [bilstm_fusion] subject=P27  acc=0.773  f1=0.436
[21:00:57]   [bilstm] subject=P28  SKIP (single-class test)
[21:00:57]   [bilstm] subject=P29  SKIP (single-class test)
[21:00:57]   [bilstm] subject=P30  SKIP (single-class test)
[21:01:02]   [bilstm_fusion] subject=P31  acc=0.913  f1=0.477
[21:01:02] --- LOSO [cnn1d] ---
[21:01:05]   [cnn1d_fusion] subject=P01  acc=0.190  f1=0.190
[21:01:05]   [cnn1d] subject=P02  SKIP (single-class test)
[21:01:05]   [cnn1d] subject=P03  SKIP (single-class test)
[21:01:05]   [cnn1d] subject=P04  SKIP (single-class test)
[21:01:07]   [cnn1d_fusion] subject=P05  acc=0.722  f1=0.557
[21:01:11]   [cnn1d_fusion] subject=P06  acc=0.900  f1=0.474
[21:01:11]   [cnn1d] subject=P07  SKIP (single-class test)
[21:01:13]   [cnn1d_fusion] subject=P08  acc=0.800  f1=0.608
[21:01:13]   [cnn1d] subject=P09  SKIP (single-class test)
[21:01:13]   [cnn1d] subject=P10  SKIP (single-class test)
[21:01:13]   [cnn1d] subject=P11  SKIP (single-class test)
[21:01:16]   [cnn1d_fusion] subject=P12  acc=0.579  f1=0.367
[21:01:19]   [cnn1d_fusion] subject=P13  acc=0.429  f1=0.300
[21:01:19]   [cnn1d] subject=P14  SKIP (single-class test)
[21:01:21]   [cnn1d_fusion] subject=P15  acc=0.800  f1=0.444
[21:01:24]   [cnn1d_fusion] subject=P16  acc=0.650  f1=0.394
[21:01:27]   [cnn1d_fusion] subject=P17  acc=0.952  f1=0.488
[21:01:30]   [cnn1d_fusion] subject=P18  acc=0.900  f1=0.474
[21:01:34]   [cnn1d_fusion] subject=P19  acc=0.800  f1=0.444
[21:01:38]   [cnn1d_fusion] subject=P20  acc=0.810  f1=0.611
[21:01:40]   [cnn1d_fusion] subject=P21  acc=0.900  f1=0.474
[21:01:45]   [cnn1d_fusion] subject=P22  acc=0.952  f1=0.488
[21:01:47]   [cnn1d_fusion] subject=P23  acc=0.619  f1=0.382
[21:01:52]   [cnn1d_fusion] subject=P24  acc=0.762  f1=0.432
[21:01:54]   [cnn1d_fusion] subject=P25  acc=0.952  f1=0.488
[21:01:56]   [cnn1d_fusion] subject=P26  acc=0.762  f1=0.432
[21:01:59]   [cnn1d_fusion] subject=P27  acc=0.909  f1=0.476
[21:01:59]   [cnn1d] subject=P28  SKIP (single-class test)
[21:01:59]   [cnn1d] subject=P29  SKIP (single-class test)
[21:01:59]   [cnn1d] subject=P30  SKIP (single-class test)
[21:02:03]   [cnn1d_fusion] subject=P31  acc=0.913  f1=0.477
[21:02:03] --- LOSO [multistream] ---
[21:02:08]   [multistream_fusion] subject=P01  acc=0.143  f1=0.141
[21:02:08]   [multistream] subject=P02  SKIP (single-class test)
[21:02:08]   [multistream] subject=P03  SKIP (single-class test)
[21:02:08]   [multistream] subject=P04  SKIP (single-class test)
[21:02:14]   [multistream_fusion] subject=P05  acc=0.722  f1=0.557
[21:02:19]   [multistream_fusion] subject=P06  acc=0.900  f1=0.474
[21:02:19]   [multistream] subject=P07  SKIP (single-class test)
[21:02:25]   [multistream_fusion] subject=P08  acc=0.500  f1=0.333
[21:02:25]   [multistream] subject=P09  SKIP (single-class test)
[21:02:25]   [multistream] subject=P10  SKIP (single-class test)
[21:02:25]   [multistream] subject=P11  SKIP (single-class test)
[21:02:33]   [multistream_fusion] subject=P12  acc=0.737  f1=0.424
[21:02:43]   [multistream_fusion] subject=P13  acc=0.500  f1=0.427
[21:02:43]   [multistream] subject=P14  SKIP (single-class test)
[21:02:49]   [multistream_fusion] subject=P15  acc=0.800  f1=0.444
[21:02:54]   [multistream_fusion] subject=P16  acc=0.650  f1=0.394
[21:03:02]   [multistream_fusion] subject=P17  acc=0.952  f1=0.488
[21:03:09]   [multistream_fusion] subject=P18  acc=0.800  f1=0.444
[21:03:13]   [multistream_fusion] subject=P19  acc=0.800  f1=0.444
[21:03:19]   [multistream_fusion] subject=P20  acc=0.762  f1=0.432
[21:03:25]   [multistream_fusion] subject=P21  acc=0.950  f1=0.487
[21:03:31]   [multistream_fusion] subject=P22  acc=0.571  f1=0.364
[21:03:38]   [multistream_fusion] subject=P23  acc=0.619  f1=0.382
[21:03:41]   [multistream_fusion] subject=P24  acc=0.762  f1=0.432
[21:03:48]   [multistream_fusion] subject=P25  acc=0.714  f1=0.417
[21:03:57]   [multistream_fusion] subject=P26  acc=0.714  f1=0.537
[21:04:04]   [multistream_fusion] subject=P27  acc=0.955  f1=0.488
[21:04:04]   [multistream] subject=P28  SKIP (single-class test)
[21:04:04]   [multistream] subject=P29  SKIP (single-class test)
[21:04:04]   [multistream] subject=P30  SKIP (single-class test)
[21:04:08]   [multistream_fusion] subject=P31  acc=0.870  f1=0.465
[21:04:08] --- LOSO [dann] ---
[21:04:15]   [dann] subject=P01  acc=0.286  f1=0.259
[21:04:15]   [dann] subject=P02  SKIP (single-class test)
[21:04:15]   [dann] subject=P03  SKIP (single-class test)
[21:04:15]   [dann] subject=P04  SKIP (single-class test)
[21:04:25]   [dann] subject=P05  acc=0.611  f1=0.481
[21:04:35]   [dann] subject=P06  acc=0.850  f1=0.459
[21:04:35]   [dann] subject=P07  SKIP (single-class test)
[21:04:45]   [dann] subject=P08  acc=0.850  f1=0.459
[21:04:45]   [dann] subject=P09  SKIP (single-class test)
[21:04:45]   [dann] subject=P10  SKIP (single-class test)
[21:04:45]   [dann] subject=P11  SKIP (single-class test)
[21:04:55]   [dann] subject=P12  acc=0.632  f1=0.490
[21:05:05]   [dann] subject=P13  acc=0.429  f1=0.300
[21:05:05]   [dann] subject=P14  SKIP (single-class test)
[21:05:15]   [dann] subject=P15  acc=0.600  f1=0.467
[21:05:23]   [dann] subject=P16  acc=0.550  f1=0.355
[21:05:35]   [dann] subject=P17  acc=0.905  f1=0.475
[21:05:45]   [dann] subject=P18  acc=0.850  f1=0.459
[21:05:57]   [dann] subject=P19  acc=0.850  f1=0.740
[21:06:12]   [dann] subject=P20  acc=0.810  f1=0.611
[21:06:28]   [dann] subject=P21  acc=0.950  f1=0.487
[21:06:41]   [dann] subject=P22  acc=0.952  f1=0.488
[21:06:52]   [dann] subject=P23  acc=0.571  f1=0.364
[21:07:01]   [dann] subject=P24  acc=0.762  f1=0.432
[21:07:13]   [dann] subject=P25  acc=0.762  f1=0.432
[21:07:22]   [dann] subject=P26  acc=0.762  f1=0.432
[21:07:32]   [dann] subject=P27  acc=0.909  f1=0.476
[21:07:32]   [dann] subject=P28  SKIP (single-class test)
[21:07:32]   [dann] subject=P29  SKIP (single-class test)
[21:07:32]   [dann] subject=P30  SKIP (single-class test)
[21:07:43]   [dann] subject=P31  acc=0.913  f1=0.477
[21:07:43] --- LOSO [tstcc] ---
[21:07:48]   [tstcc-pretrain] epoch 10/40  loss=8.1916
[21:07:52]   [tstcc-pretrain] epoch 20/40  loss=8.0173
[21:07:57]   [tstcc-pretrain] epoch 30/40  loss=7.9705
[21:08:01]   [tstcc-pretrain] epoch 40/40  loss=7.9345
[21:08:02]   [tstcc] subject=P01  acc=0.238  f1=0.236
[21:08:02]   [tstcc] subject=P02  SKIP (single-class test)
[21:08:02]   [tstcc] subject=P03  SKIP (single-class test)
[21:08:02]   [tstcc] subject=P04  SKIP (single-class test)
[21:08:06]   [tstcc-pretrain] epoch 10/40  loss=8.1702
[21:08:10]   [tstcc-pretrain] epoch 20/40  loss=8.0020
[21:08:14]   [tstcc-pretrain] epoch 30/40  loss=7.9662
[21:08:18]   [tstcc-pretrain] epoch 40/40  loss=7.9234
[21:08:19]   [tstcc] subject=P05  acc=0.778  f1=0.600
[21:08:24]   [tstcc-pretrain] epoch 10/40  loss=8.1842
[21:08:28]   [tstcc-pretrain] epoch 20/40  loss=7.9937
[21:08:32]   [tstcc-pretrain] epoch 30/40  loss=7.9431
[21:08:37]   [tstcc-pretrain] epoch 40/40  loss=7.9393
[21:08:38]   [tstcc] subject=P06  acc=0.700  f1=0.412
[21:08:38]   [tstcc] subject=P07  SKIP (single-class test)
[21:08:42]   [tstcc-pretrain] epoch 10/40  loss=8.1729
[21:08:46]   [tstcc-pretrain] epoch 20/40  loss=8.0097
[21:08:50]   [tstcc-pretrain] epoch 30/40  loss=7.9578
[21:08:54]   [tstcc-pretrain] epoch 40/40  loss=7.9407
[21:08:55]   [tstcc] subject=P08  acc=0.900  f1=0.722
[21:08:55]   [tstcc] subject=P09  SKIP (single-class test)
[21:08:55]   [tstcc] subject=P10  SKIP (single-class test)
[21:08:55]   [tstcc] subject=P11  SKIP (single-class test)
[21:08:59]   [tstcc-pretrain] epoch 10/40  loss=8.1519
[21:09:03]   [tstcc-pretrain] epoch 20/40  loss=7.9963
[21:09:08]   [tstcc-pretrain] epoch 30/40  loss=7.9378
[21:09:12]   [tstcc-pretrain] epoch 40/40  loss=7.9324
[21:09:13]   [tstcc] subject=P12  acc=0.526  f1=0.424
[21:09:17]   [tstcc-pretrain] epoch 10/40  loss=8.1737
[21:09:21]   [tstcc-pretrain] epoch 20/40  loss=8.0293
[21:09:25]   [tstcc-pretrain] epoch 30/40  loss=7.9656
[21:09:29]   [tstcc-pretrain] epoch 40/40  loss=7.9402
[21:09:30]   [tstcc] subject=P13  acc=0.429  f1=0.300
[21:09:30]   [tstcc] subject=P14  SKIP (single-class test)
[21:09:35]   [tstcc-pretrain] epoch 10/40  loss=8.1715
[21:09:38]   [tstcc-pretrain] epoch 20/40  loss=8.0118
[21:09:42]   [tstcc-pretrain] epoch 30/40  loss=7.9465
[21:09:46]   [tstcc-pretrain] epoch 40/40  loss=7.9342
[21:09:47]   [tstcc] subject=P15  acc=0.800  f1=0.444
[21:09:51]   [tstcc-pretrain] epoch 10/40  loss=8.1851
[21:09:55]   [tstcc-pretrain] epoch 20/40  loss=8.0332
[21:09:59]   [tstcc-pretrain] epoch 30/40  loss=7.9519
[21:10:03]   [tstcc-pretrain] epoch 40/40  loss=7.9315
[21:10:04]   [tstcc] subject=P16  acc=0.450  f1=0.310
[21:10:08]   [tstcc-pretrain] epoch 10/40  loss=8.1548
[21:10:12]   [tstcc-pretrain] epoch 20/40  loss=7.9975
[21:10:17]   [tstcc-pretrain] epoch 30/40  loss=7.9345
[21:10:21]   [tstcc-pretrain] epoch 40/40  loss=7.9337
[21:10:22]   [tstcc] subject=P17  acc=0.714  f1=0.537
[21:10:26]   [tstcc-pretrain] epoch 10/40  loss=8.1663
[21:10:30]   [tstcc-pretrain] epoch 20/40  loss=8.0083
[21:10:34]   [tstcc-pretrain] epoch 30/40  loss=7.9606
[21:10:39]   [tstcc-pretrain] epoch 40/40  loss=7.9389
[21:10:40]   [tstcc] subject=P18  acc=0.800  f1=0.444
[21:10:44]   [tstcc-pretrain] epoch 10/40  loss=8.1665
[21:10:48]   [tstcc-pretrain] epoch 20/40  loss=8.0199
[21:10:52]   [tstcc-pretrain] epoch 30/40  loss=7.9522
[21:10:56]   [tstcc-pretrain] epoch 40/40  loss=7.9313
[21:10:57]   [tstcc] subject=P19  acc=0.750  f1=0.642
[21:11:02]   [tstcc-pretrain] epoch 10/40  loss=8.1705
[21:11:06]   [tstcc-pretrain] epoch 20/40  loss=8.0014
[21:11:10]   [tstcc-pretrain] epoch 30/40  loss=7.9443
[21:11:14]   [tstcc-pretrain] epoch 40/40  loss=7.9271
[21:11:15]   [tstcc] subject=P20  acc=0.810  f1=0.611
[21:11:19]   [tstcc-pretrain] epoch 10/40  loss=8.1771
[21:11:23]   [tstcc-pretrain] epoch 20/40  loss=7.9956
[21:11:27]   [tstcc-pretrain] epoch 30/40  loss=7.9467
[21:11:32]   [tstcc-pretrain] epoch 40/40  loss=7.9338
[21:11:33]   [tstcc] subject=P21  acc=0.900  f1=0.474
[21:11:37]   [tstcc-pretrain] epoch 10/40  loss=8.1842
[21:11:41]   [tstcc-pretrain] epoch 20/40  loss=8.0010
[21:11:45]   [tstcc-pretrain] epoch 30/40  loss=7.9491
[21:11:49]   [tstcc-pretrain] epoch 40/40  loss=7.9351
[21:11:50]   [tstcc] subject=P22  acc=0.857  f1=0.462
[21:11:54]   [tstcc-pretrain] epoch 10/40  loss=8.1833
[21:11:59]   [tstcc-pretrain] epoch 20/40  loss=8.0251
[21:12:04]   [tstcc-pretrain] epoch 30/40  loss=7.9634
[21:12:08]   [tstcc-pretrain] epoch 40/40  loss=7.9335
[21:12:09]   [tstcc] subject=P23  acc=0.667  f1=0.505
[21:12:14]   [tstcc-pretrain] epoch 10/40  loss=8.1987
[21:12:18]   [tstcc-pretrain] epoch 20/40  loss=8.0118
[21:12:22]   [tstcc-pretrain] epoch 30/40  loss=7.9505
[21:12:26]   [tstcc-pretrain] epoch 40/40  loss=7.9560
[21:12:27]   [tstcc] subject=P24  acc=0.762  f1=0.646
[21:12:31]   [tstcc-pretrain] epoch 10/40  loss=8.1649
[21:12:35]   [tstcc-pretrain] epoch 20/40  loss=8.0070
[21:12:39]   [tstcc-pretrain] epoch 30/40  loss=7.9505
[21:12:44]   [tstcc-pretrain] epoch 40/40  loss=7.9382
[21:12:45]   [tstcc] subject=P25  acc=0.810  f1=0.611
[21:12:49]   [tstcc-pretrain] epoch 10/40  loss=8.1565
[21:12:53]   [tstcc-pretrain] epoch 20/40  loss=8.0030
[21:12:57]   [tstcc-pretrain] epoch 30/40  loss=7.9436
[21:13:01]   [tstcc-pretrain] epoch 40/40  loss=7.9433
[21:13:02]   [tstcc] subject=P26  acc=0.762  f1=0.432
[21:13:06]   [tstcc-pretrain] epoch 10/40  loss=8.1926
[21:13:10]   [tstcc-pretrain] epoch 20/40  loss=8.0074
[21:13:15]   [tstcc-pretrain] epoch 30/40  loss=7.9608
[21:13:19]   [tstcc-pretrain] epoch 40/40  loss=7.9224
[21:13:20]   [tstcc] subject=P27  acc=0.818  f1=0.450
[21:13:20]   [tstcc] subject=P28  SKIP (single-class test)
[21:13:20]   [tstcc] subject=P29  SKIP (single-class test)
[21:13:20]   [tstcc] subject=P30  SKIP (single-class test)
[21:13:24]   [tstcc-pretrain] epoch 10/40  loss=8.1846
[21:13:29]   [tstcc-pretrain] epoch 20/40  loss=8.0121
[21:13:33]   [tstcc-pretrain] epoch 30/40  loss=7.9616
[21:13:37]   [tstcc-pretrain] epoch 40/40  loss=7.9619
[21:13:38]   [tstcc] subject=P31  acc=0.826  f1=0.452
[21:13:38] [ensemble] 'RandomForest' calibrated T=1.25 (NLL=0.499)
[21:13:38] [ensemble] 'LogisticRegression' calibrated T=4.00 (NLL=0.685)
[21:13:38] [ensemble] 'XGBoost' calibrated T=3.00 (NLL=0.505)
[21:13:38] [ensemble] 'conformer_fusion' calibrated T=2.50 (NLL=0.556)
[21:13:38] [ensemble] 'tiny_tcn_fusion' calibrated T=2.50 (NLL=0.544)
[21:13:38] [ensemble] 'multistream_fusion' calibrated T=2.50 (NLL=0.569)
[21:13:38] [ensemble] 'DANN_Conformer' calibrated T=2.00 (NLL=0.553)
[21:13:38] [ensemble] 'TSTCC' calibrated T=3.00 (NLL=0.570)
[21:13:38] [ensemble] built 'Ensemble' [RandomForest+LogisticRegression+XGBoost+conformer_fusion+tiny_tcn_fusion+multistream_fusion+DANN_Conformer+TSTCC] over 8 members  acc=0.790  f1=0.474
[21:13:42] Saved results to results\emotion\emowork\emowork\valence

######################################################################
# TARGET = arousal
######################################################################
[21:13:42] === EMOWORK / target=arousal ===
[21:13:42]   samples=625  subjects=31  labels=['LA', 'HA']
[21:13:42]   feature_cols=149  seq_shape=(625, 240, 12)
[21:13:42]   [label-variance] target=arousal labels=['LA', 'HA']
[21:13:42]   [label-variance] multi-class subjects: 29/31 -> usable for LOSO evaluation
[21:13:42]   [label-variance] single-class subjects (2): ['P22', 'P29'] -> excluded from per-fold metrics
[21:13:42] --- LOSO [Baseline] ---
[21:13:42]   [Baseline] subject=P01  acc=0.381  f1=0.276
[21:13:42]   [Baseline] subject=P02  acc=0.095  f1=0.087
[21:13:43]   [Baseline] subject=P03  acc=0.611  f1=0.379
[21:13:43]   [Baseline] subject=P04  acc=0.105  f1=0.095
[21:13:43]   [Baseline] subject=P05  acc=0.667  f1=0.400
[21:13:43]   [Baseline] subject=P06  acc=0.050  f1=0.048
[21:13:43]   [Baseline] subject=P07  acc=0.905  f1=0.475
[21:13:43]   [Baseline] subject=P08  acc=0.100  f1=0.091
[21:13:43]   [Baseline] subject=P09  acc=0.600  f1=0.375
[21:13:43]   [Baseline] subject=P10  acc=0.737  f1=0.424
[21:13:43]   [Baseline] subject=P11  acc=0.150  f1=0.130
[21:13:43]   [Baseline] subject=P12  acc=0.632  f1=0.387
[21:13:43]   [Baseline] subject=P13  acc=0.571  f1=0.364
[21:13:43]   [Baseline] subject=P14  acc=0.421  f1=0.296
[21:13:43]   [Baseline] subject=P15  acc=0.400  f1=0.286
[21:13:43]   [Baseline] subject=P16  acc=0.350  f1=0.259
[21:13:43]   [Baseline] subject=P17  acc=0.667  f1=0.400
[21:13:43]   [Baseline] subject=P18  acc=0.350  f1=0.259
[21:13:43]   [Baseline] subject=P19  acc=0.650  f1=0.394
[21:13:43]   [Baseline] subject=P20  acc=0.190  f1=0.160
[21:13:43]   [Baseline] subject=P21  acc=0.350  f1=0.259
[21:13:43]   [Baseline] subject=P22  SKIP (single-class test)
[21:13:43]   [Baseline] subject=P23  acc=0.286  f1=0.222
[21:13:43]   [Baseline] subject=P24  acc=0.333  f1=0.250
[21:13:43]   [Baseline] subject=P25  acc=0.048  f1=0.045
[21:13:43]   [Baseline] subject=P26  acc=0.524  f1=0.344
[21:13:43]   [Baseline] subject=P27  acc=0.227  f1=0.185
[21:13:43]   [Baseline] subject=P28  acc=0.810  f1=0.447
[21:13:43]   [Baseline] subject=P29  SKIP (single-class test)
[21:13:43]   [Baseline] subject=P30  acc=0.048  f1=0.045
[21:13:43]   [Baseline] subject=P31  acc=0.522  f1=0.343
[21:13:43] --- LOSO [RandomForest] ---
[21:13:43]   [RandomForest] subject=P01  acc=0.476  f1=0.387
[21:13:44]   [RandomForest] subject=P02  acc=0.714  f1=0.606
[21:13:44]   [RandomForest] subject=P03  acc=0.444  f1=0.438
[21:13:45]   [RandomForest] subject=P04  acc=0.789  f1=0.683
[21:13:46]   [RandomForest] subject=P05  acc=0.556  f1=0.550
[21:13:46]   [RandomForest] subject=P06  acc=0.650  f1=0.498
[21:13:47]   [RandomForest] subject=P07  acc=0.524  f1=0.464
[21:13:47]   [RandomForest] subject=P08  acc=0.750  f1=0.567
[21:13:48]   [RandomForest] subject=P09  acc=0.450  f1=0.413
[21:13:48]   [RandomForest] subject=P10  acc=0.526  f1=0.521
[21:13:49]   [RandomForest] subject=P11  acc=0.800  f1=0.688
[21:13:50]   [RandomForest] subject=P12  acc=0.684  f1=0.683
[21:13:50]   [RandomForest] subject=P13  acc=0.786  f1=0.785
[21:13:51]   [RandomForest] subject=P14  acc=0.579  f1=0.457
[21:13:51]   [RandomForest] subject=P15  acc=0.750  f1=0.733
[21:13:52]   [RandomForest] subject=P16  acc=0.850  f1=0.812
[21:13:52]   [RandomForest] subject=P17  acc=0.381  f1=0.375
[21:13:53]   [RandomForest] subject=P18  acc=0.400  f1=0.341
[21:13:53]   [RandomForest] subject=P19  acc=0.350  f1=0.335
[21:13:54]   [RandomForest] subject=P20  acc=0.667  f1=0.569
[21:13:55]   [RandomForest] subject=P21  acc=0.600  f1=0.524
[21:13:55]   [RandomForest] subject=P22  SKIP (single-class test)
[21:13:55]   [RandomForest] subject=P23  acc=0.571  f1=0.364
[21:13:56]   [RandomForest] subject=P24  acc=0.571  f1=0.446
[21:13:56]   [RandomForest] subject=P25  acc=0.524  f1=0.344
[21:13:57]   [RandomForest] subject=P26  acc=0.619  f1=0.611
[21:13:57]   [RandomForest] subject=P27  acc=0.727  f1=0.542
[21:13:58]   [RandomForest] subject=P28  acc=0.286  f1=0.279
[21:13:58]   [RandomForest] subject=P29  SKIP (single-class test)
[21:13:59]   [RandomForest] subject=P30  acc=0.762  f1=0.571
[21:13:59]   [RandomForest] subject=P31  acc=0.478  f1=0.477
[21:13:59] --- LOSO [LogisticRegression] ---
[21:13:59]   [LogisticRegression] subject=P01  acc=0.333  f1=0.332
[21:13:59]   [LogisticRegression] subject=P02  acc=0.667  f1=0.569
[21:13:59]   [LogisticRegression] subject=P03  acc=0.333  f1=0.325
[21:13:59]   [LogisticRegression] subject=P04  acc=0.684  f1=0.593
[21:13:59]   [LogisticRegression] subject=P05  acc=0.667  f1=0.662
[21:13:59]   [LogisticRegression] subject=P06  acc=0.500  f1=0.333
[21:13:59]   [LogisticRegression] subject=P07  acc=0.571  f1=0.499
[21:13:59]   [LogisticRegression] subject=P08  acc=0.500  f1=0.405
[21:13:59]   [LogisticRegression] subject=P09  acc=0.450  f1=0.449
[21:13:59]   [LogisticRegression] subject=P10  acc=0.632  f1=0.627
[21:13:59]   [LogisticRegression] subject=P11  acc=0.600  f1=0.524
[21:14:00]   [LogisticRegression] subject=P12  acc=0.579  f1=0.578
[21:14:00]   [LogisticRegression] subject=P13  acc=0.857  f1=0.857
[21:14:00]   [LogisticRegression] subject=P14  acc=0.526  f1=0.504
[21:14:00]   [LogisticRegression] subject=P15  acc=0.650  f1=0.642
[21:14:00]   [LogisticRegression] subject=P16  acc=0.600  f1=0.596
[21:14:00]   [LogisticRegression] subject=P17  acc=0.524  f1=0.514
[21:14:00]   [LogisticRegression] subject=P18  acc=0.400  f1=0.394
[21:14:00]   [LogisticRegression] subject=P19  acc=0.500  f1=0.479
[21:14:00]   [LogisticRegression] subject=P20  acc=0.476  f1=0.387
[21:14:00]   [LogisticRegression] subject=P21  acc=0.700  f1=0.688
[21:14:00]   [LogisticRegression] subject=P22  SKIP (single-class test)
[21:14:00]   [LogisticRegression] subject=P23  acc=0.381  f1=0.375
[21:14:00]   [LogisticRegression] subject=P24  acc=0.524  f1=0.495
[21:14:00]   [LogisticRegression] subject=P25  acc=0.524  f1=0.417
[21:14:00]   [LogisticRegression] subject=P26  acc=0.476  f1=0.471
[21:14:00]   [LogisticRegression] subject=P27  acc=0.409  f1=0.377
[21:14:00]   [LogisticRegression] subject=P28  acc=0.429  f1=0.394
[21:14:00]   [LogisticRegression] subject=P29  SKIP (single-class test)
[21:14:00]   [LogisticRegression] subject=P30  acc=0.476  f1=0.323
[21:14:00]   [LogisticRegression] subject=P31  acc=0.435  f1=0.417
[21:14:00] --- LOSO [XGBoost] ---
[21:14:01]   [XGBoost] subject=P01  acc=0.286  f1=0.222
[21:14:02]   [XGBoost] subject=P02  acc=0.619  f1=0.475
[21:14:02]   [XGBoost] subject=P03  acc=0.389  f1=0.387
[21:14:03]   [XGBoost] subject=P04  acc=0.579  f1=0.457
[21:14:04]   [XGBoost] subject=P05  acc=0.444  f1=0.444
[21:14:05]   [XGBoost] subject=P06  acc=0.450  f1=0.373
[21:14:06]   [XGBoost] subject=P07  acc=0.571  f1=0.499
[21:14:07]   [XGBoost] subject=P08  acc=0.650  f1=0.498
[21:14:07]   [XGBoost] subject=P09  acc=0.450  f1=0.437
[21:14:08]   [XGBoost] subject=P10  acc=0.579  f1=0.568
[21:14:09]   [XGBoost] subject=P11  acc=0.650  f1=0.561
[21:14:10]   [XGBoost] subject=P12  acc=0.632  f1=0.627
[21:14:11]   [XGBoost] subject=P13  acc=0.500  f1=0.497
[21:14:12]   [XGBoost] subject=P14  acc=0.526  f1=0.424
[21:14:13]   [XGBoost] subject=P15  acc=0.700  f1=0.670
[21:14:14]   [XGBoost] subject=P16  acc=0.750  f1=0.687
[21:14:14]   [XGBoost] subject=P17  acc=0.571  f1=0.533
[21:14:15]   [XGBoost] subject=P18  acc=0.500  f1=0.451
[21:14:16]   [XGBoost] subject=P19  acc=0.350  f1=0.348
[21:14:17]   [XGBoost] subject=P20  acc=0.524  f1=0.417
[21:14:18]   [XGBoost] subject=P21  acc=0.600  f1=0.560
[21:14:18]   [XGBoost] subject=P22  SKIP (single-class test)
[21:14:19]   [XGBoost] subject=P23  acc=0.524  f1=0.344
[21:14:19]   [XGBoost] subject=P24  acc=0.429  f1=0.300
[21:14:20]   [XGBoost] subject=P25  acc=0.619  f1=0.382
[21:14:21]   [XGBoost] subject=P26  acc=0.524  f1=0.495
[21:14:22]   [XGBoost] subject=P27  acc=0.682  f1=0.511
[21:14:23]   [XGBoost] subject=P28  acc=0.429  f1=0.427
[21:14:23]   [XGBoost] subject=P29  SKIP (single-class test)
[21:14:24]   [XGBoost] subject=P30  acc=0.714  f1=0.537
[21:14:25]   [XGBoost] subject=P31  acc=0.522  f1=0.518
[21:14:25] --- LOSO [conformer] ---
[21:14:32]   [conformer_fusion] subject=P01  acc=0.571  f1=0.555
[21:14:39]   [conformer_fusion] subject=P02  acc=0.619  f1=0.475
[21:14:46]   [conformer_fusion] subject=P03  acc=0.444  f1=0.416
[21:14:54]   [conformer_fusion] subject=P04  acc=0.684  f1=0.525
[21:15:01]   [conformer_fusion] subject=P05  acc=0.667  f1=0.667
[21:15:07]   [conformer_fusion] subject=P06  acc=0.650  f1=0.498
[21:15:15]   [conformer_fusion] subject=P07  acc=0.429  f1=0.394
[21:15:22]   [conformer_fusion] subject=P08  acc=0.450  f1=0.373
[21:15:28]   [conformer_fusion] subject=P09  acc=0.650  f1=0.627
[21:15:35]   [conformer_fusion] subject=P10  acc=0.737  f1=0.708
[21:15:42]   [conformer_fusion] subject=P11  acc=0.800  f1=0.733
[21:15:49]   [conformer_fusion] subject=P12  acc=0.684  f1=0.683
[21:15:56]   [conformer_fusion] subject=P13  acc=0.714  f1=0.714
[21:16:03]   [conformer_fusion] subject=P14  acc=0.737  f1=0.737
[21:16:10]   [conformer_fusion] subject=P15  acc=0.600  f1=0.583
[21:16:16]   [conformer_fusion] subject=P16  acc=0.550  f1=0.540
[21:16:23]   [conformer_fusion] subject=P17  acc=0.571  f1=0.555
[21:16:29]   [conformer_fusion] subject=P18  acc=0.600  f1=0.583
[21:16:35]   [conformer_fusion] subject=P19  acc=0.500  f1=0.495
[21:16:42]   [conformer_fusion] subject=P20  acc=0.571  f1=0.446
[21:16:49]   [conformer_fusion] subject=P21  acc=0.500  f1=0.451
[21:16:49]   [conformer] subject=P22  SKIP (single-class test)
[21:16:55]   [conformer_fusion] subject=P23  acc=0.571  f1=0.499
[21:17:02]   [conformer_fusion] subject=P24  acc=0.619  f1=0.533
[21:17:08]   [conformer_fusion] subject=P25  acc=0.524  f1=0.417
[21:17:15]   [conformer_fusion] subject=P26  acc=0.714  f1=0.697
[21:17:21]   [conformer_fusion] subject=P27  acc=0.636  f1=0.389
[21:17:28]   [conformer_fusion] subject=P28  acc=0.524  f1=0.495
[21:17:28]   [conformer] subject=P29  SKIP (single-class test)
[21:17:32]   [conformer_fusion] subject=P30  acc=0.714  f1=0.417
[21:17:39]   [conformer_fusion] subject=P31  acc=0.435  f1=0.394
[21:17:39] --- LOSO [tiny_tcn] ---
[21:17:41]   [tiny_tcn_fusion] subject=P01  acc=0.476  f1=0.471
[21:17:43]   [tiny_tcn_fusion] subject=P02  acc=0.905  f1=0.806
[21:17:46]   [tiny_tcn_fusion] subject=P03  acc=0.444  f1=0.375
[21:17:49]   [tiny_tcn_fusion] subject=P04  acc=0.737  f1=0.636
[21:17:51]   [tiny_tcn_fusion] subject=P05  acc=0.500  f1=0.498
[21:17:53]   [tiny_tcn_fusion] subject=P06  acc=0.500  f1=0.405
[21:17:55]   [tiny_tcn_fusion] subject=P07  acc=0.095  f1=0.087
[21:17:57]   [tiny_tcn_fusion] subject=P08  acc=0.700  f1=0.531
[21:18:00]   [tiny_tcn_fusion] subject=P09  acc=0.550  f1=0.549
[21:18:02]   [tiny_tcn_fusion] subject=P10  acc=0.579  f1=0.568
[21:18:05]   [tiny_tcn_fusion] subject=P11  acc=0.800  f1=0.688
[21:18:08]   [tiny_tcn_fusion] subject=P12  acc=0.579  f1=0.568
[21:18:10]   [tiny_tcn_fusion] subject=P13  acc=0.714  f1=0.708
[21:18:13]   [tiny_tcn_fusion] subject=P14  acc=0.684  f1=0.676
[21:18:14]   [tiny_tcn_fusion] subject=P15  acc=0.400  f1=0.286
[21:18:16]   [tiny_tcn_fusion] subject=P16  acc=0.750  f1=0.715
[21:18:19]   [tiny_tcn_fusion] subject=P17  acc=0.476  f1=0.323
[21:18:22]   [tiny_tcn_fusion] subject=P18  acc=0.750  f1=0.733
[21:18:24]   [tiny_tcn_fusion] subject=P19  acc=0.450  f1=0.437
[21:18:26]   [tiny_tcn_fusion] subject=P20  acc=0.905  f1=0.806
[21:18:28]   [tiny_tcn_fusion] subject=P21  acc=0.600  f1=0.375
[21:18:28]   [tiny_tcn] subject=P22  SKIP (single-class test)
[21:18:30]   [tiny_tcn_fusion] subject=P23  acc=0.619  f1=0.533
[21:18:33]   [tiny_tcn_fusion] subject=P24  acc=0.667  f1=0.569
[21:18:36]   [tiny_tcn_fusion] subject=P25  acc=0.476  f1=0.387
[21:18:38]   [tiny_tcn_fusion] subject=P26  acc=0.762  f1=0.762
[21:18:40]   [tiny_tcn_fusion] subject=P27  acc=0.500  f1=0.473
[21:18:43]   [tiny_tcn_fusion] subject=P28  acc=0.333  f1=0.332
[21:18:43]   [tiny_tcn] subject=P29  SKIP (single-class test)
[21:18:46]   [tiny_tcn_fusion] subject=P30  acc=0.810  f1=0.447
[21:18:48]   [tiny_tcn_fusion] subject=P31  acc=0.522  f1=0.518
[21:18:48] --- LOSO [bilstm] ---
[21:18:51]   [bilstm_fusion] subject=P01  acc=0.476  f1=0.471
[21:18:53]   [bilstm_fusion] subject=P02  acc=0.524  f1=0.464
[21:18:55]   [bilstm_fusion] subject=P03  acc=0.500  f1=0.498
[21:18:58]   [bilstm_fusion] subject=P04  acc=0.684  f1=0.593
[21:19:00]   [bilstm_fusion] subject=P05  acc=0.667  f1=0.662
[21:19:02]   [bilstm_fusion] subject=P06  acc=0.450  f1=0.310
[21:19:04]   [bilstm_fusion] subject=P07  acc=0.333  f1=0.319
[21:19:07]   [bilstm_fusion] subject=P08  acc=0.350  f1=0.307
[21:19:09]   [bilstm_fusion] subject=P09  acc=0.600  f1=0.583
[21:19:12]   [bilstm_fusion] subject=P10  acc=0.526  f1=0.504
[21:19:14]   [bilstm_fusion] subject=P11  acc=0.500  f1=0.405
[21:19:16]   [bilstm_fusion] subject=P12  acc=0.684  f1=0.676
[21:19:19]   [bilstm_fusion] subject=P13  acc=0.857  f1=0.857
[21:19:21]   [bilstm_fusion] subject=P14  acc=0.526  f1=0.526
[21:19:24]   [bilstm_fusion] subject=P15  acc=0.550  f1=0.520
[21:19:26]   [bilstm_fusion] subject=P16  acc=0.800  f1=0.792
[21:19:28]   [bilstm_fusion] subject=P17  acc=0.571  f1=0.533
[21:19:31]   [bilstm_fusion] subject=P18  acc=0.750  f1=0.733
[21:19:33]   [bilstm_fusion] subject=P19  acc=0.400  f1=0.400
[21:19:35]   [bilstm_fusion] subject=P20  acc=0.714  f1=0.537
[21:19:37]   [bilstm_fusion] subject=P21  acc=0.450  f1=0.413
[21:19:37]   [bilstm] subject=P22  SKIP (single-class test)
[21:19:40]   [bilstm_fusion] subject=P23  acc=0.381  f1=0.276
[21:19:42]   [bilstm_fusion] subject=P24  acc=0.714  f1=0.679
[21:19:45]   [bilstm_fusion] subject=P25  acc=0.524  f1=0.417
[21:19:47]   [bilstm_fusion] subject=P26  acc=0.524  f1=0.514
[21:19:49]   [bilstm_fusion] subject=P27  acc=0.409  f1=0.290
[21:19:51]   [bilstm_fusion] subject=P28  acc=0.524  f1=0.464
[21:19:51]   [bilstm] subject=P29  SKIP (single-class test)
[21:19:54]   [bilstm_fusion] subject=P30  acc=0.619  f1=0.382
[21:19:56]   [bilstm_fusion] subject=P31  acc=0.565  f1=0.521
[21:19:56] --- LOSO [cnn1d] ---
[21:19:58]   [cnn1d_fusion] subject=P01  acc=0.667  f1=0.667
[21:19:59]   [cnn1d_fusion] subject=P02  acc=0.429  f1=0.394
[21:20:01]   [cnn1d_fusion] subject=P03  acc=0.389  f1=0.338
[21:20:03]   [cnn1d_fusion] subject=P04  acc=0.737  f1=0.636
[21:20:05]   [cnn1d_fusion] subject=P05  acc=0.722  f1=0.699
[21:20:07]   [cnn1d_fusion] subject=P06  acc=0.450  f1=0.373
[21:20:10]   [cnn1d_fusion] subject=P07  acc=0.190  f1=0.190
[21:20:12]   [cnn1d_fusion] subject=P08  acc=0.500  f1=0.405
[21:20:13]   [cnn1d_fusion] subject=P09  acc=0.500  f1=0.495
[21:20:15]   [cnn1d_fusion] subject=P10  acc=0.632  f1=0.614
[21:20:17]   [cnn1d_fusion] subject=P11  acc=0.550  f1=0.487
[21:20:19]   [cnn1d_fusion] subject=P12  acc=0.579  f1=0.578
[21:20:21]   [cnn1d_fusion] subject=P13  acc=0.857  f1=0.857
[21:20:24]   [cnn1d_fusion] subject=P14  acc=0.474  f1=0.460
[21:20:26]   [cnn1d_fusion] subject=P15  acc=0.400  f1=0.286
[21:20:27]   [cnn1d_fusion] subject=P16  acc=0.550  f1=0.549
[21:20:30]   [cnn1d_fusion] subject=P17  acc=0.381  f1=0.326
[21:20:33]   [cnn1d_fusion] subject=P18  acc=0.550  f1=0.549
[21:20:34]   [cnn1d_fusion] subject=P19  acc=0.500  f1=0.500
[21:20:37]   [cnn1d_fusion] subject=P20  acc=0.810  f1=0.611
[21:20:39]   [cnn1d_fusion] subject=P21  acc=0.450  f1=0.310
[21:20:39]   [cnn1d] subject=P22  SKIP (single-class test)
[21:20:40]   [cnn1d_fusion] subject=P23  acc=0.762  f1=0.721
[21:20:43]   [cnn1d_fusion] subject=P24  acc=0.524  f1=0.464
[21:20:45]   [cnn1d_fusion] subject=P25  acc=0.667  f1=0.505
[21:20:48]   [cnn1d_fusion] subject=P26  acc=0.857  f1=0.856
[21:20:51]   [cnn1d_fusion] subject=P27  acc=0.636  f1=0.607
[21:20:53]   [cnn1d_fusion] subject=P28  acc=0.429  f1=0.427
[21:20:53]   [cnn1d] subject=P29  SKIP (single-class test)
[21:20:55]   [cnn1d_fusion] subject=P30  acc=0.762  f1=0.432
[21:20:57]   [cnn1d_fusion] subject=P31  acc=0.478  f1=0.452
[21:20:57] --- LOSO [multistream] ---
[21:21:00]   [multistream_fusion] subject=P01  acc=0.381  f1=0.375
[21:21:04]   [multistream_fusion] subject=P02  acc=0.619  f1=0.533
[21:21:07]   [multistream_fusion] subject=P03  acc=0.500  f1=0.458
[21:21:12]   [multistream_fusion] subject=P04  acc=0.526  f1=0.424
[21:21:16]   [multistream_fusion] subject=P05  acc=0.611  f1=0.579
[21:21:21]   [multistream_fusion] subject=P06  acc=0.700  f1=0.412
[21:21:24]   [multistream_fusion] subject=P07  acc=0.143  f1=0.141
[21:21:28]   [multistream_fusion] subject=P08  acc=0.800  f1=0.608
[21:21:32]   [multistream_fusion] subject=P09  acc=0.500  f1=0.495
[21:21:37]   [multistream_fusion] subject=P10  acc=0.421  f1=0.415
[21:21:41]   [multistream_fusion] subject=P11  acc=0.350  f1=0.307
[21:21:45]   [multistream_fusion] subject=P12  acc=0.579  f1=0.578
[21:21:51]   [multistream_fusion] subject=P13  acc=0.357  f1=0.326
[21:21:57]   [multistream_fusion] subject=P14  acc=0.526  f1=0.474
[21:22:01]   [multistream_fusion] subject=P15  acc=0.600  f1=0.583
[21:22:06]   [multistream_fusion] subject=P16  acc=0.850  f1=0.847
[21:22:09]   [multistream_fusion] subject=P17  acc=0.714  f1=0.606
[21:22:14]   [multistream_fusion] subject=P18  acc=0.650  f1=0.561
[21:22:18]   [multistream_fusion] subject=P19  acc=0.550  f1=0.549
[21:22:21]   [multistream_fusion] subject=P20  acc=0.905  f1=0.806
[21:22:26]   [multistream_fusion] subject=P21  acc=0.650  f1=0.394
[21:22:26]   [multistream] subject=P22  SKIP (single-class test)
[21:22:30]   [multistream_fusion] subject=P23  acc=0.714  f1=0.417
[21:22:35]   [multistream_fusion] subject=P24  acc=0.476  f1=0.456
[21:22:39]   [multistream_fusion] subject=P25  acc=0.524  f1=0.344
[21:22:43]   [multistream_fusion] subject=P26  acc=0.429  f1=0.427
[21:22:47]   [multistream_fusion] subject=P27  acc=0.682  f1=0.646
[21:22:51]   [multistream_fusion] subject=P28  acc=0.286  f1=0.279
[21:22:51]   [multistream] subject=P29  SKIP (single-class test)
[21:22:55]   [multistream_fusion] subject=P30  acc=0.524  f1=0.344
[21:22:58]   [multistream_fusion] subject=P31  acc=0.348  f1=0.327
[21:22:58] --- LOSO [dann] ---
[21:23:05]   [dann] subject=P01  acc=0.429  f1=0.417
[21:23:12]   [dann] subject=P02  acc=0.571  f1=0.499
[21:23:18]   [dann] subject=P03  acc=0.389  f1=0.371
[21:23:25]   [dann] subject=P04  acc=0.579  f1=0.513
[21:23:32]   [dann] subject=P05  acc=0.611  f1=0.610
[21:23:38]   [dann] subject=P06  acc=0.550  f1=0.436
[21:23:45]   [dann] subject=P07  acc=0.381  f1=0.358
[21:23:52]   [dann] subject=P08  acc=0.450  f1=0.373
[21:23:58]   [dann] subject=P09  acc=0.750  f1=0.744
[21:24:05]   [dann] subject=P10  acc=0.579  f1=0.568
[21:24:12]   [dann] subject=P11  acc=0.800  f1=0.688
[21:24:18]   [dann] subject=P12  acc=0.579  f1=0.568
[21:24:25]   [dann] subject=P13  acc=0.714  f1=0.708
[21:24:31]   [dann] subject=P14  acc=0.789  f1=0.789
[21:24:37]   [dann] subject=P15  acc=0.500  f1=0.495
[21:24:44]   [dann] subject=P16  acc=0.650  f1=0.627
[21:24:50]   [dann] subject=P17  acc=0.476  f1=0.471
[21:24:57]   [dann] subject=P18  acc=0.500  f1=0.495
[21:25:03]   [dann] subject=P19  acc=0.350  f1=0.335
[21:25:09]   [dann] subject=P20  acc=0.667  f1=0.569
[21:25:16]   [dann] subject=P21  acc=0.450  f1=0.373
[21:25:16]   [dann] subject=P22  SKIP (single-class test)
[21:25:23]   [dann] subject=P23  acc=0.571  f1=0.499
[21:25:29]   [dann] subject=P24  acc=0.571  f1=0.364
[21:25:36]   [dann] subject=P25  acc=0.667  f1=0.505
[21:25:42]   [dann] subject=P26  acc=0.667  f1=0.664
[21:25:49]   [dann] subject=P27  acc=0.545  f1=0.509
[21:25:56]   [dann] subject=P28  acc=0.714  f1=0.679
[21:25:56]   [dann] subject=P29  SKIP (single-class test)
[21:26:03]   [dann] subject=P30  acc=0.571  f1=0.364
[21:26:10]   [dann] subject=P31  acc=0.391  f1=0.381
[21:26:10] --- LOSO [tstcc] ---
[21:26:13]   [tstcc-pretrain] epoch 10/40  loss=8.2455
[21:26:15]   [tstcc-pretrain] epoch 20/40  loss=8.0705
[21:26:18]   [tstcc-pretrain] epoch 30/40  loss=8.0305
[21:26:20]   [tstcc-pretrain] epoch 40/40  loss=7.9998
[21:26:21]   [tstcc] subject=P01  acc=0.333  f1=0.332
[21:26:24]   [tstcc-pretrain] epoch 10/40  loss=8.2629
[21:26:26]   [tstcc-pretrain] epoch 20/40  loss=8.0679
[21:26:29]   [tstcc-pretrain] epoch 30/40  loss=8.0049
[21:26:32]   [tstcc-pretrain] epoch 40/40  loss=7.9852
[21:26:33]   [tstcc] subject=P02  acc=0.571  f1=0.499
[21:26:35]   [tstcc-pretrain] epoch 10/40  loss=8.2601
[21:26:38]   [tstcc-pretrain] epoch 20/40  loss=8.0740
[21:26:41]   [tstcc-pretrain] epoch 30/40  loss=8.0112
[21:26:43]   [tstcc-pretrain] epoch 40/40  loss=8.0042
[21:26:44]   [tstcc] subject=P03  acc=0.444  f1=0.438
[21:26:47]   [tstcc-pretrain] epoch 10/40  loss=8.2512
[21:26:49]   [tstcc-pretrain] epoch 20/40  loss=8.0859
[21:26:52]   [tstcc-pretrain] epoch 30/40  loss=8.0027
[21:26:54]   [tstcc-pretrain] epoch 40/40  loss=7.9951
[21:26:55]   [tstcc] subject=P04  acc=0.789  f1=0.683
[21:26:58]   [tstcc-pretrain] epoch 10/40  loss=8.2614
[21:27:01]   [tstcc-pretrain] epoch 20/40  loss=8.0747
[21:27:04]   [tstcc-pretrain] epoch 30/40  loss=8.0044
[21:27:06]   [tstcc-pretrain] epoch 40/40  loss=8.0071
[21:27:07]   [tstcc] subject=P05  acc=0.667  f1=0.649
[21:27:10]   [tstcc-pretrain] epoch 10/40  loss=8.2406
[21:27:13]   [tstcc-pretrain] epoch 20/40  loss=8.0724
[21:27:15]   [tstcc-pretrain] epoch 30/40  loss=8.0179
[21:27:18]   [tstcc-pretrain] epoch 40/40  loss=7.9923
[21:27:19]   [tstcc] subject=P06  acc=0.300  f1=0.271
[21:27:21]   [tstcc-pretrain] epoch 10/40  loss=8.2594
[21:27:24]   [tstcc-pretrain] epoch 20/40  loss=8.0704
[21:27:27]   [tstcc-pretrain] epoch 30/40  loss=8.0083
[21:27:30]   [tstcc-pretrain] epoch 40/40  loss=8.0024
[21:27:30]   [tstcc] subject=P07  acc=0.238  f1=0.236
[21:27:33]   [tstcc-pretrain] epoch 10/40  loss=8.2584
[21:27:36]   [tstcc-pretrain] epoch 20/40  loss=8.0867
[21:27:39]   [tstcc-pretrain] epoch 30/40  loss=8.0180
[21:27:42]   [tstcc-pretrain] epoch 40/40  loss=8.0069
[21:27:43]   [tstcc] subject=P08  acc=0.500  f1=0.405
[21:27:45]   [tstcc-pretrain] epoch 10/40  loss=8.2830
[21:27:48]   [tstcc-pretrain] epoch 20/40  loss=8.0777
[21:27:51]   [tstcc-pretrain] epoch 30/40  loss=8.0154
[21:27:54]   [tstcc-pretrain] epoch 40/40  loss=8.0053
[21:27:55]   [tstcc] subject=P09  acc=0.550  f1=0.520
[21:27:58]   [tstcc-pretrain] epoch 10/40  loss=8.2345
[21:28:01]   [tstcc-pretrain] epoch 20/40  loss=8.0676
[21:28:04]   [tstcc-pretrain] epoch 30/40  loss=8.0156
[21:28:07]   [tstcc-pretrain] epoch 40/40  loss=7.9956
[21:28:08]   [tstcc] subject=P10  acc=0.474  f1=0.435
[21:28:11]   [tstcc-pretrain] epoch 10/40  loss=8.2576
[21:28:14]   [tstcc-pretrain] epoch 20/40  loss=8.0645
[21:28:16]   [tstcc-pretrain] epoch 30/40  loss=7.9965
[21:28:19]   [tstcc-pretrain] epoch 40/40  loss=8.0041
[21:28:20]   [tstcc] subject=P11  acc=0.600  f1=0.467
[21:28:23]   [tstcc-pretrain] epoch 10/40  loss=8.2537
[21:28:25]   [tstcc-pretrain] epoch 20/40  loss=8.0810
[21:28:28]   [tstcc-pretrain] epoch 30/40  loss=8.0152
[21:28:31]   [tstcc-pretrain] epoch 40/40  loss=8.0088
[21:28:32]   [tstcc] subject=P12  acc=0.632  f1=0.627
[21:28:34]   [tstcc-pretrain] epoch 10/40  loss=8.2468
[21:28:37]   [tstcc-pretrain] epoch 20/40  loss=8.0607
[21:28:40]   [tstcc-pretrain] epoch 30/40  loss=8.0086
[21:28:43]   [tstcc-pretrain] epoch 40/40  loss=8.0005
[21:28:44]   [tstcc] subject=P13  acc=0.929  f1=0.928
[21:28:47]   [tstcc-pretrain] epoch 10/40  loss=8.2401
[21:28:50]   [tstcc-pretrain] epoch 20/40  loss=8.0569
[21:28:53]   [tstcc-pretrain] epoch 30/40  loss=8.0260
[21:28:55]   [tstcc-pretrain] epoch 40/40  loss=8.0079
[21:28:56]   [tstcc] subject=P14  acc=0.579  f1=0.568
[21:28:58]   [tstcc-pretrain] epoch 10/40  loss=8.2295
[21:29:01]   [tstcc-pretrain] epoch 20/40  loss=8.0672
[21:29:03]   [tstcc-pretrain] epoch 30/40  loss=7.9978
[21:29:06]   [tstcc-pretrain] epoch 40/40  loss=7.9684
[21:29:07]   [tstcc] subject=P15  acc=0.550  f1=0.540
[21:29:09]   [tstcc-pretrain] epoch 10/40  loss=8.2632
[21:29:12]   [tstcc-pretrain] epoch 20/40  loss=8.0686
[21:29:14]   [tstcc-pretrain] epoch 30/40  loss=8.0195
[21:29:17]   [tstcc-pretrain] epoch 40/40  loss=8.0011
[21:29:18]   [tstcc] subject=P16  acc=0.700  f1=0.688
[21:29:20]   [tstcc-pretrain] epoch 10/40  loss=8.2525
[21:29:23]   [tstcc-pretrain] epoch 20/40  loss=8.0601
[21:29:25]   [tstcc-pretrain] epoch 30/40  loss=8.0104
[21:29:28]   [tstcc-pretrain] epoch 40/40  loss=7.9895
[21:29:28]   [tstcc] subject=P17  acc=0.619  f1=0.571
[21:29:31]   [tstcc-pretrain] epoch 10/40  loss=8.2433
[21:29:33]   [tstcc-pretrain] epoch 20/40  loss=8.0806
[21:29:36]   [tstcc-pretrain] epoch 30/40  loss=8.0061
[21:29:39]   [tstcc-pretrain] epoch 40/40  loss=8.0070
[21:29:39]   [tstcc] subject=P18  acc=0.700  f1=0.688
[21:29:42]   [tstcc-pretrain] epoch 10/40  loss=8.2687
[21:29:44]   [tstcc-pretrain] epoch 20/40  loss=8.0754
[21:29:47]   [tstcc-pretrain] epoch 30/40  loss=8.0283
[21:29:49]   [tstcc-pretrain] epoch 40/40  loss=8.0151
[21:29:50]   [tstcc] subject=P19  acc=0.200  f1=0.200
[21:29:53]   [tstcc-pretrain] epoch 10/40  loss=8.2439
[21:29:55]   [tstcc-pretrain] epoch 20/40  loss=8.0657
[21:29:58]   [tstcc-pretrain] epoch 30/40  loss=8.0199
[21:30:00]   [tstcc-pretrain] epoch 40/40  loss=7.9857
[21:30:01]   [tstcc] subject=P20  acc=0.429  f1=0.300
[21:30:04]   [tstcc-pretrain] epoch 10/40  loss=8.2342
[21:30:07]   [tstcc-pretrain] epoch 20/40  loss=8.0614
[21:30:10]   [tstcc-pretrain] epoch 30/40  loss=7.9968
[21:30:13]   [tstcc-pretrain] epoch 40/40  loss=7.9887
[21:30:13]   [tstcc] subject=P21  acc=0.750  f1=0.733
[21:30:13]   [tstcc] subject=P22  SKIP (single-class test)
[21:30:16]   [tstcc-pretrain] epoch 10/40  loss=8.2463
[21:30:19]   [tstcc-pretrain] epoch 20/40  loss=8.0614
[21:30:22]   [tstcc-pretrain] epoch 30/40  loss=8.0164
[21:30:25]   [tstcc-pretrain] epoch 40/40  loss=7.9957
[21:30:26]   [tstcc] subject=P23  acc=0.143  f1=0.141
[21:30:28]   [tstcc-pretrain] epoch 10/40  loss=8.2566
[21:30:31]   [tstcc-pretrain] epoch 20/40  loss=8.0907
[21:30:34]   [tstcc-pretrain] epoch 30/40  loss=8.0084
[21:30:36]   [tstcc-pretrain] epoch 40/40  loss=7.9946
[21:30:37]   [tstcc] subject=P24  acc=0.619  f1=0.596
[21:30:40]   [tstcc-pretrain] epoch 10/40  loss=8.2508
[21:30:42]   [tstcc-pretrain] epoch 20/40  loss=8.0712
[21:30:45]   [tstcc-pretrain] epoch 30/40  loss=7.9927
[21:30:47]   [tstcc-pretrain] epoch 40/40  loss=7.9990
[21:30:48]   [tstcc] subject=P25  acc=0.619  f1=0.475
[21:30:51]   [tstcc-pretrain] epoch 10/40  loss=8.2487
[21:30:54]   [tstcc-pretrain] epoch 20/40  loss=8.0659
[21:30:56]   [tstcc-pretrain] epoch 30/40  loss=8.0022
[21:30:59]   [tstcc-pretrain] epoch 40/40  loss=7.9975
[21:31:00]   [tstcc] subject=P26  acc=0.762  f1=0.762
[21:31:03]   [tstcc-pretrain] epoch 10/40  loss=8.2545
[21:31:06]   [tstcc-pretrain] epoch 20/40  loss=8.0703
[21:31:09]   [tstcc-pretrain] epoch 30/40  loss=8.0139
[21:31:12]   [tstcc-pretrain] epoch 40/40  loss=7.9946
[21:31:12]   [tstcc] subject=P27  acc=0.636  f1=0.624
[21:31:15]   [tstcc-pretrain] epoch 10/40  loss=8.2522
[21:31:18]   [tstcc-pretrain] epoch 20/40  loss=8.0740
[21:31:21]   [tstcc-pretrain] epoch 30/40  loss=8.0078
[21:31:24]   [tstcc-pretrain] epoch 40/40  loss=7.9988
[21:31:24]   [tstcc] subject=P28  acc=0.667  f1=0.505
[21:31:24]   [tstcc] subject=P29  SKIP (single-class test)
[21:31:28]   [tstcc-pretrain] epoch 10/40  loss=8.2342
[21:31:30]   [tstcc-pretrain] epoch 20/40  loss=8.0710
[21:31:34]   [tstcc-pretrain] epoch 30/40  loss=8.0177
[21:31:36]   [tstcc-pretrain] epoch 40/40  loss=7.9994
[21:31:37]   [tstcc] subject=P30  acc=0.810  f1=0.447
[21:31:40]   [tstcc-pretrain] epoch 10/40  loss=8.2495
[21:31:43]   [tstcc-pretrain] epoch 20/40  loss=8.0784
[21:31:46]   [tstcc-pretrain] epoch 30/40  loss=8.0148
[21:31:49]   [tstcc-pretrain] epoch 40/40  loss=7.9907
[21:31:49]   [tstcc] subject=P31  acc=0.478  f1=0.384
[21:31:49] [ensemble] 'RandomForest' calibrated T=1.25 (NLL=0.676)
[21:31:49] [ensemble] 'LogisticRegression' calibrated T=4.00 (NLL=0.688)
[21:31:49] [ensemble] 'XGBoost' calibrated T=4.00 (NLL=0.685)
[21:31:49] [ensemble] 'conformer_fusion' calibrated T=4.00 (NLL=0.676)
[21:31:49] [ensemble] 'tiny_tcn_fusion' calibrated T=4.00 (NLL=0.677)
[21:31:49] [ensemble] 'multistream_fusion' calibrated T=4.00 (NLL=0.693)
[21:31:49] [ensemble] 'DANN_Conformer' calibrated T=4.00 (NLL=0.686)
[21:31:49] [ensemble] 'TSTCC' calibrated T=4.00 (NLL=0.686)
[21:31:50] [ensemble] built 'Ensemble' [RandomForest+LogisticRegression+XGBoost+conformer_fusion+tiny_tcn_fusion+multistream_fusion+DANN_Conformer+TSTCC] over 8 members  acc=0.610  f1=0.576
[21:31:54] Saved results to results\emotion\emowork\emowork\arousal

######################################################################
# TARGET = stress
######################################################################
[21:31:54] === EMOWORK / target=stress ===
[21:31:54]   samples=625  subjects=31  labels=['low_stress', 'high_stress']
[21:31:54]   feature_cols=149  seq_shape=(625, 240, 12)
[21:31:54]   [label-variance] target=stress labels=['low_stress', 'high_stress']
[21:31:54]   [label-variance] multi-class subjects: 28/31 -> usable for LOSO evaluation
[21:31:54]   [label-variance] single-class subjects (3): ['P22', 'P28', 'P30'] -> excluded from per-fold metrics
[21:31:54] --- LOSO [Baseline] ---
[21:31:54]   [Baseline] subject=P01  acc=0.286  f1=0.222
[21:31:54]   [Baseline] subject=P02  acc=0.429  f1=0.300
[21:31:54]   [Baseline] subject=P03  acc=0.389  f1=0.280
[21:31:54]   [Baseline] subject=P04  acc=0.211  f1=0.174
[21:31:54]   [Baseline] subject=P05  acc=0.667  f1=0.400
[21:31:54]   [Baseline] subject=P06  acc=0.500  f1=0.333
[21:31:54]   [Baseline] subject=P07  acc=0.333  f1=0.250
[21:31:54]   [Baseline] subject=P08  acc=0.500  f1=0.333
[21:31:54]   [Baseline] subject=P09  acc=0.700  f1=0.412
[21:31:54]   [Baseline] subject=P10  acc=0.526  f1=0.345
[21:31:54]   [Baseline] subject=P11  acc=0.200  f1=0.167
[21:31:54]   [Baseline] subject=P12  acc=0.526  f1=0.345
[21:31:54]   [Baseline] subject=P13  acc=0.500  f1=0.333
[21:31:54]   [Baseline] subject=P14  acc=0.421  f1=0.296
[21:31:54]   [Baseline] subject=P15  acc=0.400  f1=0.286
[21:31:54]   [Baseline] subject=P16  acc=0.800  f1=0.444
[21:31:54]   [Baseline] subject=P17  acc=0.381  f1=0.276
[21:31:54]   [Baseline] subject=P18  acc=0.450  f1=0.310
[21:31:54]   [Baseline] subject=P19  acc=0.700  f1=0.412
[21:31:54]   [Baseline] subject=P20  acc=0.524  f1=0.344
[21:31:54]   [Baseline] subject=P21  acc=0.600  f1=0.375
[21:31:54]   [Baseline] subject=P22  SKIP (single-class test)
[21:31:54]   [Baseline] subject=P23  acc=0.190  f1=0.160
[21:31:54]   [Baseline] subject=P24  acc=0.095  f1=0.087
[21:31:54]   [Baseline] subject=P25  acc=0.476  f1=0.323
[21:31:54]   [Baseline] subject=P26  acc=0.333  f1=0.250
[21:31:54]   [Baseline] subject=P27  acc=0.364  f1=0.267
[21:31:54]   [Baseline] subject=P28  SKIP (single-class test)
[21:31:54]   [Baseline] subject=P29  acc=0.364  f1=0.267
[21:31:54]   [Baseline] subject=P30  SKIP (single-class test)
[21:31:54]   [Baseline] subject=P31  acc=0.478  f1=0.324
[21:31:54] --- LOSO [RandomForest] ---
[21:31:55]   [RandomForest] subject=P01  acc=0.476  f1=0.430
[21:31:56]   [RandomForest] subject=P02  acc=0.810  f1=0.809
[21:31:56]   [RandomForest] subject=P03  acc=0.500  f1=0.498
[21:31:57]   [RandomForest] subject=P04  acc=0.737  f1=0.708
[21:31:57]   [RandomForest] subject=P05  acc=0.833  f1=0.829
[21:31:58]   [RandomForest] subject=P06  acc=0.700  f1=0.700
[21:31:58]   [RandomForest] subject=P07  acc=0.857  f1=0.852
[21:31:59]   [RandomForest] subject=P08  acc=0.850  f1=0.847
[21:32:00]   [RandomForest] subject=P09  acc=0.600  f1=0.596
[21:32:00]   [RandomForest] subject=P10  acc=0.632  f1=0.632
[21:32:01]   [RandomForest] subject=P11  acc=0.750  f1=0.687
[21:32:01]   [RandomForest] subject=P12  acc=0.368  f1=0.367
[21:32:02]   [RandomForest] subject=P13  acc=0.857  f1=0.857
[21:32:02]   [RandomForest] subject=P14  acc=0.842  f1=0.842
[21:32:03]   [RandomForest] subject=P15  acc=0.700  f1=0.700
[21:32:04]   [RandomForest] subject=P16  acc=0.600  f1=0.583
[21:32:04]   [RandomForest] subject=P17  acc=0.762  f1=0.762
[21:32:05]   [RandomForest] subject=P18  acc=0.900  f1=0.896
[21:32:05]   [RandomForest] subject=P19  acc=0.650  f1=0.649
[21:32:06]   [RandomForest] subject=P20  acc=0.619  f1=0.611
[21:32:07]   [RandomForest] subject=P21  acc=0.650  f1=0.642
[21:32:07]   [RandomForest] subject=P22  SKIP (single-class test)
[21:32:07]   [RandomForest] subject=P23  acc=0.429  f1=0.394
[21:32:08]   [RandomForest] subject=P24  acc=0.571  f1=0.446
[21:32:08]   [RandomForest] subject=P25  acc=0.810  f1=0.809
[21:32:09]   [RandomForest] subject=P26  acc=0.857  f1=0.852
[21:32:10]   [RandomForest] subject=P27  acc=0.682  f1=0.646
[21:32:10]   [RandomForest] subject=P28  SKIP (single-class test)
[21:32:10]   [RandomForest] subject=P29  acc=0.682  f1=0.676
[21:32:10]   [RandomForest] subject=P30  SKIP (single-class test)
[21:32:11]   [RandomForest] subject=P31  acc=0.652  f1=0.652
[21:32:11] --- LOSO [LogisticRegression] ---
[21:32:11]   [LogisticRegression] subject=P01  acc=0.571  f1=0.499
[21:32:11]   [LogisticRegression] subject=P02  acc=0.571  f1=0.571
[21:32:11]   [LogisticRegression] subject=P03  acc=0.333  f1=0.333
[21:32:11]   [LogisticRegression] subject=P04  acc=0.632  f1=0.614
[21:32:11]   [LogisticRegression] subject=P05  acc=0.778  f1=0.766
[21:32:11]   [LogisticRegression] subject=P06  acc=0.700  f1=0.700
[21:32:11]   [LogisticRegression] subject=P07  acc=0.810  f1=0.806
[21:32:11]   [LogisticRegression] subject=P08  acc=0.850  f1=0.850
[21:32:11]   [LogisticRegression] subject=P09  acc=0.700  f1=0.697
[21:32:11]   [LogisticRegression] subject=P10  acc=0.947  f1=0.947
[21:32:11]   [LogisticRegression] subject=P11  acc=0.550  f1=0.520
[21:32:11]   [LogisticRegression] subject=P12  acc=0.421  f1=0.415
[21:32:11]   [LogisticRegression] subject=P13  acc=0.786  f1=0.785
[21:32:11]   [LogisticRegression] subject=P14  acc=0.895  f1=0.892
[21:32:11]   [LogisticRegression] subject=P15  acc=0.800  f1=0.798
[21:32:11]   [LogisticRegression] subject=P16  acc=0.400  f1=0.341
[21:32:11]   [LogisticRegression] subject=P17  acc=0.857  f1=0.856
[21:32:11]   [LogisticRegression] subject=P18  acc=0.750  f1=0.749
[21:32:11]   [LogisticRegression] subject=P19  acc=0.550  f1=0.520
[21:32:11]   [LogisticRegression] subject=P20  acc=0.667  f1=0.667
[21:32:11]   [LogisticRegression] subject=P21  acc=0.650  f1=0.649
[21:32:11]   [LogisticRegression] subject=P22  SKIP (single-class test)
[21:32:11]   [LogisticRegression] subject=P23  acc=0.429  f1=0.300
[21:32:11]   [LogisticRegression] subject=P24  acc=0.667  f1=0.569
[21:32:11]   [LogisticRegression] subject=P25  acc=0.476  f1=0.476
[21:32:11]   [LogisticRegression] subject=P26  acc=0.857  f1=0.852
[21:32:11]   [LogisticRegression] subject=P27  acc=0.636  f1=0.607
[21:32:11]   [LogisticRegression] subject=P28  SKIP (single-class test)
[21:32:11]   [LogisticRegression] subject=P29  acc=0.545  f1=0.509
[21:32:11]   [LogisticRegression] subject=P30  SKIP (single-class test)
[21:32:11]   [LogisticRegression] subject=P31  acc=0.522  f1=0.522
[21:32:11] --- LOSO [XGBoost] ---
[21:32:12]   [XGBoost] subject=P01  acc=0.524  f1=0.464
[21:32:13]   [XGBoost] subject=P02  acc=0.714  f1=0.714
[21:32:14]   [XGBoost] subject=P03  acc=0.500  f1=0.498
[21:32:15]   [XGBoost] subject=P04  acc=0.737  f1=0.708
[21:32:16]   [XGBoost] subject=P05  acc=0.833  f1=0.829
[21:32:17]   [XGBoost] subject=P06  acc=0.700  f1=0.697
[21:32:17]   [XGBoost] subject=P07  acc=0.810  f1=0.806
[21:32:18]   [XGBoost] subject=P08  acc=0.900  f1=0.899
[21:32:19]   [XGBoost] subject=P09  acc=0.700  f1=0.697
[21:32:20]   [XGBoost] subject=P10  acc=0.842  f1=0.842
[21:32:21]   [XGBoost] subject=P11  acc=0.700  f1=0.670
[21:32:22]   [XGBoost] subject=P12  acc=0.526  f1=0.526
[21:32:23]   [XGBoost] subject=P13  acc=0.857  f1=0.857
[21:32:24]   [XGBoost] subject=P14  acc=0.526  f1=0.504
[21:32:24]   [XGBoost] subject=P15  acc=0.700  f1=0.697
[21:32:25]   [XGBoost] subject=P16  acc=0.450  f1=0.437
[21:32:26]   [XGBoost] subject=P17  acc=0.619  f1=0.618
[21:32:27]   [XGBoost] subject=P18  acc=0.950  f1=0.949
[21:32:27]   [XGBoost] subject=P19  acc=0.600  f1=0.583
[21:32:28]   [XGBoost] subject=P20  acc=0.667  f1=0.667
[21:32:29]   [XGBoost] subject=P21  acc=0.650  f1=0.627
[21:32:29]   [XGBoost] subject=P22  SKIP (single-class test)
[21:32:30]   [XGBoost] subject=P23  acc=0.286  f1=0.222
[21:32:31]   [XGBoost] subject=P24  acc=0.619  f1=0.533
[21:32:31]   [XGBoost] subject=P25  acc=0.667  f1=0.654
[21:32:32]   [XGBoost] subject=P26  acc=0.905  f1=0.899
[21:32:33]   [XGBoost] subject=P27  acc=0.727  f1=0.686
[21:32:33]   [XGBoost] subject=P28  SKIP (single-class test)
[21:32:34]   [XGBoost] subject=P29  acc=0.636  f1=0.633
[21:32:34]   [XGBoost] subject=P30  SKIP (single-class test)
[21:32:35]   [XGBoost] subject=P31  acc=0.609  f1=0.609
[21:32:35] --- LOSO [conformer] ---
[21:32:40]   [conformer_fusion] subject=P01  acc=0.524  f1=0.495
[21:32:45]   [conformer_fusion] subject=P02  acc=0.619  f1=0.611
[21:32:51]   [conformer_fusion] subject=P03  acc=0.611  f1=0.600
[21:32:57]   [conformer_fusion] subject=P04  acc=0.526  f1=0.504
[21:33:02]   [conformer_fusion] subject=P05  acc=0.778  f1=0.766
[21:33:08]   [conformer_fusion] subject=P06  acc=0.500  f1=0.495
[21:33:14]   [conformer_fusion] subject=P07  acc=0.667  f1=0.667
[21:33:20]   [conformer_fusion] subject=P08  acc=0.850  f1=0.847
[21:33:25]   [conformer_fusion] subject=P09  acc=0.600  f1=0.560
[21:33:31]   [conformer_fusion] subject=P10  acc=0.684  f1=0.661
[21:33:37]   [conformer_fusion] subject=P11  acc=0.550  f1=0.540
[21:33:42]   [conformer_fusion] subject=P12  acc=0.368  f1=0.367
[21:33:47]   [conformer_fusion] subject=P13  acc=1.000  f1=1.000
[21:33:52]   [conformer_fusion] subject=P14  acc=0.526  f1=0.504
[21:33:58]   [conformer_fusion] subject=P15  acc=0.550  f1=0.520
[21:34:04]   [conformer_fusion] subject=P16  acc=0.300  f1=0.293
[21:34:10]   [conformer_fusion] subject=P17  acc=0.714  f1=0.714
[21:34:16]   [conformer_fusion] subject=P18  acc=0.750  f1=0.749
[21:34:22]   [conformer_fusion] subject=P19  acc=0.550  f1=0.436
[21:34:27]   [conformer_fusion] subject=P20  acc=0.619  f1=0.611
[21:34:33]   [conformer_fusion] subject=P21  acc=0.700  f1=0.670
[21:34:33]   [conformer] subject=P22  SKIP (single-class test)
[21:34:39]   [conformer_fusion] subject=P23  acc=0.190  f1=0.190
[21:34:45]   [conformer_fusion] subject=P24  acc=0.476  f1=0.430
[21:34:50]   [conformer_fusion] subject=P25  acc=0.571  f1=0.571
[21:34:57]   [conformer_fusion] subject=P26  acc=0.619  f1=0.611
[21:35:03]   [conformer_fusion] subject=P27  acc=0.545  f1=0.542
[21:35:03]   [conformer] subject=P28  SKIP (single-class test)
[21:35:09]   [conformer_fusion] subject=P29  acc=0.500  f1=0.491
[21:35:09]   [conformer] subject=P30  SKIP (single-class test)
[21:35:15]   [conformer_fusion] subject=P31  acc=0.478  f1=0.425
[21:35:15] --- LOSO [tiny_tcn] ---
[21:35:17]   [tiny_tcn_fusion] subject=P01  acc=0.571  f1=0.499
[21:35:19]   [tiny_tcn_fusion] subject=P02  acc=0.571  f1=0.571
[21:35:21]   [tiny_tcn_fusion] subject=P03  acc=0.611  f1=0.542
[21:35:24]   [tiny_tcn_fusion] subject=P04  acc=0.684  f1=0.661
[21:35:27]   [tiny_tcn_fusion] subject=P05  acc=0.667  f1=0.667
[21:35:29]   [tiny_tcn_fusion] subject=P06  acc=0.450  f1=0.437
[21:35:31]   [tiny_tcn_fusion] subject=P07  acc=0.714  f1=0.650
[21:35:32]   [tiny_tcn_fusion] subject=P08  acc=0.750  f1=0.749
[21:35:34]   [tiny_tcn_fusion] subject=P09  acc=0.450  f1=0.449
[21:35:36]   [tiny_tcn_fusion] subject=P10  acc=0.684  f1=0.683
[21:35:39]   [tiny_tcn_fusion] subject=P11  acc=0.850  f1=0.785
[21:35:41]   [tiny_tcn_fusion] subject=P12  acc=0.421  f1=0.357
[21:35:44]   [tiny_tcn_fusion] subject=P13  acc=0.643  f1=0.591
[21:35:47]   [tiny_tcn_fusion] subject=P14  acc=0.421  f1=0.415
[21:35:48]   [tiny_tcn_fusion] subject=P15  acc=0.600  f1=0.583
[21:35:50]   [tiny_tcn_fusion] subject=P16  acc=0.300  f1=0.293
[21:35:53]   [tiny_tcn_fusion] subject=P17  acc=0.667  f1=0.610
[21:35:55]   [tiny_tcn_fusion] subject=P18  acc=0.550  f1=0.520
[21:35:58]   [tiny_tcn_fusion] subject=P19  acc=0.350  f1=0.307
[21:36:00]   [tiny_tcn_fusion] subject=P20  acc=0.667  f1=0.664
[21:36:02]   [tiny_tcn_fusion] subject=P21  acc=0.550  f1=0.540
[21:36:02]   [tiny_tcn] subject=P22  SKIP (single-class test)
[21:36:04]   [tiny_tcn_fusion] subject=P23  acc=0.381  f1=0.326
[21:36:06]   [tiny_tcn_fusion] subject=P24  acc=0.619  f1=0.533
[21:36:08]   [tiny_tcn_fusion] subject=P25  acc=0.476  f1=0.387
[21:36:11]   [tiny_tcn_fusion] subject=P26  acc=0.810  f1=0.806
[21:36:13]   [tiny_tcn_fusion] subject=P27  acc=0.773  f1=0.727
[21:36:13]   [tiny_tcn] subject=P28  SKIP (single-class test)
[21:36:14]   [tiny_tcn_fusion] subject=P29  acc=0.636  f1=0.636
[21:36:14]   [tiny_tcn] subject=P30  SKIP (single-class test)
[21:36:17]   [tiny_tcn_fusion] subject=P31  acc=0.565  f1=0.558
[21:36:17] --- LOSO [bilstm] ---
[21:36:19]   [bilstm_fusion] subject=P01  acc=0.571  f1=0.533
[21:36:21]   [bilstm_fusion] subject=P02  acc=0.476  f1=0.476
[21:36:23]   [bilstm_fusion] subject=P03  acc=0.556  f1=0.550
[21:36:25]   [bilstm_fusion] subject=P04  acc=0.579  f1=0.568
[21:36:28]   [bilstm_fusion] subject=P05  acc=0.889  f1=0.883
[21:36:30]   [bilstm_fusion] subject=P06  acc=0.650  f1=0.649
[21:36:32]   [bilstm_fusion] subject=P07  acc=0.714  f1=0.697
[21:36:35]   [bilstm_fusion] subject=P08  acc=0.900  f1=0.899
[21:36:37]   [bilstm_fusion] subject=P09  acc=0.650  f1=0.627
[21:36:40]   [bilstm_fusion] subject=P10  acc=0.842  f1=0.840
[21:36:42]   [bilstm_fusion] subject=P11  acc=0.900  f1=0.844
[21:36:44]   [bilstm_fusion] subject=P12  acc=0.421  f1=0.421
[21:36:47]   [bilstm_fusion] subject=P13  acc=0.857  f1=0.854
[21:36:49]   [bilstm_fusion] subject=P14  acc=0.474  f1=0.472
[21:36:52]   [bilstm_fusion] subject=P15  acc=0.550  f1=0.540
[21:36:54]   [bilstm_fusion] subject=P16  acc=0.300  f1=0.293
[21:36:56]   [bilstm_fusion] subject=P17  acc=0.857  f1=0.856
[21:36:58]   [bilstm_fusion] subject=P18  acc=0.900  f1=0.899
[21:37:00]   [bilstm_fusion] subject=P19  acc=0.350  f1=0.307
[21:37:02]   [bilstm_fusion] subject=P20  acc=0.714  f1=0.714
[21:37:04]   [bilstm_fusion] subject=P21  acc=0.750  f1=0.744
[21:37:04]   [bilstm] subject=P22  SKIP (single-class test)
[21:37:06]   [bilstm_fusion] subject=P23  acc=0.381  f1=0.375
[21:37:08]   [bilstm_fusion] subject=P24  acc=0.476  f1=0.430
[21:37:10]   [bilstm_fusion] subject=P25  acc=0.667  f1=0.637
[21:37:13]   [bilstm_fusion] subject=P26  acc=0.619  f1=0.571
[21:37:15]   [bilstm_fusion] subject=P27  acc=0.636  f1=0.636
[21:37:15]   [bilstm] subject=P28  SKIP (single-class test)
[21:37:18]   [bilstm_fusion] subject=P29  acc=0.545  f1=0.542
[21:37:18]   [bilstm] subject=P30  SKIP (single-class test)
[21:37:20]   [bilstm_fusion] subject=P31  acc=0.478  f1=0.469
[21:37:20] --- LOSO [cnn1d] ---
[21:37:23]   [cnn1d_fusion] subject=P01  acc=0.667  f1=0.569
[21:37:25]   [cnn1d_fusion] subject=P02  acc=0.667  f1=0.664
[21:37:27]   [cnn1d_fusion] subject=P03  acc=0.500  f1=0.411
[21:37:29]   [cnn1d_fusion] subject=P04  acc=0.684  f1=0.635
[21:37:31]   [cnn1d_fusion] subject=P05  acc=0.889  f1=0.875
[21:37:33]   [cnn1d_fusion] subject=P06  acc=0.650  f1=0.649
[21:37:34]   [cnn1d_fusion] subject=P07  acc=0.619  f1=0.596
[21:37:35]   [cnn1d_fusion] subject=P08  acc=0.800  f1=0.798
[21:37:37]   [cnn1d_fusion] subject=P09  acc=0.450  f1=0.449
[21:37:39]   [cnn1d_fusion] subject=P10  acc=0.579  f1=0.578
[21:37:40]   [cnn1d_fusion] subject=P11  acc=0.750  f1=0.715
[21:37:42]   [cnn1d_fusion] subject=P12  acc=0.316  f1=0.316
[21:37:45]   [cnn1d_fusion] subject=P13  acc=0.857  f1=0.857
[21:37:47]   [cnn1d_fusion] subject=P14  acc=0.579  f1=0.548
[21:37:48]   [cnn1d_fusion] subject=P15  acc=0.600  f1=0.583
[21:37:51]   [cnn1d_fusion] subject=P16  acc=0.550  f1=0.520
[21:37:53]   [cnn1d_fusion] subject=P17  acc=0.571  f1=0.568
[21:37:55]   [cnn1d_fusion] subject=P18  acc=0.750  f1=0.749
[21:37:57]   [cnn1d_fusion] subject=P19  acc=0.300  f1=0.231
[21:37:59]   [cnn1d_fusion] subject=P20  acc=0.524  f1=0.495
[21:38:01]   [cnn1d_fusion] subject=P21  acc=0.600  f1=0.583
[21:38:01]   [cnn1d] subject=P22  SKIP (single-class test)
[21:38:04]   [cnn1d_fusion] subject=P23  acc=0.381  f1=0.375
[21:38:05]   [cnn1d_fusion] subject=P24  acc=0.524  f1=0.464
[21:38:07]   [cnn1d_fusion] subject=P25  acc=0.381  f1=0.326
[21:38:09]   [cnn1d_fusion] subject=P26  acc=0.714  f1=0.714
[21:38:11]   [cnn1d_fusion] subject=P27  acc=0.727  f1=0.727
[21:38:11]   [cnn1d] subject=P28  SKIP (single-class test)
[21:38:14]   [cnn1d_fusion] subject=P29  acc=0.727  f1=0.725
[21:38:14]   [cnn1d] subject=P30  SKIP (single-class test)
[21:38:16]   [cnn1d_fusion] subject=P31  acc=0.739  f1=0.735
[21:38:16] --- LOSO [multistream] ---
[21:38:20]   [multistream_fusion] subject=P01  acc=0.524  f1=0.464
[21:38:23]   [multistream_fusion] subject=P02  acc=0.714  f1=0.708
[21:38:28]   [multistream_fusion] subject=P03  acc=0.278  f1=0.276
[21:38:31]   [multistream_fusion] subject=P04  acc=0.211  f1=0.174
[21:38:34]   [multistream_fusion] subject=P05  acc=0.722  f1=0.721
[21:38:39]   [multistream_fusion] subject=P06  acc=0.700  f1=0.697
[21:38:45]   [multistream_fusion] subject=P07  acc=0.714  f1=0.679
[21:38:50]   [multistream_fusion] subject=P08  acc=0.600  f1=0.560
[21:38:52]   [multistream_fusion] subject=P09  acc=0.400  f1=0.394
[21:38:56]   [multistream_fusion] subject=P10  acc=0.684  f1=0.635
[21:39:00]   [multistream_fusion] subject=P11  acc=0.650  f1=0.627
[21:39:04]   [multistream_fusion] subject=P12  acc=0.474  f1=0.460
[21:39:08]   [multistream_fusion] subject=P13  acc=0.929  f1=0.928
[21:39:10]   [multistream_fusion] subject=P14  acc=0.421  f1=0.421
[21:39:16]   [multistream_fusion] subject=P15  acc=0.650  f1=0.642
[21:39:19]   [multistream_fusion] subject=P16  acc=0.350  f1=0.335
[21:39:22]   [multistream_fusion] subject=P17  acc=0.667  f1=0.667
[21:39:27]   [multistream_fusion] subject=P18  acc=0.700  f1=0.643
[21:39:30]   [multistream_fusion] subject=P19  acc=0.600  f1=0.467
[21:39:35]   [multistream_fusion] subject=P20  acc=0.524  f1=0.514
[21:39:37]   [multistream_fusion] subject=P21  acc=0.600  f1=0.596
[21:39:37]   [multistream] subject=P22  SKIP (single-class test)
[21:39:40]   [multistream_fusion] subject=P23  acc=0.714  f1=0.417
[21:39:45]   [multistream_fusion] subject=P24  acc=0.571  f1=0.499
[21:39:48]   [multistream_fusion] subject=P25  acc=0.381  f1=0.276
[21:39:52]   [multistream_fusion] subject=P26  acc=0.667  f1=0.667
[21:39:54]   [multistream_fusion] subject=P27  acc=0.682  f1=0.664
[21:39:54]   [multistream] subject=P28  SKIP (single-class test)
[21:39:57]   [multistream_fusion] subject=P29  acc=0.318  f1=0.241
[21:39:57]   [multistream] subject=P30  SKIP (single-class test)
[21:40:03]   [multistream_fusion] subject=P31  acc=0.652  f1=0.652
[21:40:03] --- LOSO [dann] ---
[21:40:09]   [dann] subject=P01  acc=0.619  f1=0.596
[21:40:12]   [dann] subject=P02  acc=0.619  f1=0.596
[21:40:17]   [dann] subject=P03  acc=0.500  f1=0.498
[21:40:23]   [dann] subject=P04  acc=0.684  f1=0.661
[21:40:28]   [dann] subject=P05  acc=0.889  f1=0.883
[21:40:34]   [dann] subject=P06  acc=0.550  f1=0.540
[21:40:40]   [dann] subject=P07  acc=0.619  f1=0.611
[21:40:44]   [dann] subject=P08  acc=0.800  f1=0.798
[21:40:49]   [dann] subject=P09  acc=0.400  f1=0.375
[21:40:55]   [dann] subject=P10  acc=0.789  f1=0.774
[21:41:00]   [dann] subject=P11  acc=0.750  f1=0.715
[21:41:05]   [dann] subject=P12  acc=0.474  f1=0.460
[21:41:10]   [dann] subject=P13  acc=0.929  f1=0.928
[21:41:16]   [dann] subject=P14  acc=0.316  f1=0.240
[21:41:22]   [dann] subject=P15  acc=0.550  f1=0.540
[21:41:26]   [dann] subject=P16  acc=0.500  f1=0.479
[21:41:32]   [dann] subject=P17  acc=0.619  f1=0.611
[21:41:37]   [dann] subject=P18  acc=0.700  f1=0.700
[21:41:43]   [dann] subject=P19  acc=0.650  f1=0.394
[21:41:47]   [dann] subject=P20  acc=0.619  f1=0.596
[21:41:52]   [dann] subject=P21  acc=0.550  f1=0.436
[21:41:52]   [dann] subject=P22  SKIP (single-class test)
[21:41:57]   [dann] subject=P23  acc=0.381  f1=0.375
[21:42:02]   [dann] subject=P24  acc=0.714  f1=0.606
[21:42:08]   [dann] subject=P25  acc=0.619  f1=0.611
[21:42:13]   [dann] subject=P26  acc=0.810  f1=0.806
[21:42:19]   [dann] subject=P27  acc=0.455  f1=0.450
[21:42:19]   [dann] subject=P28  SKIP (single-class test)
[21:42:24]   [dann] subject=P29  acc=0.455  f1=0.450
[21:42:24]   [dann] subject=P30  SKIP (single-class test)
[21:42:30]   [dann] subject=P31  acc=0.565  f1=0.558
[21:42:30] --- LOSO [tstcc] ---
[21:42:32]   [tstcc-pretrain] epoch 10/40  loss=8.3015
[21:42:34]   [tstcc-pretrain] epoch 20/40  loss=8.0972
[21:42:36]   [tstcc-pretrain] epoch 30/40  loss=8.0611
[21:42:38]   [tstcc-pretrain] epoch 40/40  loss=8.0323
[21:42:39]   [tstcc] subject=P01  acc=0.476  f1=0.430
[21:42:41]   [tstcc-pretrain] epoch 10/40  loss=8.2943
[21:42:43]   [tstcc-pretrain] epoch 20/40  loss=8.1263
[21:42:45]   [tstcc-pretrain] epoch 30/40  loss=8.0483
[21:42:47]   [tstcc-pretrain] epoch 40/40  loss=8.0316
[21:42:48]   [tstcc] subject=P02  acc=0.619  f1=0.611
[21:42:50]   [tstcc-pretrain] epoch 10/40  loss=8.2933
[21:42:53]   [tstcc-pretrain] epoch 20/40  loss=8.1078
[21:42:55]   [tstcc-pretrain] epoch 30/40  loss=8.0559
[21:42:58]   [tstcc-pretrain] epoch 40/40  loss=8.0397
[21:42:58]   [tstcc] subject=P03  acc=0.611  f1=0.610
[21:43:01]   [tstcc-pretrain] epoch 10/40  loss=8.3007
[21:43:03]   [tstcc-pretrain] epoch 20/40  loss=8.0979
[21:43:05]   [tstcc-pretrain] epoch 30/40  loss=8.0452
[21:43:07]   [tstcc-pretrain] epoch 40/40  loss=8.0210
[21:43:08]   [tstcc] subject=P04  acc=0.737  f1=0.708
[21:43:10]   [tstcc-pretrain] epoch 10/40  loss=8.2968
[21:43:12]   [tstcc-pretrain] epoch 20/40  loss=8.1068
[21:43:14]   [tstcc-pretrain] epoch 30/40  loss=8.0463
[21:43:17]   [tstcc-pretrain] epoch 40/40  loss=8.0358
[21:43:18]   [tstcc] subject=P05  acc=0.944  f1=0.940
[21:43:20]   [tstcc-pretrain] epoch 10/40  loss=8.2985
[21:43:23]   [tstcc-pretrain] epoch 20/40  loss=8.1179
[21:43:26]   [tstcc-pretrain] epoch 30/40  loss=8.0498
[21:43:28]   [tstcc-pretrain] epoch 40/40  loss=8.0401
[21:43:29]   [tstcc] subject=P06  acc=0.350  f1=0.335
[21:43:31]   [tstcc-pretrain] epoch 10/40  loss=8.2984
[21:43:34]   [tstcc-pretrain] epoch 20/40  loss=8.1169
[21:43:36]   [tstcc-pretrain] epoch 30/40  loss=8.0469
[21:43:39]   [tstcc-pretrain] epoch 40/40  loss=8.0253
[21:43:39]   [tstcc] subject=P07  acc=0.857  f1=0.844
[21:43:42]   [tstcc-pretrain] epoch 10/40  loss=8.2967
[21:43:44]   [tstcc-pretrain] epoch 20/40  loss=8.1017
[21:43:47]   [tstcc-pretrain] epoch 30/40  loss=8.0424
[21:43:49]   [tstcc-pretrain] epoch 40/40  loss=8.0366
[21:43:50]   [tstcc] subject=P08  acc=0.850  f1=0.847
[21:43:52]   [tstcc-pretrain] epoch 10/40  loss=8.2936
[21:43:55]   [tstcc-pretrain] epoch 20/40  loss=8.1093
[21:43:57]   [tstcc-pretrain] epoch 30/40  loss=8.0398
[21:43:59]   [tstcc-pretrain] epoch 40/40  loss=8.0386
[21:44:00]   [tstcc] subject=P09  acc=0.450  f1=0.437
[21:44:02]   [tstcc-pretrain] epoch 10/40  loss=8.2741
[21:44:05]   [tstcc-pretrain] epoch 20/40  loss=8.1007
[21:44:07]   [tstcc-pretrain] epoch 30/40  loss=8.0419
[21:44:09]   [tstcc-pretrain] epoch 40/40  loss=8.0372
[21:44:10]   [tstcc] subject=P10  acc=0.421  f1=0.415
[21:44:12]   [tstcc-pretrain] epoch 10/40  loss=8.3035
[21:44:15]   [tstcc-pretrain] epoch 20/40  loss=8.1237
[21:44:17]   [tstcc-pretrain] epoch 30/40  loss=8.0455
[21:44:20]   [tstcc-pretrain] epoch 40/40  loss=8.0259
[21:44:20]   [tstcc] subject=P11  acc=0.850  f1=0.785
[21:44:22]   [tstcc-pretrain] epoch 10/40  loss=8.2943
[21:44:25]   [tstcc-pretrain] epoch 20/40  loss=8.1189
[21:44:27]   [tstcc-pretrain] epoch 30/40  loss=8.0284
[21:44:29]   [tstcc-pretrain] epoch 40/40  loss=8.0288
[21:44:29]   [tstcc] subject=P12  acc=0.316  f1=0.308
[21:44:32]   [tstcc-pretrain] epoch 10/40  loss=8.3002
[21:44:34]   [tstcc-pretrain] epoch 20/40  loss=8.1216
[21:44:36]   [tstcc-pretrain] epoch 30/40  loss=8.0621
[21:44:38]   [tstcc-pretrain] epoch 40/40  loss=8.0522
[21:44:39]   [tstcc] subject=P13  acc=0.714  f1=0.689
[21:44:41]   [tstcc-pretrain] epoch 10/40  loss=8.3028
[21:44:43]   [tstcc-pretrain] epoch 20/40  loss=8.1191
[21:44:45]   [tstcc-pretrain] epoch 30/40  loss=8.0397
[21:44:47]   [tstcc-pretrain] epoch 40/40  loss=8.0263
[21:44:48]   [tstcc] subject=P14  acc=0.684  f1=0.683
[21:44:50]   [tstcc-pretrain] epoch 10/40  loss=8.3018
[21:44:52]   [tstcc-pretrain] epoch 20/40  loss=8.1009
[21:44:54]   [tstcc-pretrain] epoch 30/40  loss=8.0442
[21:44:57]   [tstcc-pretrain] epoch 40/40  loss=8.0425
[21:44:57]   [tstcc] subject=P15  acc=0.550  f1=0.549
[21:44:59]   [tstcc-pretrain] epoch 10/40  loss=8.3295
[21:45:01]   [tstcc-pretrain] epoch 20/40  loss=8.1069
[21:45:04]   [tstcc-pretrain] epoch 30/40  loss=8.0545
[21:45:06]   [tstcc-pretrain] epoch 40/40  loss=8.0379
[21:45:07]   [tstcc] subject=P16  acc=0.450  f1=0.449
[21:45:09]   [tstcc-pretrain] epoch 10/40  loss=8.3135
[21:45:12]   [tstcc-pretrain] epoch 20/40  loss=8.1455
[21:45:14]   [tstcc-pretrain] epoch 30/40  loss=8.0503
[21:45:17]   [tstcc-pretrain] epoch 40/40  loss=8.0286
[21:45:18]   [tstcc] subject=P17  acc=0.476  f1=0.430
[21:45:20]   [tstcc-pretrain] epoch 10/40  loss=8.2980
[21:45:23]   [tstcc-pretrain] epoch 20/40  loss=8.1062
[21:45:25]   [tstcc-pretrain] epoch 30/40  loss=8.0441
[21:45:27]   [tstcc-pretrain] epoch 40/40  loss=8.0272
[21:45:28]   [tstcc] subject=P18  acc=0.850  f1=0.847
[21:45:30]   [tstcc-pretrain] epoch 10/40  loss=8.3098
[21:45:33]   [tstcc-pretrain] epoch 20/40  loss=8.1073
[21:45:35]   [tstcc-pretrain] epoch 30/40  loss=8.0416
[21:45:37]   [tstcc-pretrain] epoch 40/40  loss=8.0290
[21:45:38]   [tstcc] subject=P19  acc=0.350  f1=0.259
[21:45:40]   [tstcc-pretrain] epoch 10/40  loss=8.3094
[21:45:42]   [tstcc-pretrain] epoch 20/40  loss=8.1230
[21:45:44]   [tstcc-pretrain] epoch 30/40  loss=8.0354
[21:45:46]   [tstcc-pretrain] epoch 40/40  loss=8.0288
[21:45:47]   [tstcc] subject=P20  acc=0.476  f1=0.456
[21:45:49]   [tstcc-pretrain] epoch 10/40  loss=8.2938
[21:45:52]   [tstcc-pretrain] epoch 20/40  loss=8.0943
[21:45:54]   [tstcc-pretrain] epoch 30/40  loss=8.0444
[21:45:56]   [tstcc-pretrain] epoch 40/40  loss=8.0368
[21:45:57]   [tstcc] subject=P21  acc=0.750  f1=0.744
[21:45:57]   [tstcc] subject=P22  SKIP (single-class test)
[21:45:59]   [tstcc-pretrain] epoch 10/40  loss=8.3010
[21:46:01]   [tstcc-pretrain] epoch 20/40  loss=8.1106
[21:46:04]   [tstcc-pretrain] epoch 30/40  loss=8.0388
[21:46:06]   [tstcc-pretrain] epoch 40/40  loss=8.0371
[21:46:07]   [tstcc] subject=P23  acc=0.143  f1=0.125
[21:46:09]   [tstcc-pretrain] epoch 10/40  loss=8.2862
[21:46:11]   [tstcc-pretrain] epoch 20/40  loss=8.1148
[21:46:14]   [tstcc-pretrain] epoch 30/40  loss=8.0647
[21:46:16]   [tstcc-pretrain] epoch 40/40  loss=8.0484
[21:46:17]   [tstcc] subject=P24  acc=0.381  f1=0.358
[21:46:19]   [tstcc-pretrain] epoch 10/40  loss=8.3018
[21:46:21]   [tstcc-pretrain] epoch 20/40  loss=8.1332
[21:46:24]   [tstcc-pretrain] epoch 30/40  loss=8.0561
[21:46:26]   [tstcc-pretrain] epoch 40/40  loss=8.0540
[21:46:26]   [tstcc] subject=P25  acc=0.619  f1=0.596
[21:46:29]   [tstcc-pretrain] epoch 10/40  loss=8.3099
[21:46:31]   [tstcc-pretrain] epoch 20/40  loss=8.1069
[21:46:34]   [tstcc-pretrain] epoch 30/40  loss=8.0508
[21:46:36]   [tstcc-pretrain] epoch 40/40  loss=8.0261
[21:46:36]   [tstcc] subject=P26  acc=0.429  f1=0.394
[21:46:39]   [tstcc-pretrain] epoch 10/40  loss=8.2941
[21:46:41]   [tstcc-pretrain] epoch 20/40  loss=8.1119
[21:46:44]   [tstcc-pretrain] epoch 30/40  loss=8.0491
[21:46:46]   [tstcc-pretrain] epoch 40/40  loss=8.0347
[21:46:46]   [tstcc] subject=P27  acc=0.455  f1=0.450
[21:46:46]   [tstcc] subject=P28  SKIP (single-class test)
[21:46:49]   [tstcc-pretrain] epoch 10/40  loss=8.3100
[21:46:51]   [tstcc-pretrain] epoch 20/40  loss=8.1135
[21:46:54]   [tstcc-pretrain] epoch 30/40  loss=8.0379
[21:46:56]   [tstcc-pretrain] epoch 40/40  loss=8.0366
[21:46:56]   [tstcc] subject=P29  acc=0.818  f1=0.812
[21:46:56]   [tstcc] subject=P30  SKIP (single-class test)
[21:46:59]   [tstcc-pretrain] epoch 10/40  loss=8.2992
[21:47:01]   [tstcc-pretrain] epoch 20/40  loss=8.1109
[21:47:03]   [tstcc-pretrain] epoch 30/40  loss=8.0679
[21:47:06]   [tstcc-pretrain] epoch 40/40  loss=8.0276
[21:47:06]   [tstcc] subject=P31  acc=0.478  f1=0.477
[21:47:06] [ensemble] 'RandomForest' calibrated T=0.85 (NLL=0.607)
[21:47:06] [ensemble] 'LogisticRegression' calibrated T=4.00 (NLL=0.630)
[21:47:06] [ensemble] 'XGBoost' calibrated T=3.00 (NLL=0.608)
[21:47:06] [ensemble] 'conformer_fusion' calibrated T=4.00 (NLL=0.675)
[21:47:06] [ensemble] 'tiny_tcn_fusion' calibrated T=4.00 (NLL=0.663)
[21:47:06] [ensemble] 'multistream_fusion' calibrated T=4.00 (NLL=0.671)
[21:47:06] [ensemble] 'DANN_Conformer' calibrated T=4.00 (NLL=0.669)
[21:47:06] [ensemble] 'TSTCC' calibrated T=3.00 (NLL=0.667)
[21:47:07] [ensemble] built 'Ensemble' [RandomForest+LogisticRegression+XGBoost+conformer_fusion+tiny_tcn_fusion+multistream_fusion+DANN_Conformer+TSTCC] over 8 members  acc=0.671  f1=0.670
[21:47:11] Saved results to results\emotion\emowork\emowork\stress
