[within] loading bundle ...
[within] bundle ready in 0.0s  samples=625  subjects=31

######################################################################
# WITHIN-SUBJECT TARGET = stress
######################################################################
  subject=P01  Baseline                acc=0.714  f1=0.417  n_te=7
  subject=P01  RandomForest            acc=0.857  f1=0.788  n_te=7
  subject=P01  LogisticRegression      acc=1.000  f1=1.000  n_te=7
  subject=P01  XGBoost                 acc=0.857  f1=0.788  n_te=7
  subject=P01  conformer_fusion        acc=0.857  f1=0.844  n_te=7
  subject=P01  bilstm_fusion           acc=0.857  f1=0.844  n_te=7
  subject=P01  cnn1d_fusion            acc=0.857  f1=0.844  n_te=7
  subject=P01  tiny_tcn_fusion         acc=0.857  f1=0.844  n_te=7
  subject=P02  Baseline                acc=0.571  f1=0.364  n_te=7
  subject=P02  RandomForest            acc=0.714  f1=0.650  n_te=7
  subject=P02  LogisticRegression      acc=0.714  f1=0.650  n_te=7
  subject=P02  XGBoost                 acc=0.857  f1=0.844  n_te=7
  subject=P02  conformer_fusion        acc=1.000  f1=1.000  n_te=7
  subject=P02  bilstm_fusion           acc=1.000  f1=1.000  n_te=7
  subject=P02  cnn1d_fusion            acc=1.000  f1=1.000  n_te=7
  subject=P02  tiny_tcn_fusion         acc=1.000  f1=1.000  n_te=7
  subject=P03  Baseline                acc=0.667  f1=0.400  n_te=6
  subject=P03  RandomForest            acc=1.000  f1=1.000  n_te=6
  subject=P03  LogisticRegression      acc=1.000  f1=1.000  n_te=6
  subject=P03  XGBoost                 acc=1.000  f1=1.000  n_te=6
  subject=P03  conformer_fusion        acc=1.000  f1=1.000  n_te=6
  subject=P03  bilstm_fusion           acc=1.000  f1=1.000  n_te=6
  subject=P03  cnn1d_fusion            acc=1.000  f1=1.000  n_te=6
  subject=P03  tiny_tcn_fusion         acc=0.833  f1=0.829  n_te=6
  subject=P04  Baseline                acc=0.833  f1=0.455  n_te=6
  subject=P04  RandomForest            acc=1.000  f1=1.000  n_te=6
  subject=P04  LogisticRegression      acc=1.000  f1=1.000  n_te=6
  subject=P04  XGBoost                 acc=0.833  f1=0.455  n_te=6
  subject=P04  conformer_fusion        acc=1.000  f1=1.000  n_te=6
  subject=P04  bilstm_fusion           acc=1.000  f1=1.000  n_te=6
  subject=P04  cnn1d_fusion            acc=1.000  f1=1.000  n_te=6
  subject=P04  tiny_tcn_fusion         acc=1.000  f1=1.000  n_te=6
  subject=P05  Baseline                acc=0.667  f1=0.400  n_te=6
  subject=P05  RandomForest            acc=1.000  f1=1.000  n_te=6
  subject=P05  LogisticRegression      acc=1.000  f1=1.000  n_te=6
  subject=P05  XGBoost                 acc=1.000  f1=1.000  n_te=6
  subject=P05  conformer_fusion        acc=1.000  f1=1.000  n_te=6
  subject=P05  bilstm_fusion           acc=1.000  f1=1.000  n_te=6
  subject=P05  cnn1d_fusion            acc=0.833  f1=0.829  n_te=6
  subject=P05  tiny_tcn_fusion         acc=1.000  f1=1.000  n_te=6
  subject=P06  Baseline                acc=0.500  f1=0.333  n_te=6
  subject=P06  RandomForest            acc=0.833  f1=0.829  n_te=6
  subject=P06  LogisticRegression      acc=0.667  f1=0.667  n_te=6
  subject=P06  XGBoost                 acc=0.833  f1=0.829  n_te=6
  subject=P06  conformer_fusion        acc=0.667  f1=0.667  n_te=6
  subject=P06  bilstm_fusion           acc=0.667  f1=0.667  n_te=6
  subject=P06  cnn1d_fusion            acc=0.667  f1=0.667  n_te=6
  subject=P06  tiny_tcn_fusion         acc=0.833  f1=0.829  n_te=6
  subject=P07  Baseline                acc=0.714  f1=0.417  n_te=7
  subject=P07  RandomForest            acc=1.000  f1=1.000  n_te=7
  subject=P07  LogisticRegression      acc=1.000  f1=1.000  n_te=7
  subject=P07  XGBoost                 acc=1.000  f1=1.000  n_te=7
  subject=P07  conformer_fusion        acc=1.000  f1=1.000  n_te=7
  subject=P07  bilstm_fusion           acc=1.000  f1=1.000  n_te=7
  subject=P07  cnn1d_fusion            acc=1.000  f1=1.000  n_te=7
  subject=P07  tiny_tcn_fusion         acc=1.000  f1=1.000  n_te=7
  subject=P08  Baseline                acc=0.500  f1=0.333  n_te=6
  subject=P08  RandomForest            acc=1.000  f1=1.000  n_te=6
  subject=P08  LogisticRegression      acc=1.000  f1=1.000  n_te=6
  subject=P08  XGBoost                 acc=1.000  f1=1.000  n_te=6
  subject=P08  conformer_fusion        acc=1.000  f1=1.000  n_te=6
  subject=P08  bilstm_fusion           acc=1.000  f1=1.000  n_te=6
  subject=P08  cnn1d_fusion            acc=1.000  f1=1.000  n_te=6
  subject=P08  tiny_tcn_fusion         acc=1.000  f1=1.000  n_te=6
  subject=P09  Baseline                acc=0.667  f1=0.400  n_te=6
  subject=P09  RandomForest            acc=1.000  f1=1.000  n_te=6
  subject=P09  LogisticRegression      acc=1.000  f1=1.000  n_te=6
  subject=P09  XGBoost                 acc=1.000  f1=1.000  n_te=6
  subject=P09  conformer_fusion        acc=1.000  f1=1.000  n_te=6
  subject=P09  bilstm_fusion           acc=1.000  f1=1.000  n_te=6
  subject=P09  cnn1d_fusion            acc=1.000  f1=1.000  n_te=6
  subject=P09  tiny_tcn_fusion         acc=1.000  f1=1.000  n_te=6
  subject=P10  Baseline                acc=0.500  f1=0.333  n_te=6
  subject=P10  RandomForest            acc=1.000  f1=1.000  n_te=6
  subject=P10  LogisticRegression      acc=1.000  f1=1.000  n_te=6
  subject=P10  XGBoost                 acc=0.833  f1=0.829  n_te=6
  subject=P10  conformer_fusion        acc=1.000  f1=1.000  n_te=6
  subject=P10  bilstm_fusion           acc=1.000  f1=1.000  n_te=6
  subject=P10  cnn1d_fusion            acc=0.667  f1=0.625  n_te=6
  subject=P10  tiny_tcn_fusion         acc=1.000  f1=1.000  n_te=6
  subject=P11  Baseline                acc=0.833  f1=0.455  n_te=6
  subject=P11  RandomForest            acc=0.833  f1=0.455  n_te=6
  subject=P11  LogisticRegression      acc=0.833  f1=0.455  n_te=6
  subject=P11  XGBoost                 acc=0.833  f1=0.455  n_te=6
  subject=P11  conformer_fusion        acc=1.000  f1=1.000  n_te=6
  subject=P11  bilstm_fusion           acc=0.833  f1=0.455  n_te=6
  subject=P11  cnn1d_fusion            acc=0.833  f1=0.455  n_te=6
  subject=P11  tiny_tcn_fusion         acc=0.833  f1=0.455  n_te=6
  subject=P12  Baseline                acc=0.500  f1=0.333  n_te=6
  subject=P12  RandomForest            acc=0.667  f1=0.667  n_te=6
  subject=P12  LogisticRegression      acc=0.667  f1=0.667  n_te=6
  subject=P12  XGBoost                 acc=0.667  f1=0.667  n_te=6
  subject=P12  conformer_fusion        acc=0.667  f1=0.667  n_te=6
  subject=P12  bilstm_fusion           acc=0.667  f1=0.667  n_te=6
  subject=P12  cnn1d_fusion            acc=0.667  f1=0.667  n_te=6
  subject=P12  tiny_tcn_fusion         acc=0.833  f1=0.829  n_te=6
  subject=P13  Baseline                acc=0.400  f1=0.286  n_te=5
  subject=P13  RandomForest            acc=0.800  f1=0.800  n_te=5
  subject=P13  LogisticRegression      acc=1.000  f1=1.000  n_te=5
  subject=P13  XGBoost                 acc=0.400  f1=0.286  n_te=5
  subject=P13  conformer_fusion        acc=1.000  f1=1.000  n_te=5
  subject=P13  bilstm_fusion           acc=1.000  f1=1.000  n_te=5
  subject=P13  cnn1d_fusion            acc=1.000  f1=1.000  n_te=5
  subject=P13  tiny_tcn_fusion         acc=1.000  f1=1.000  n_te=5
  subject=P14  Baseline                acc=0.500  f1=0.333  n_te=6
  subject=P14  RandomForest            acc=1.000  f1=1.000  n_te=6
  subject=P14  LogisticRegression      acc=1.000  f1=1.000  n_te=6
  subject=P14  XGBoost                 acc=1.000  f1=1.000  n_te=6
  subject=P14  conformer_fusion        acc=0.833  f1=0.829  n_te=6
  subject=P14  bilstm_fusion           acc=1.000  f1=1.000  n_te=6
  subject=P14  cnn1d_fusion            acc=1.000  f1=1.000  n_te=6
  subject=P14  tiny_tcn_fusion         acc=1.000  f1=1.000  n_te=6
  subject=P15  Baseline                acc=0.667  f1=0.400  n_te=6
  subject=P15  RandomForest            acc=1.000  f1=1.000  n_te=6
  subject=P15  LogisticRegression      acc=1.000  f1=1.000  n_te=6
  subject=P15  XGBoost                 acc=1.000  f1=1.000  n_te=6
  subject=P15  conformer_fusion        acc=1.000  f1=1.000  n_te=6
  subject=P15  bilstm_fusion           acc=1.000  f1=1.000  n_te=6
  subject=P15  cnn1d_fusion            acc=1.000  f1=1.000  n_te=6
  subject=P15  tiny_tcn_fusion         acc=1.000  f1=1.000  n_te=6
  subject=P16  Baseline                acc=0.833  f1=0.455  n_te=6
  subject=P16  RandomForest            acc=0.833  f1=0.455  n_te=6
  subject=P16  LogisticRegression      acc=1.000  f1=1.000  n_te=6
  subject=P16  XGBoost                 acc=0.833  f1=0.455  n_te=6
  subject=P16  conformer_fusion        acc=1.000  f1=1.000  n_te=6
  subject=P16  bilstm_fusion           acc=0.833  f1=0.778  n_te=6
  subject=P16  cnn1d_fusion            acc=0.833  f1=0.778  n_te=6
  subject=P16  tiny_tcn_fusion         acc=0.833  f1=0.778  n_te=6
  subject=P17  Baseline                acc=0.571  f1=0.364  n_te=7
  subject=P17  RandomForest            acc=1.000  f1=1.000  n_te=7
  subject=P17  LogisticRegression      acc=1.000  f1=1.000  n_te=7
  subject=P17  XGBoost                 acc=1.000  f1=1.000  n_te=7
  subject=P17  conformer_fusion        acc=1.000  f1=1.000  n_te=7
  subject=P17  bilstm_fusion           acc=1.000  f1=1.000  n_te=7
  subject=P17  cnn1d_fusion            acc=1.000  f1=1.000  n_te=7
  subject=P17  tiny_tcn_fusion         acc=0.857  f1=0.857  n_te=7
  subject=P18  Baseline                acc=0.500  f1=0.333  n_te=6
  subject=P18  RandomForest            acc=1.000  f1=1.000  n_te=6
  subject=P18  LogisticRegression      acc=1.000  f1=1.000  n_te=6
  subject=P18  XGBoost                 acc=1.000  f1=1.000  n_te=6
  subject=P18  conformer_fusion        acc=1.000  f1=1.000  n_te=6
  subject=P18  bilstm_fusion           acc=1.000  f1=1.000  n_te=6
  subject=P18  cnn1d_fusion            acc=1.000  f1=1.000  n_te=6
  subject=P18  tiny_tcn_fusion         acc=1.000  f1=1.000  n_te=6
  subject=P19  Baseline                acc=0.667  f1=0.400  n_te=6
  subject=P19  RandomForest            acc=1.000  f1=1.000  n_te=6
  subject=P19  LogisticRegression      acc=1.000  f1=1.000  n_te=6
  subject=P19  XGBoost                 acc=1.000  f1=1.000  n_te=6
  subject=P19  conformer_fusion        acc=1.000  f1=1.000  n_te=6
  subject=P19  bilstm_fusion           acc=1.000  f1=1.000  n_te=6
  subject=P19  cnn1d_fusion            acc=0.833  f1=0.829  n_te=6
  subject=P19  tiny_tcn_fusion         acc=0.833  f1=0.829  n_te=6
  subject=P20  Baseline                acc=0.571  f1=0.364  n_te=7
  subject=P20  RandomForest            acc=1.000  f1=1.000  n_te=7
  subject=P20  LogisticRegression      acc=1.000  f1=1.000  n_te=7
  subject=P20  XGBoost                 acc=0.857  f1=0.857  n_te=7
  subject=P20  conformer_fusion        acc=0.857  f1=0.857  n_te=7
  subject=P20  bilstm_fusion           acc=0.857  f1=0.857  n_te=7
  subject=P20  cnn1d_fusion            acc=1.000  f1=1.000  n_te=7
  subject=P20  tiny_tcn_fusion         acc=1.000  f1=1.000  n_te=7
  subject=P21  Baseline                acc=0.667  f1=0.400  n_te=6
  subject=P21  RandomForest            acc=0.833  f1=0.778  n_te=6
  subject=P21  LogisticRegression      acc=0.833  f1=0.778  n_te=6
  subject=P21  XGBoost                 acc=0.500  f1=0.333  n_te=6
  subject=P21  conformer_fusion        acc=0.500  f1=0.486  n_te=6
  subject=P21  bilstm_fusion           acc=0.833  f1=0.778  n_te=6
  subject=P21  cnn1d_fusion            acc=0.833  f1=0.829  n_te=6
  subject=P21  tiny_tcn_fusion         acc=0.833  f1=0.778  n_te=6
  subject=P22  SKIP (single-class)
  subject=P23  Baseline                acc=0.857  f1=0.462  n_te=7
  subject=P23  RandomForest            acc=0.857  f1=0.462  n_te=7
  subject=P23  LogisticRegression      acc=0.857  f1=0.788  n_te=7
  subject=P23  XGBoost                 acc=0.857  f1=0.462  n_te=7
  subject=P23  conformer_fusion        acc=1.000  f1=1.000  n_te=7
  subject=P23  bilstm_fusion           acc=1.000  f1=1.000  n_te=7
  subject=P23  cnn1d_fusion            acc=1.000  f1=1.000  n_te=7
  subject=P23  tiny_tcn_fusion         acc=0.857  f1=0.462  n_te=7
  subject=P24  Baseline                acc=0.857  f1=0.462  n_te=7
  subject=P24  RandomForest            acc=0.857  f1=0.462  n_te=7
  subject=P24  LogisticRegression      acc=0.714  f1=0.417  n_te=7
  subject=P24  XGBoost                 acc=0.857  f1=0.462  n_te=7
  subject=P24  conformer_fusion        acc=0.857  f1=0.462  n_te=7
  subject=P24  bilstm_fusion           acc=0.714  f1=0.650  n_te=7
  subject=P24  cnn1d_fusion            acc=0.571  f1=0.364  n_te=7
  subject=P24  tiny_tcn_fusion         acc=0.714  f1=0.650  n_te=7
  subject=P25  Baseline                acc=0.429  f1=0.300  n_te=7
  subject=P25  RandomForest            acc=1.000  f1=1.000  n_te=7
  subject=P25  LogisticRegression      acc=1.000  f1=1.000  n_te=7
  subject=P25  XGBoost                 acc=0.714  f1=0.708  n_te=7
  subject=P25  conformer_fusion        acc=0.857  f1=0.844  n_te=7
  subject=P25  bilstm_fusion           acc=0.857  f1=0.844  n_te=7
  subject=P25  cnn1d_fusion            acc=0.857  f1=0.844  n_te=7
  subject=P25  tiny_tcn_fusion         acc=0.857  f1=0.844  n_te=7
  subject=P26  Baseline                acc=0.714  f1=0.417  n_te=7
  subject=P26  RandomForest            acc=1.000  f1=1.000  n_te=7
  subject=P26  LogisticRegression      acc=1.000  f1=1.000  n_te=7
  subject=P26  XGBoost                 acc=1.000  f1=1.000  n_te=7
  subject=P26  conformer_fusion        acc=1.000  f1=1.000  n_te=7
  subject=P26  bilstm_fusion           acc=1.000  f1=1.000  n_te=7
  subject=P26  cnn1d_fusion            acc=1.000  f1=1.000  n_te=7
  subject=P26  tiny_tcn_fusion         acc=1.000  f1=1.000  n_te=7
  subject=P27  Baseline                acc=0.571  f1=0.364  n_te=7
  subject=P27  RandomForest            acc=1.000  f1=1.000  n_te=7
  subject=P27  LogisticRegression      acc=1.000  f1=1.000  n_te=7
  subject=P27  XGBoost                 acc=1.000  f1=1.000  n_te=7
  subject=P27  conformer_fusion        acc=1.000  f1=1.000  n_te=7
  subject=P27  bilstm_fusion           acc=0.857  f1=0.857  n_te=7
  subject=P27  cnn1d_fusion            acc=1.000  f1=1.000  n_te=7
  subject=P27  tiny_tcn_fusion         acc=1.000  f1=1.000  n_te=7
  subject=P28  SKIP (single-class)
  subject=P29  Baseline                acc=0.571  f1=0.364  n_te=7
  subject=P29  RandomForest            acc=0.857  f1=0.844  n_te=7
  subject=P29  LogisticRegression      acc=1.000  f1=1.000  n_te=7
  subject=P29  XGBoost                 acc=0.571  f1=0.533  n_te=7
  subject=P29  conformer_fusion        acc=0.857  f1=0.844  n_te=7
  subject=P29  bilstm_fusion           acc=0.714  f1=0.708  n_te=7
  subject=P29  cnn1d_fusion            acc=0.571  f1=0.533  n_te=7
  subject=P29  tiny_tcn_fusion         acc=0.571  f1=0.533  n_te=7
  subject=P30  SKIP (single-class)
  subject=P31  Baseline                acc=0.429  f1=0.300  n_te=7
  subject=P31  RandomForest            acc=1.000  f1=1.000  n_te=7
  subject=P31  LogisticRegression      acc=1.000  f1=1.000  n_te=7
  subject=P31  XGBoost                 acc=0.714  f1=0.650  n_te=7
  subject=P31  conformer_fusion        acc=1.000  f1=1.000  n_te=7
  subject=P31  bilstm_fusion           acc=1.000  f1=1.000  n_te=7
  subject=P31  cnn1d_fusion            acc=1.000  f1=1.000  n_te=7
  subject=P31  tiny_tcn_fusion         acc=0.714  f1=0.650  n_te=7

[within] stress summary:
             model  accuracy_mean  accuracy_std  balanced_accuracy_mean  macro_f1_mean  macro_f1_std  macro_recall_mean  weighted_f1_mean  cohen_kappa_mean  n_subjects
          Baseline       0.623980      0.137192                0.500000       0.380022      0.051818           0.500000          0.487916          0.000000          28
LogisticRegression       0.938776      0.114907                0.913690       0.907864      0.176300           0.913690          0.934496          0.822261          28
      RandomForest       0.926531      0.100802                0.869048       0.863840      0.199758           0.869048          0.913203          0.744083          28
           XGBoost       0.857823      0.165885                0.788690       0.771811      0.247503           0.788690          0.833494          0.580432          28
     bilstm_fusion       0.917517      0.115463                0.911012       0.896605      0.151040           0.911012          0.916342          0.800755          28
      cnn1d_fusion       0.893707      0.144535                0.879762       0.866508      0.189550           0.879762          0.891860          0.743371          28
  conformer_fusion       0.926871      0.129429                0.914583       0.910701      0.158203           0.914583          0.924629          0.826439          28
   tiny_tcn_fusion       0.902211      0.114707                0.882738       0.863046      0.173224           0.882738          0.896470          0.740538          28

######################################################################
# WITHIN-SUBJECT TARGET = arousal
######################################################################
  subject=P01  Baseline                acc=0.571  f1=0.364  n_te=7
  subject=P01  RandomForest            acc=1.000  f1=1.000  n_te=7
  subject=P01  LogisticRegression      acc=1.000  f1=1.000  n_te=7
  subject=P01  XGBoost                 acc=0.714  f1=0.650  n_te=7
  subject=P01  conformer_fusion        acc=1.000  f1=1.000  n_te=7
  subject=P01  bilstm_fusion           acc=1.000  f1=1.000  n_te=7
  subject=P01  cnn1d_fusion            acc=1.000  f1=1.000  n_te=7
  subject=P01  tiny_tcn_fusion         acc=0.857  f1=0.857  n_te=7
  subject=P02  Baseline                acc=0.857  f1=0.462  n_te=7
  subject=P02  RandomForest            acc=0.857  f1=0.462  n_te=7
  subject=P02  LogisticRegression      acc=1.000  f1=1.000  n_te=7
  subject=P02  XGBoost                 acc=0.857  f1=0.462  n_te=7
  subject=P02  conformer_fusion        acc=1.000  f1=1.000  n_te=7
  subject=P02  bilstm_fusion           acc=1.000  f1=1.000  n_te=7
  subject=P02  cnn1d_fusion            acc=1.000  f1=1.000  n_te=7
  subject=P02  tiny_tcn_fusion         acc=1.000  f1=1.000  n_te=7
  subject=P03  Baseline                acc=0.667  f1=0.400  n_te=6
  subject=P03  RandomForest            acc=0.667  f1=0.625  n_te=6
  subject=P03  LogisticRegression      acc=0.500  f1=0.486  n_te=6
  subject=P03  XGBoost                 acc=0.500  f1=0.486  n_te=6
  subject=P03  conformer_fusion        acc=0.500  f1=0.333  n_te=6
  subject=P03  bilstm_fusion           acc=0.667  f1=0.625  n_te=6
  subject=P03  cnn1d_fusion            acc=0.667  f1=0.625  n_te=6
  subject=P03  tiny_tcn_fusion         acc=0.833  f1=0.829  n_te=6
  subject=P04  Baseline                acc=0.833  f1=0.455  n_te=6
  subject=P04  RandomForest            acc=0.833  f1=0.455  n_te=6
  subject=P04  LogisticRegression      acc=1.000  f1=1.000  n_te=6
  subject=P04  XGBoost                 acc=0.833  f1=0.455  n_te=6
  subject=P04  conformer_fusion        acc=0.833  f1=0.455  n_te=6
  subject=P04  bilstm_fusion           acc=1.000  f1=1.000  n_te=6
  subject=P04  cnn1d_fusion            acc=0.833  f1=0.455  n_te=6
  subject=P04  tiny_tcn_fusion         acc=1.000  f1=1.000  n_te=6
  subject=P05  Baseline                acc=0.667  f1=0.400  n_te=6
  subject=P05  RandomForest            acc=1.000  f1=1.000  n_te=6
  subject=P05  LogisticRegression      acc=1.000  f1=1.000  n_te=6
  subject=P05  XGBoost                 acc=1.000  f1=1.000  n_te=6
  subject=P05  conformer_fusion        acc=1.000  f1=1.000  n_te=6
  subject=P05  bilstm_fusion           acc=1.000  f1=1.000  n_te=6
  subject=P05  cnn1d_fusion            acc=1.000  f1=1.000  n_te=6
  subject=P05  tiny_tcn_fusion         acc=1.000  f1=1.000  n_te=6
  subject=P06  SKIP (min class count=1)
  subject=P07  Baseline                acc=0.857  f1=0.462  n_te=7
  subject=P07  RandomForest            acc=0.857  f1=0.462  n_te=7
  subject=P07  LogisticRegression      acc=1.000  f1=1.000  n_te=7
  subject=P07  XGBoost                 acc=0.857  f1=0.462  n_te=7
  subject=P07  conformer_fusion        acc=1.000  f1=1.000  n_te=7
  subject=P07  bilstm_fusion           acc=0.857  f1=0.788  n_te=7
  subject=P07  cnn1d_fusion            acc=1.000  f1=1.000  n_te=7
  subject=P07  tiny_tcn_fusion         acc=1.000  f1=1.000  n_te=7
  subject=P08  Baseline                acc=0.833  f1=0.455  n_te=6
  subject=P08  RandomForest            acc=0.833  f1=0.455  n_te=6
  subject=P08  LogisticRegression      acc=0.833  f1=0.455  n_te=6
  subject=P08  XGBoost                 acc=0.833  f1=0.455  n_te=6
  subject=P08  conformer_fusion        acc=0.833  f1=0.455  n_te=6
  subject=P08  bilstm_fusion           acc=0.667  f1=0.400  n_te=6
  subject=P08  cnn1d_fusion            acc=0.667  f1=0.400  n_te=6
  subject=P08  tiny_tcn_fusion         acc=0.667  f1=0.400  n_te=6
  subject=P09  Baseline                acc=0.667  f1=0.400  n_te=6
  subject=P09  RandomForest            acc=0.833  f1=0.778  n_te=6
  subject=P09  LogisticRegression      acc=0.667  f1=0.400  n_te=6
  subject=P09  XGBoost                 acc=1.000  f1=1.000  n_te=6
  subject=P09  conformer_fusion        acc=1.000  f1=1.000  n_te=6
  subject=P09  bilstm_fusion           acc=0.833  f1=0.778  n_te=6
  subject=P09  cnn1d_fusion            acc=0.833  f1=0.778  n_te=6
  subject=P09  tiny_tcn_fusion         acc=0.833  f1=0.778  n_te=6
  subject=P10  Baseline                acc=0.667  f1=0.400  n_te=6
  subject=P10  RandomForest            acc=0.833  f1=0.778  n_te=6
  subject=P10  LogisticRegression      acc=1.000  f1=1.000  n_te=6
  subject=P10  XGBoost                 acc=0.667  f1=0.400  n_te=6
  subject=P10  conformer_fusion        acc=0.667  f1=0.400  n_te=6
  subject=P10  bilstm_fusion           acc=0.667  f1=0.400  n_te=6
  subject=P10  cnn1d_fusion            acc=0.667  f1=0.625  n_te=6
  subject=P10  tiny_tcn_fusion         acc=0.667  f1=0.400  n_te=6
  subject=P11  Baseline                acc=0.833  f1=0.455  n_te=6
  subject=P11  RandomForest            acc=0.833  f1=0.455  n_te=6
  subject=P11  LogisticRegression      acc=0.833  f1=0.778  n_te=6
  subject=P11  XGBoost                 acc=0.833  f1=0.455  n_te=6
  subject=P11  conformer_fusion        acc=1.000  f1=1.000  n_te=6
  subject=P11  bilstm_fusion           acc=1.000  f1=1.000  n_te=6
  subject=P11  cnn1d_fusion            acc=1.000  f1=1.000  n_te=6
  subject=P11  tiny_tcn_fusion         acc=1.000  f1=1.000  n_te=6
  subject=P12  Baseline                acc=0.667  f1=0.400  n_te=6
  subject=P12  RandomForest            acc=1.000  f1=1.000  n_te=6
  subject=P12  LogisticRegression      acc=0.833  f1=0.829  n_te=6
  subject=P12  XGBoost                 acc=0.833  f1=0.778  n_te=6
  subject=P12  conformer_fusion        acc=0.833  f1=0.829  n_te=6
  subject=P12  bilstm_fusion           acc=0.833  f1=0.829  n_te=6
  subject=P12  cnn1d_fusion            acc=0.833  f1=0.829  n_te=6
  subject=P12  tiny_tcn_fusion         acc=0.833  f1=0.829  n_te=6
  subject=P13  Baseline                acc=0.600  f1=0.375  n_te=5
  subject=P13  RandomForest            acc=1.000  f1=1.000  n_te=5
  subject=P13  LogisticRegression      acc=1.000  f1=1.000  n_te=5
  subject=P13  XGBoost                 acc=0.600  f1=0.375  n_te=5
  subject=P13  conformer_fusion        acc=1.000  f1=1.000  n_te=5
  subject=P13  bilstm_fusion           acc=1.000  f1=1.000  n_te=5
  subject=P13  cnn1d_fusion            acc=1.000  f1=1.000  n_te=5
  subject=P13  tiny_tcn_fusion         acc=1.000  f1=1.000  n_te=5
  subject=P14  Baseline                acc=0.500  f1=0.333  n_te=6
  subject=P14  RandomForest            acc=1.000  f1=1.000  n_te=6
  subject=P14  LogisticRegression      acc=0.833  f1=0.829  n_te=6
  subject=P14  XGBoost                 acc=0.833  f1=0.829  n_te=6
  subject=P14  conformer_fusion        acc=0.833  f1=0.829  n_te=6
  subject=P14  bilstm_fusion           acc=0.667  f1=0.667  n_te=6
  subject=P14  cnn1d_fusion            acc=0.667  f1=0.667  n_te=6
  subject=P14  tiny_tcn_fusion         acc=0.667  f1=0.667  n_te=6
  subject=P15  Baseline                acc=0.667  f1=0.400  n_te=6
  subject=P15  RandomForest            acc=0.833  f1=0.778  n_te=6
  subject=P15  LogisticRegression      acc=0.333  f1=0.333  n_te=6
  subject=P15  XGBoost                 acc=0.833  f1=0.778  n_te=6
  subject=P15  conformer_fusion        acc=0.500  f1=0.333  n_te=6
  subject=P15  bilstm_fusion           acc=0.667  f1=0.625  n_te=6
  subject=P15  cnn1d_fusion            acc=0.667  f1=0.625  n_te=6
  subject=P15  tiny_tcn_fusion         acc=0.833  f1=0.829  n_te=6
  subject=P16  Baseline                acc=0.667  f1=0.400  n_te=6
  subject=P16  RandomForest            acc=0.833  f1=0.778  n_te=6
  subject=P16  LogisticRegression      acc=0.833  f1=0.778  n_te=6
  subject=P16  XGBoost                 acc=0.667  f1=0.400  n_te=6
  subject=P16  conformer_fusion        acc=0.833  f1=0.778  n_te=6
  subject=P16  bilstm_fusion           acc=0.833  f1=0.778  n_te=6
  subject=P16  cnn1d_fusion            acc=0.833  f1=0.778  n_te=6
  subject=P16  tiny_tcn_fusion         acc=0.833  f1=0.778  n_te=6
  subject=P17  Baseline                acc=0.714  f1=0.417  n_te=7
  subject=P17  RandomForest            acc=1.000  f1=1.000  n_te=7
  subject=P17  LogisticRegression      acc=1.000  f1=1.000  n_te=7
  subject=P17  XGBoost                 acc=1.000  f1=1.000  n_te=7
  subject=P17  conformer_fusion        acc=1.000  f1=1.000  n_te=7
  subject=P17  bilstm_fusion           acc=1.000  f1=1.000  n_te=7
  subject=P17  cnn1d_fusion            acc=1.000  f1=1.000  n_te=7
  subject=P17  tiny_tcn_fusion         acc=1.000  f1=1.000  n_te=7
  subject=P18  Baseline                acc=0.667  f1=0.400  n_te=6
  subject=P18  RandomForest            acc=0.833  f1=0.829  n_te=6
  subject=P18  LogisticRegression      acc=0.833  f1=0.829  n_te=6
  subject=P18  XGBoost                 acc=0.833  f1=0.829  n_te=6
  subject=P18  conformer_fusion        acc=0.833  f1=0.829  n_te=6
  subject=P18  bilstm_fusion           acc=0.833  f1=0.829  n_te=6
  subject=P18  cnn1d_fusion            acc=0.833  f1=0.829  n_te=6
  subject=P18  tiny_tcn_fusion         acc=0.833  f1=0.829  n_te=6
  subject=P19  Baseline                acc=0.667  f1=0.400  n_te=6
  subject=P19  RandomForest            acc=0.500  f1=0.333  n_te=6
  subject=P19  LogisticRegression      acc=0.667  f1=0.625  n_te=6
  subject=P19  XGBoost                 acc=0.500  f1=0.333  n_te=6
  subject=P19  conformer_fusion        acc=0.500  f1=0.333  n_te=6
  subject=P19  bilstm_fusion           acc=0.500  f1=0.333  n_te=6
  subject=P19  cnn1d_fusion            acc=0.667  f1=0.667  n_te=6
  subject=P19  tiny_tcn_fusion         acc=0.500  f1=0.333  n_te=6
  subject=P20  Baseline                acc=0.857  f1=0.462  n_te=7
  subject=P20  RandomForest            acc=0.857  f1=0.462  n_te=7
  subject=P20  LogisticRegression      acc=0.714  f1=0.417  n_te=7
  subject=P20  XGBoost                 acc=0.857  f1=0.462  n_te=7
  subject=P20  conformer_fusion        acc=0.571  f1=0.364  n_te=7
  subject=P20  bilstm_fusion           acc=0.571  f1=0.364  n_te=7
  subject=P20  cnn1d_fusion            acc=0.857  f1=0.462  n_te=7
  subject=P20  tiny_tcn_fusion         acc=0.857  f1=0.462  n_te=7
  subject=P21  Baseline                acc=0.667  f1=0.400  n_te=6
  subject=P21  RandomForest            acc=0.667  f1=0.400  n_te=6
  subject=P21  LogisticRegression      acc=0.833  f1=0.778  n_te=6
  subject=P21  XGBoost                 acc=0.667  f1=0.400  n_te=6
  subject=P21  conformer_fusion        acc=0.667  f1=0.400  n_te=6
  subject=P21  bilstm_fusion           acc=0.667  f1=0.625  n_te=6
  subject=P21  cnn1d_fusion            acc=0.667  f1=0.400  n_te=6
  subject=P21  tiny_tcn_fusion         acc=0.667  f1=0.400  n_te=6
  subject=P22  SKIP (single-class)
  subject=P23  Baseline                acc=0.714  f1=0.417  n_te=7
  subject=P23  RandomForest            acc=0.714  f1=0.417  n_te=7
  subject=P23  LogisticRegression      acc=1.000  f1=1.000  n_te=7
  subject=P23  XGBoost                 acc=1.000  f1=1.000  n_te=7
  subject=P23  conformer_fusion        acc=1.000  f1=1.000  n_te=7
  subject=P23  bilstm_fusion           acc=1.000  f1=1.000  n_te=7
  subject=P23  cnn1d_fusion            acc=0.714  f1=0.708  n_te=7
  subject=P23  tiny_tcn_fusion         acc=1.000  f1=1.000  n_te=7
  subject=P24  Baseline                acc=0.714  f1=0.417  n_te=7
  subject=P24  RandomForest            acc=1.000  f1=1.000  n_te=7
  subject=P24  LogisticRegression      acc=1.000  f1=1.000  n_te=7
  subject=P24  XGBoost                 acc=1.000  f1=1.000  n_te=7
  subject=P24  conformer_fusion        acc=1.000  f1=1.000  n_te=7
  subject=P24  bilstm_fusion           acc=1.000  f1=1.000  n_te=7
  subject=P24  cnn1d_fusion            acc=0.857  f1=0.788  n_te=7
  subject=P24  tiny_tcn_fusion         acc=1.000  f1=1.000  n_te=7
  subject=P25  SKIP (min class count=1)
  subject=P26  Baseline                acc=0.571  f1=0.364  n_te=7
  subject=P26  RandomForest            acc=0.857  f1=0.844  n_te=7
  subject=P26  LogisticRegression      acc=0.857  f1=0.844  n_te=7
  subject=P26  XGBoost                 acc=0.857  f1=0.857  n_te=7
  subject=P26  conformer_fusion        acc=0.857  f1=0.844  n_te=7
  subject=P26  bilstm_fusion           acc=0.857  f1=0.844  n_te=7
  subject=P26  cnn1d_fusion            acc=0.714  f1=0.650  n_te=7
  subject=P26  tiny_tcn_fusion         acc=0.714  f1=0.708  n_te=7
  subject=P27  Baseline                acc=0.714  f1=0.417  n_te=7
  subject=P27  RandomForest            acc=0.714  f1=0.417  n_te=7
  subject=P27  LogisticRegression      acc=0.857  f1=0.844  n_te=7
  subject=P27  XGBoost                 acc=0.714  f1=0.417  n_te=7
  subject=P27  conformer_fusion        acc=0.714  f1=0.417  n_te=7
  subject=P27  bilstm_fusion           acc=0.857  f1=0.844  n_te=7
  subject=P27  cnn1d_fusion            acc=1.000  f1=1.000  n_te=7
  subject=P27  tiny_tcn_fusion         acc=1.000  f1=1.000  n_te=7
  subject=P28  Baseline                acc=0.857  f1=0.462  n_te=7
  subject=P28  RandomForest            acc=1.000  f1=1.000  n_te=7
  subject=P28  LogisticRegression      acc=0.857  f1=0.788  n_te=7
  subject=P28  XGBoost                 acc=0.857  f1=0.462  n_te=7
  subject=P28  conformer_fusion        acc=0.857  f1=0.462  n_te=7
  subject=P28  bilstm_fusion           acc=0.857  f1=0.788  n_te=7
  subject=P28  cnn1d_fusion            acc=0.857  f1=0.788  n_te=7
  subject=P28  tiny_tcn_fusion         acc=0.857  f1=0.788  n_te=7
  subject=P29  SKIP (single-class)
  subject=P30  SKIP (min class count=1)
  subject=P31  Baseline                acc=0.571  f1=0.364  n_te=7
  subject=P31  RandomForest            acc=1.000  f1=1.000  n_te=7
  subject=P31  LogisticRegression      acc=0.857  f1=0.844  n_te=7
  subject=P31  XGBoost                 acc=0.857  f1=0.857  n_te=7
  subject=P31  conformer_fusion        acc=1.000  f1=1.000  n_te=7
  subject=P31  bilstm_fusion           acc=0.857  f1=0.844  n_te=7
  subject=P31  cnn1d_fusion            acc=0.714  f1=0.708  n_te=7
  subject=P31  tiny_tcn_fusion         acc=1.000  f1=1.000  n_te=7

[within] arousal summary:
             model  accuracy_mean  accuracy_std  balanced_accuracy_mean  macro_f1_mean  macro_f1_std  macro_recall_mean  weighted_f1_mean  cohen_kappa_mean  n_subjects
          Baseline       0.702564      0.102656                0.500000       0.410604      0.035382           0.500000          0.583921          0.000000          26
LogisticRegression       0.851648      0.167590                0.822436       0.802135      0.217563           0.822436          0.844049          0.625877          26
      RandomForest       0.859890      0.130987                0.738782       0.720156      0.253219           0.738782          0.824209          0.485089          26
           XGBoost       0.807875      0.143357                0.673077       0.638365      0.244356           0.673077          0.758598          0.345927          26
     bilstm_fusion       0.834249      0.154814                0.800000       0.783093      0.219021           0.800000          0.829012          0.580844          26
      cnn1d_fusion       0.828755      0.135697                0.780128       0.760752      0.200349           0.780128          0.815928          0.545301          26
  conformer_fusion       0.839744      0.176327                0.754808       0.733033      0.282294           0.754808          0.811359          0.506717          26
   tiny_tcn_fusion       0.863553      0.144209                0.824679       0.803259      0.226795           0.824679          0.848598          0.630079          26

######################################################################
# WITHIN-SUBJECT TARGET = valence
######################################################################
  subject=P01  Baseline                acc=0.857  f1=0.462  n_te=7
  subject=P01  RandomForest            acc=0.857  f1=0.462  n_te=7
  subject=P01  LogisticRegression      acc=0.857  f1=0.788  n_te=7
  subject=P01  XGBoost                 acc=0.857  f1=0.462  n_te=7
  subject=P01  conformer_fusion        acc=0.857  f1=0.462  n_te=7
  subject=P01  bilstm_fusion           acc=0.857  f1=0.462  n_te=7
  subject=P01  cnn1d_fusion            acc=0.857  f1=0.462  n_te=7
  subject=P01  tiny_tcn_fusion         acc=0.857  f1=0.462  n_te=7
  subject=P02  SKIP (single-class)
  subject=P03  SKIP (single-class)
  subject=P04  SKIP (single-class)
  subject=P05  SKIP (min class count=1)
  subject=P06  Baseline                acc=0.833  f1=0.455  n_te=6
  subject=P06  RandomForest            acc=0.833  f1=0.455  n_te=6
  subject=P06  LogisticRegression      acc=0.833  f1=0.455  n_te=6
  subject=P06  XGBoost                 acc=0.833  f1=0.455  n_te=6
  subject=P06  conformer_fusion        acc=0.833  f1=0.455  n_te=6
  subject=P06  bilstm_fusion           acc=0.833  f1=0.455  n_te=6
  subject=P06  cnn1d_fusion            acc=0.833  f1=0.455  n_te=6
  subject=P06  tiny_tcn_fusion         acc=0.833  f1=0.455  n_te=6
  subject=P07  SKIP (single-class)
  subject=P08  SKIP (min class count=1)
  subject=P09  SKIP (single-class)
  subject=P10  SKIP (single-class)
  subject=P11  SKIP (single-class)
  subject=P12  Baseline                acc=0.667  f1=0.400  n_te=6
  subject=P12  RandomForest            acc=1.000  f1=1.000  n_te=6
  subject=P12  LogisticRegression      acc=1.000  f1=1.000  n_te=6
  subject=P12  XGBoost                 acc=0.667  f1=0.400  n_te=6
  subject=P12  conformer_fusion        acc=1.000  f1=1.000  n_te=6
  subject=P12  bilstm_fusion           acc=0.833  f1=0.829  n_te=6
  subject=P12  cnn1d_fusion            acc=1.000  f1=1.000  n_te=6
  subject=P12  tiny_tcn_fusion         acc=0.833  f1=0.829  n_te=6
  subject=P13  Baseline                acc=0.600  f1=0.375  n_te=5
  subject=P13  RandomForest            acc=1.000  f1=1.000  n_te=5
  subject=P13  LogisticRegression      acc=1.000  f1=1.000  n_te=5
  subject=P13  XGBoost                 acc=0.600  f1=0.375  n_te=5
  subject=P13  conformer_fusion        acc=1.000  f1=1.000  n_te=5
  subject=P13  bilstm_fusion           acc=1.000  f1=1.000  n_te=5
  subject=P13  cnn1d_fusion            acc=1.000  f1=1.000  n_te=5
  subject=P13  tiny_tcn_fusion         acc=1.000  f1=1.000  n_te=5
  subject=P14  SKIP (single-class)
  subject=P15  Baseline                acc=0.833  f1=0.455  n_te=6
  subject=P15  RandomForest            acc=1.000  f1=1.000  n_te=6
  subject=P15  LogisticRegression      acc=1.000  f1=1.000  n_te=6
  subject=P15  XGBoost                 acc=0.833  f1=0.455  n_te=6
  subject=P15  conformer_fusion        acc=0.833  f1=0.455  n_te=6
  subject=P15  bilstm_fusion           acc=1.000  f1=1.000  n_te=6
  subject=P15  cnn1d_fusion            acc=1.000  f1=1.000  n_te=6
  subject=P15  tiny_tcn_fusion         acc=1.000  f1=1.000  n_te=6
  subject=P16  Baseline                acc=0.667  f1=0.400  n_te=6
  subject=P16  RandomForest            acc=1.000  f1=1.000  n_te=6
  subject=P16  LogisticRegression      acc=1.000  f1=1.000  n_te=6
  subject=P16  XGBoost                 acc=0.833  f1=0.829  n_te=6
  subject=P16  conformer_fusion        acc=1.000  f1=1.000  n_te=6
  subject=P16  bilstm_fusion           acc=1.000  f1=1.000  n_te=6
  subject=P16  cnn1d_fusion            acc=1.000  f1=1.000  n_te=6
  subject=P16  tiny_tcn_fusion         acc=1.000  f1=1.000  n_te=6
  subject=P17  SKIP (min class count=1)
  subject=P18  Baseline                acc=0.833  f1=0.455  n_te=6
  subject=P18  RandomForest            acc=0.833  f1=0.455  n_te=6
  subject=P18  LogisticRegression      acc=1.000  f1=1.000  n_te=6
  subject=P18  XGBoost                 acc=0.833  f1=0.455  n_te=6
  subject=P18  conformer_fusion        acc=1.000  f1=1.000  n_te=6
  subject=P18  bilstm_fusion           acc=1.000  f1=1.000  n_te=6
  subject=P18  cnn1d_fusion            acc=1.000  f1=1.000  n_te=6
  subject=P18  tiny_tcn_fusion         acc=1.000  f1=1.000  n_te=6
  subject=P19  Baseline                acc=0.833  f1=0.455  n_te=6
  subject=P19  RandomForest            acc=1.000  f1=1.000  n_te=6
  subject=P19  LogisticRegression      acc=1.000  f1=1.000  n_te=6
  subject=P19  XGBoost                 acc=0.833  f1=0.455  n_te=6
  subject=P19  conformer_fusion        acc=1.000  f1=1.000  n_te=6
  subject=P19  bilstm_fusion           acc=1.000  f1=1.000  n_te=6
  subject=P19  cnn1d_fusion            acc=1.000  f1=1.000  n_te=6
  subject=P19  tiny_tcn_fusion         acc=1.000  f1=1.000  n_te=6
  subject=P20  Baseline                acc=0.714  f1=0.417  n_te=7
  subject=P20  RandomForest            acc=0.857  f1=0.788  n_te=7
  subject=P20  LogisticRegression      acc=0.857  f1=0.788  n_te=7
  subject=P20  XGBoost                 acc=0.714  f1=0.417  n_te=7
  subject=P20  conformer_fusion        acc=1.000  f1=1.000  n_te=7
  subject=P20  bilstm_fusion           acc=1.000  f1=1.000  n_te=7
  subject=P20  cnn1d_fusion            acc=0.714  f1=0.650  n_te=7
  subject=P20  tiny_tcn_fusion         acc=0.857  f1=0.788  n_te=7
  subject=P21  SKIP (min class count=1)
  subject=P22  SKIP (min class count=1)
  subject=P23  Baseline                acc=0.571  f1=0.364  n_te=7
  subject=P23  RandomForest            acc=0.571  f1=0.533  n_te=7
  subject=P23  LogisticRegression      acc=0.857  f1=0.857  n_te=7
  subject=P23  XGBoost                 acc=0.571  f1=0.533  n_te=7
  subject=P23  conformer_fusion        acc=0.857  f1=0.857  n_te=7
  subject=P23  bilstm_fusion           acc=0.857  f1=0.857  n_te=7
  subject=P23  cnn1d_fusion            acc=0.857  f1=0.857  n_te=7
  subject=P23  tiny_tcn_fusion         acc=0.714  f1=0.708  n_te=7
  subject=P24  Baseline                acc=0.714  f1=0.417  n_te=7
  subject=P24  RandomForest            acc=0.857  f1=0.788  n_te=7
  subject=P24  LogisticRegression      acc=1.000  f1=1.000  n_te=7
  subject=P24  XGBoost                 acc=0.714  f1=0.417  n_te=7
  subject=P24  conformer_fusion        acc=0.857  f1=0.844  n_te=7
  subject=P24  bilstm_fusion           acc=1.000  f1=1.000  n_te=7
  subject=P24  cnn1d_fusion            acc=0.857  f1=0.844  n_te=7
  subject=P24  tiny_tcn_fusion         acc=1.000  f1=1.000  n_te=7
  subject=P25  SKIP (min class count=1)
  subject=P26  Baseline                acc=0.714  f1=0.417  n_te=7
  subject=P26  RandomForest            acc=0.857  f1=0.788  n_te=7
  subject=P26  LogisticRegression      acc=0.857  f1=0.788  n_te=7
  subject=P26  XGBoost                 acc=0.714  f1=0.417  n_te=7
  subject=P26  conformer_fusion        acc=0.857  f1=0.788  n_te=7
  subject=P26  bilstm_fusion           acc=0.857  f1=0.788  n_te=7
  subject=P26  cnn1d_fusion            acc=0.857  f1=0.788  n_te=7
  subject=P26  tiny_tcn_fusion         acc=0.857  f1=0.788  n_te=7
  subject=P27  SKIP (min class count=1)
  subject=P28  SKIP (single-class)
  subject=P29  SKIP (single-class)
  subject=P30  SKIP (single-class)
  subject=P31  Baseline                acc=0.857  f1=0.462  n_te=7
  subject=P31  RandomForest            acc=0.857  f1=0.462  n_te=7
  subject=P31  LogisticRegression      acc=0.857  f1=0.462  n_te=7
  subject=P31  XGBoost                 acc=0.857  f1=0.462  n_te=7
  subject=P31  conformer_fusion        acc=0.857  f1=0.462  n_te=7
  subject=P31  bilstm_fusion           acc=0.714  f1=0.650  n_te=7
  subject=P31  cnn1d_fusion            acc=1.000  f1=1.000  n_te=7
  subject=P31  tiny_tcn_fusion         acc=0.857  f1=0.788  n_te=7

[within] valence summary:
             model  accuracy_mean  accuracy_std  balanced_accuracy_mean  macro_f1_mean  macro_f1_std  macro_recall_mean  weighted_f1_mean  cohen_kappa_mean  n_subjects
          Baseline       0.745788      0.101081                0.500000       0.425377      0.034015           0.500000          0.640822          0.000000          13
LogisticRegression       0.932234      0.076442                0.868590       0.856682      0.199130           0.868590          0.920003          0.729593          13
      RandomForest       0.886447      0.120293                0.753205       0.748395      0.242336           0.753205          0.859187          0.527051          13
           XGBoost       0.758608      0.100779                0.532051       0.471397      0.114060           0.532051          0.674788          0.057971          13
     bilstm_fusion       0.919414      0.097463                0.871795       0.849206      0.205983           0.871795          0.910846          0.718349          13
      cnn1d_fusion       0.921245      0.095922                0.859615       0.850427      0.205897           0.859615          0.909502          0.715684          13
  conformer_fusion       0.919414      0.078088                0.809615       0.793972      0.243705           0.809615          0.896772          0.615684          13
   tiny_tcn_fusion       0.908425      0.095657                0.849359       0.832048      0.197948           0.849359          0.895644          0.684070          13

######################################################################
# WITHIN-SUBJECT TARGET = quadrant
######################################################################
  subject=P01  Baseline                acc=0.429  f1=0.200  n_te=7
  subject=P01  RandomForest            acc=0.857  f1=0.619  n_te=7
  subject=P01  LogisticRegression      acc=0.714  f1=0.556  n_te=7
  subject=P01  XGBoost                 acc=0.857  f1=0.619  n_te=7
  subject=P01  conformer_fusion        acc=0.714  f1=0.556  n_te=7
  subject=P01  bilstm_fusion           acc=0.714  f1=0.552  n_te=7
  subject=P01  cnn1d_fusion            acc=0.714  f1=0.552  n_te=7
  subject=P01  tiny_tcn_fusion         acc=0.714  f1=0.556  n_te=7
  subject=P02  Baseline                acc=0.857  f1=0.462  n_te=7
  subject=P02  RandomForest            acc=0.857  f1=0.462  n_te=7
  subject=P02  LogisticRegression      acc=0.857  f1=0.462  n_te=7
  subject=P02 XGBoost  ERROR Invalid classes inferred from unique values of `y`.  Expected: [0 1], got [2 3]
  subject=P02  conformer_fusion        acc=0.857  f1=0.462  n_te=7
  subject=P02  bilstm_fusion           acc=1.000  f1=1.000  n_te=7
  subject=P02  cnn1d_fusion            acc=1.000  f1=1.000  n_te=7
  subject=P02  tiny_tcn_fusion         acc=1.000  f1=1.000  n_te=7
  subject=P03  Baseline                acc=0.667  f1=0.400  n_te=6
  subject=P03  RandomForest            acc=0.833  f1=0.778  n_te=6
  subject=P03  LogisticRegression      acc=1.000  f1=1.000  n_te=6
  subject=P03 XGBoost  ERROR Invalid classes inferred from unique values of `y`.  Expected: [0 1], got [2 3]
  subject=P03  conformer_fusion        acc=0.833  f1=0.778  n_te=6
  subject=P03  bilstm_fusion           acc=1.000  f1=1.000  n_te=6
  subject=P03  cnn1d_fusion            acc=1.000  f1=1.000  n_te=6
  subject=P03  tiny_tcn_fusion         acc=1.000  f1=1.000  n_te=6
  subject=P04  Baseline                acc=0.833  f1=0.455  n_te=6
  subject=P04  RandomForest            acc=0.833  f1=0.455  n_te=6
  subject=P04  LogisticRegression      acc=0.667  f1=0.400  n_te=6
  subject=P04 XGBoost  ERROR Invalid classes inferred from unique values of `y`.  Expected: [0 1], got [2 3]
  subject=P04  conformer_fusion        acc=0.667  f1=0.400  n_te=6
  subject=P04  bilstm_fusion           acc=0.833  f1=0.778  n_te=6
  subject=P04  cnn1d_fusion            acc=0.667  f1=0.400  n_te=6
  subject=P04  tiny_tcn_fusion         acc=0.667  f1=0.400  n_te=6
  subject=P05  SKIP (min class count=1)
  subject=P06  SKIP (min class count=1)
  subject=P07  Baseline                acc=0.857  f1=0.462  n_te=7
  subject=P07  RandomForest            acc=0.857  f1=0.462  n_te=7
  subject=P07  LogisticRegression      acc=0.857  f1=0.462  n_te=7
  subject=P07 XGBoost  ERROR Invalid classes inferred from unique values of `y`.  Expected: [0 1], got [2 3]
  subject=P07  conformer_fusion        acc=0.857  f1=0.462  n_te=7
  subject=P07  bilstm_fusion           acc=0.857  f1=0.462  n_te=7
  subject=P07  cnn1d_fusion            acc=1.000  f1=1.000  n_te=7
x:\dev\Empathic\.venv\Lib\site-packages\sklearn\metrics\_classification.py:2924: UserWarning: y_pred contains classes not in y_true
  warnings.warn("y_pred contains classes not in y_true")
  subject=P07  tiny_tcn_fusion         acc=0.857  f1=0.636  n_te=7
  subject=P08  SKIP (min class count=1)
  subject=P09  Baseline                acc=0.667  f1=0.400  n_te=6
  subject=P09  RandomForest            acc=0.667  f1=0.625  n_te=6
  subject=P09  LogisticRegression      acc=0.833  f1=0.829  n_te=6
  subject=P09 XGBoost  ERROR Invalid classes inferred from unique values of `y`.  Expected: [0 1], got [2 3]
  subject=P09  conformer_fusion        acc=0.833  f1=0.778  n_te=6
  subject=P09  bilstm_fusion           acc=1.000  f1=1.000  n_te=6
  subject=P09  cnn1d_fusion            acc=0.667  f1=0.625  n_te=6
  subject=P09  tiny_tcn_fusion         acc=0.833  f1=0.829  n_te=6
  subject=P10  Baseline                acc=0.667  f1=0.400  n_te=6
  subject=P10  RandomForest            acc=0.833  f1=0.778  n_te=6
  subject=P10  LogisticRegression      acc=0.833  f1=0.778  n_te=6
  subject=P10 XGBoost  ERROR Invalid classes inferred from unique values of `y`.  Expected: [0 1], got [2 3]
  subject=P10  conformer_fusion        acc=0.833  f1=0.778  n_te=6
  subject=P10  bilstm_fusion           acc=0.833  f1=0.778  n_te=6
  subject=P10  cnn1d_fusion            acc=0.333  f1=0.333  n_te=6
  subject=P10  tiny_tcn_fusion         acc=0.667  f1=0.625  n_te=6
  subject=P11  Baseline                acc=0.833  f1=0.455  n_te=6
  subject=P11  RandomForest            acc=0.833  f1=0.455  n_te=6
  subject=P11  LogisticRegression      acc=0.667  f1=0.400  n_te=6
  subject=P11 XGBoost  ERROR Invalid classes inferred from unique values of `y`.  Expected: [0 1], got [2 3]
  subject=P11  conformer_fusion        acc=0.833  f1=0.455  n_te=6
  subject=P11  bilstm_fusion           acc=0.833  f1=0.455  n_te=6
  subject=P11  cnn1d_fusion            acc=0.833  f1=0.455  n_te=6
  subject=P11  tiny_tcn_fusion         acc=0.833  f1=0.455  n_te=6
  subject=P12  Baseline                acc=0.500  f1=0.167  n_te=6
  subject=P12  RandomForest            acc=0.667  f1=0.375  n_te=6
  subject=P12  LogisticRegression      acc=0.833  f1=0.667  n_te=6
  subject=P12  XGBoost                 acc=0.833  f1=0.714  n_te=6
  subject=P12  conformer_fusion        acc=0.833  f1=0.667  n_te=6
  subject=P12  bilstm_fusion           acc=1.000  f1=1.000  n_te=6
  subject=P12  cnn1d_fusion            acc=1.000  f1=1.000  n_te=6
  subject=P12  tiny_tcn_fusion         acc=0.833  f1=0.667  n_te=6
  subject=P13  Baseline                acc=0.600  f1=0.375  n_te=5
  subject=P13  RandomForest            acc=1.000  f1=1.000  n_te=5
  subject=P13  LogisticRegression      acc=1.000  f1=1.000  n_te=5
  subject=P13 XGBoost  ERROR Invalid classes inferred from unique values of `y`.  Expected: [0 1], got [1 2]
  subject=P13  conformer_fusion        acc=1.000  f1=1.000  n_te=5
  subject=P13  bilstm_fusion           acc=1.000  f1=1.000  n_te=5
  subject=P13  cnn1d_fusion            acc=1.000  f1=1.000  n_te=5
  subject=P13  tiny_tcn_fusion         acc=1.000  f1=1.000  n_te=5
  subject=P14  Baseline                acc=0.500  f1=0.333  n_te=6
  subject=P14  RandomForest            acc=0.500  f1=0.486  n_te=6
  subject=P14  LogisticRegression      acc=0.500  f1=0.486  n_te=6
  subject=P14 XGBoost  ERROR Invalid classes inferred from unique values of `y`.  Expected: [0 1], got [2 3]
  subject=P14  conformer_fusion        acc=0.500  f1=0.486  n_te=6
  subject=P14  bilstm_fusion           acc=0.500  f1=0.486  n_te=6
  subject=P14  cnn1d_fusion            acc=0.667  f1=0.667  n_te=6
  subject=P14  tiny_tcn_fusion         acc=0.500  f1=0.486  n_te=6
  subject=P15  Baseline                acc=0.667  f1=0.267  n_te=6
  subject=P15  RandomForest            acc=0.667  f1=0.267  n_te=6
  subject=P15  LogisticRegression      acc=0.667  f1=0.267  n_te=6
  subject=P15 XGBoost  ERROR Invalid classes inferred from unique values of `y`.  Expected: [0 1 2], got [1 2 3]
  subject=P15  conformer_fusion        acc=0.667  f1=0.267  n_te=6
  subject=P15  bilstm_fusion           acc=0.667  f1=0.267  n_te=6
  subject=P15  cnn1d_fusion            acc=0.667  f1=0.267  n_te=6
  subject=P15  tiny_tcn_fusion         acc=0.667  f1=0.267  n_te=6
  subject=P16  Baseline                acc=0.667  f1=0.400  n_te=6
  subject=P16  RandomForest            acc=0.833  f1=0.778  n_te=6
  subject=P16  LogisticRegression      acc=0.833  f1=0.778  n_te=6
  subject=P16 XGBoost  ERROR Invalid classes inferred from unique values of `y`.  Expected: [0 1], got [1 2]
  subject=P16  conformer_fusion        acc=0.833  f1=0.778  n_te=6
  subject=P16  bilstm_fusion           acc=0.833  f1=0.778  n_te=6
  subject=P16  cnn1d_fusion            acc=0.833  f1=0.778  n_te=6
  subject=P16  tiny_tcn_fusion         acc=0.833  f1=0.778  n_te=6
  subject=P17  SKIP (min class count=1)
  subject=P18  Baseline                acc=0.500  f1=0.222  n_te=6
  subject=P18  RandomForest            acc=0.667  f1=0.489  n_te=6
  subject=P18  LogisticRegression      acc=0.833  f1=0.867  n_te=6
  subject=P18 XGBoost  ERROR Invalid classes inferred from unique values of `y`.  Expected: [0 1 2], got [0 2 3]
  subject=P18  conformer_fusion        acc=0.833  f1=0.619  n_te=6
  subject=P18  bilstm_fusion           acc=0.833  f1=0.867  n_te=6
  subject=P18  cnn1d_fusion            acc=0.833  f1=0.867  n_te=6
  subject=P18  tiny_tcn_fusion         acc=0.667  f1=0.722  n_te=6
  subject=P19  Baseline                acc=0.500  f1=0.167  n_te=6
  subject=P19  RandomForest            acc=0.167  f1=0.071  n_te=6
  subject=P19  LogisticRegression      acc=0.667  f1=0.667  n_te=6
  subject=P19  XGBoost                 acc=0.167  f1=0.083  n_te=6
  subject=P19  conformer_fusion        acc=0.667  f1=0.583  n_te=6
  subject=P19  bilstm_fusion           acc=0.500  f1=0.600  n_te=6
  subject=P19  cnn1d_fusion            acc=0.500  f1=0.600  n_te=6
  subject=P19  tiny_tcn_fusion         acc=0.500  f1=0.600  n_te=6
  subject=P20  Baseline                acc=0.714  f1=0.278  n_te=7
  subject=P20  RandomForest            acc=0.714  f1=0.303  n_te=7
  subject=P20  LogisticRegression      acc=0.857  f1=0.636  n_te=7
  subject=P20  XGBoost                 acc=0.714  f1=0.303  n_te=7
