[16:43:23] device=cuda (GPU used by deep model: True)
[16:43:23] [WESAD] subjects=15  window=60s stride=30s @ 700Hz
X:\dev\Empathic\src\empathic\data\wesad.py:444: VisibleDeprecationWarning: dtype(): align should be passed as Python or NumPy boolean but got `align=0`. Did you mean to pass a tuple to create a subarray type? (Deprecated NumPy 2.4)
  data = pickle.load(fh, encoding="latin1")
[16:43:34] [WESAD] S10: windows=103  intervals=8
[16:43:44] [WESAD] S11: windows=102  intervals=8
[16:43:54] [WESAD] S13: windows=102  intervals=7
[16:44:04] [WESAD] S14: windows=102  intervals=8
[16:44:14] [WESAD] S15: windows=101  intervals=6
[16:44:24] [WESAD] S16: windows=99  intervals=8
[16:44:34] [WESAD] S17: windows=100  intervals=8
[16:44:45] [WESAD] S2: windows=96  intervals=7
[16:44:56] [WESAD] S3: windows=99  intervals=7
[16:45:07] [WESAD] S4: windows=99  intervals=7
[16:45:17] [WESAD] S5: windows=99  intervals=8
[16:45:28] [WESAD] S6: windows=99  intervals=8
[16:45:38] [WESAD] S7: windows=99  intervals=7
[16:45:47] [WESAD] S8: windows=100  intervals=7
[16:45:56] [WESAD] S9: windows=99  intervals=7
[16:45:56] [WESAD] samples=1499  features=89  subjects=15  dim_with_va=1476  seq_norm=zscore  baseline_corrected=1499
[16:45:57] === WESAD / target=arousal ===
[16:45:57]   samples=1499  subjects=15  labels=['LA', 'HA']
[16:45:57]   feature_cols=89  seq_shape=(1499, 240, 8)
[16:45:57] --- LOSO [Baseline] ---
[16:45:57]   [Baseline] subject=S10  acc=0.650  f1=0.394
[16:45:57]   [Baseline] subject=S11  acc=0.647  f1=0.393
[16:45:57]   [Baseline] subject=S13  acc=0.657  f1=0.396
[16:45:57]   [Baseline] subject=S14  acc=0.657  f1=0.396
[16:45:57]   [Baseline] subject=S15  acc=0.644  f1=0.392
[16:45:57]   [Baseline] subject=S16  acc=0.657  f1=0.396
[16:45:57]   [Baseline] subject=S17  acc=0.640  f1=0.390
[16:45:57]   [Baseline] subject=S2  acc=0.656  f1=0.396
[16:45:57]   [Baseline] subject=S3  acc=0.646  f1=0.393
[16:45:57]   [Baseline] subject=S4  acc=0.667  f1=0.400
[16:45:57]   [Baseline] subject=S5  acc=0.667  f1=0.400
[16:45:57]   [Baseline] subject=S6  acc=0.657  f1=0.396
[16:45:57]   [Baseline] subject=S7  acc=0.657  f1=0.396
[16:45:57]   [Baseline] subject=S8  acc=0.650  f1=0.394
[16:45:57]   [Baseline] subject=S9  acc=0.667  f1=0.400
[16:45:57] --- LOSO [RandomForest] ---
[16:45:58]   [RandomForest] subject=S10  acc=0.864  f1=0.832
[16:45:58]   [RandomForest] subject=S11  acc=0.833  f1=0.805
[16:45:59]   [RandomForest] subject=S13  acc=0.980  f1=0.978
[16:46:00]   [RandomForest] subject=S14  acc=0.990  f1=0.989
[16:46:00]   [RandomForest] subject=S15  acc=0.871  f1=0.847
[16:46:01]   [RandomForest] subject=S16  acc=0.949  f1=0.942
[16:46:02]   [RandomForest] subject=S17  acc=0.990  f1=0.989
[16:46:02]   [RandomForest] subject=S2  acc=0.802  f1=0.772
[16:46:03]   [RandomForest] subject=S3  acc=0.960  f1=0.955
[16:46:04]   [RandomForest] subject=S4  acc=0.869  f1=0.836
[16:46:05]   [RandomForest] subject=S5  acc=0.859  f1=0.833
[16:46:05]   [RandomForest] subject=S6  acc=0.980  f1=0.978
[16:46:06]   [RandomForest] subject=S7  acc=0.828  f1=0.795
[16:46:07]   [RandomForest] subject=S8  acc=0.830  f1=0.809
[16:46:07]   [RandomForest] subject=S9  acc=0.990  f1=0.989
[16:46:07] --- LOSO [LogisticRegression] ---
[16:46:07]   [LogisticRegression] subject=S10  acc=0.854  f1=0.829
[16:46:08]   [LogisticRegression] subject=S11  acc=0.814  f1=0.804
[16:46:08]   [LogisticRegression] subject=S13  acc=0.961  f1=0.957
[16:46:08]   [LogisticRegression] subject=S14  acc=1.000  f1=1.000
[16:46:08]   [LogisticRegression] subject=S15  acc=0.881  f1=0.876
[16:46:08]   [LogisticRegression] subject=S16  acc=0.970  f1=0.967
[16:46:08]   [LogisticRegression] subject=S17  acc=0.940  f1=0.934
[16:46:08]   [LogisticRegression] subject=S2  acc=0.510  f1=0.506
[16:46:08]   [LogisticRegression] subject=S3  acc=0.939  f1=0.934
[16:46:08]   [LogisticRegression] subject=S4  acc=0.949  f1=0.941
[16:46:08]   [LogisticRegression] subject=S5  acc=0.970  f1=0.965
[16:46:08]   [LogisticRegression] subject=S6  acc=0.939  f1=0.935
[16:46:08]   [LogisticRegression] subject=S7  acc=0.879  f1=0.869
[16:46:08]   [LogisticRegression] subject=S8  acc=0.760  f1=0.748
[16:46:08]   [LogisticRegression] subject=S9  acc=0.960  f1=0.955
[16:46:08] --- LOSO [XGBoost] ---
X:\dev\Empathic\.venv\Lib\site-packages\xgboost\core.py:751: UserWarning: [16:46:09] WARNING: C:\actions-runner\_work\xgboost\xgboost\src\common\error_msg.cc:62: Falling back to prediction using DMatrix due to mismatched devices. This might lead to higher memory usage and slower performance. XGBoost is running on: cuda:0, while the input data is on: cpu.
Potential solutions:
- Use a data structure that matches the device ordinal in the booster.
- Set the device for booster before call to inplace_predict.

This warning will only be shown once.

  return func(**kwargs)
[16:46:09]   [XGBoost] subject=S10  acc=0.835  f1=0.794
[16:46:10]   [XGBoost] subject=S11  acc=0.892  f1=0.876
[16:46:11]   [XGBoost] subject=S13  acc=0.990  f1=0.989
[16:46:11]   [XGBoost] subject=S14  acc=0.990  f1=0.989
[16:46:12]   [XGBoost] subject=S15  acc=0.941  f1=0.932
[16:46:13]   [XGBoost] subject=S16  acc=0.960  f1=0.955
[16:46:13]   [XGBoost] subject=S17  acc=0.990  f1=0.989
[16:46:14]   [XGBoost] subject=S2  acc=0.573  f1=0.565
[16:46:15]   [XGBoost] subject=S3  acc=0.939  f1=0.935
[16:46:15]   [XGBoost] subject=S4  acc=0.939  f1=0.931
[16:46:16]   [XGBoost] subject=S5  acc=0.939  f1=0.932
[16:46:16]   [XGBoost] subject=S6  acc=0.990  f1=0.989
[16:46:17]   [XGBoost] subject=S7  acc=0.848  f1=0.811
[16:46:18]   [XGBoost] subject=S8  acc=0.730  f1=0.724
[16:46:18]   [XGBoost] subject=S9  acc=0.960  f1=0.955
[16:46:18] --- LOSO [conformer] ---
Traceback (most recent call last):
  File "X:\dev\Empathic\train.py", line 114, in <module>
    raise SystemExit(main())
                     ~~~~^^
  File "X:\dev\Empathic\train.py", line 93, in main
    run_experiment(
    ~~~~~~~~~~~~~~^
        bundle,
        ^^^^^^^
    ...<12 lines>...
        verbose=True,
        ^^^^^^^^^^^^^
    )
    ^
  File "X:\dev\Empathic\src\empathic\training.py", line 904, in run_experiment
    res = _deep_loso(
        bundle, target_kind,
    ...<4 lines>...
        verbose=verbose,
    )
  File "X:\dev\Empathic\src\empathic\training.py", line 791, in _deep_loso
    preds, probs, param_count, model_name = _train_deep_fold(
                                            ~~~~~~~~~~~~~~~~^
        s_train_aug.astype(np.float32),
        ^^^^^^^^^^^^^^^^^^^^^^^^^^^^^^^
    ...<8 lines>...
        verbose=False,
        ^^^^^^^^^^^^^^
    )
    ^
  File "X:\dev\Empathic\src\empathic\training.py", line 221, in _train_deep_fold
    logits = model(xb_m)
  File "X:\dev\Empathic\.venv\Lib\site-packages\torch\nn\modules\module.py", line 1779, in _wrapped_call_impl
    return self._call_impl(*args, **kwargs)
           ~~~~~~~~~~~~~~~^^^^^^^^^^^^^^^^^
  File "X:\dev\Empathic\.venv\Lib\site-packages\torch\nn\modules\module.py", line 1790, in _call_impl
    return forward_call(*args, **kwargs)
  File "X:\dev\Empathic\src\empathic\models\conformer.py", line 180, in forward
    return self.head(self.forward_features(x))
                     ~~~~~~~~~~~~~~~~~~~~~^^^
  File "X:\dev\Empathic\src\empathic\models\conformer.py", line 176, in forward_features
    h = blk(h)
  File "X:\dev\Empathic\.venv\Lib\site-packages\torch\nn\modules\module.py", line 1779, in _wrapped_call_impl
    return self._call_impl(*args, **kwargs)
           ~~~~~~~~~~~~~~~^^^^^^^^^^^^^^^^^
  File "X:\dev\Empathic\.venv\Lib\site-packages\torch\nn\modules\module.py", line 1790, in _call_impl
    return forward_call(*args, **kwargs)
  File "X:\dev\Empathic\src\empathic\models\conformer.py", line 118, in forward
    x = x + 0.5 * self.ffn1(x)
                  ~~~~~~~~~^^^
  File "X:\dev\Empathic\.venv\Lib\site-packages\torch\nn\modules\module.py", line 1779, in _wrapped_call_impl
    return self._call_impl(*args, **kwargs)
           ~~~~~~~~~~~~~~~^^^^^^^^^^^^^^^^^
  File "X:\dev\Empathic\.venv\Lib\site-packages\torch\nn\modules\module.py", line 1790, in _call_impl
    return forward_call(*args, **kwargs)
  File "X:\dev\Empathic\src\empathic\models\conformer.py", line 63, in forward
    return self.net(self.norm(x))
           ~~~~~~~~^^^^^^^^^^^^^^
  File "X:\dev\Empathic\.venv\Lib\site-packages\torch\nn\modules\module.py", line 1779, in _wrapped_call_impl
    return self._call_impl(*args, **kwargs)
           ~~~~~~~~~~~~~~~^^^^^^^^^^^^^^^^^
  File "X:\dev\Empathic\.venv\Lib\site-packages\torch\nn\modules\module.py", line 1790, in _call_impl
    return forward_call(*args, **kwargs)
  File "X:\dev\Empathic\.venv\Lib\site-packages\torch\nn\modules\container.py", line 253, in forward
    input = module(input)
  File "X:\dev\Empathic\.venv\Lib\site-packages\torch\nn\modules\module.py", line 1779, in _wrapped_call_impl
    return self._call_impl(*args, **kwargs)
           ~~~~~~~~~~~~~~~^^^^^^^^^^^^^^^^^
  File "X:\dev\Empathic\.venv\Lib\site-packages\torch\nn\modules\module.py", line 1790, in _call_impl
    return forward_call(*args, **kwargs)
  File "X:\dev\Empathic\.venv\Lib\site-packages\torch\nn\modules\dropout.py", line 73, in forward
    return F.dropout(input, self.p, self.training, self.inplace)
           ~~~~~~~~~^^^^^^^^^^^^^^^^^^^^^^^^^^^^^^^^^^^^^^^^^^^^
  File "X:\dev\Empathic\.venv\Lib\site-packages\torch\nn\functional.py", line 1443, in dropout
    _VF.dropout_(input, p, training) if inplace else _VF.dropout(input, p, training)
                                                     ~~~~~~~~~~~^^^^^^^^^^^^^^^^^^^^
torch.OutOfMemoryError: CUDA out of memory. Tried to allocate 30.00 MiB. GPU 0 has a total capacity of 15.92 GiB of which 13.88 GiB is free. Of the allocated memory 714.28 MiB is allocated by PyTorch, and 45.72 MiB is reserved by PyTorch but unallocated. If reserved but unallocated memory is large try setting PYTORCH_CUDA_ALLOC_CONF=expandable_segments:True to avoid fragmentation.  See documentation for Memory Management  (https://docs.pytorch.org/docs/stable/notes/cuda.html#optimizing-memory-usage-with-pytorch-cuda-alloc-conf)
